Archive member included to satisfy reference by file (symbol)

C:\Users\aiXtrusion\STM32CubeIDE\workspace_1.19.0\new_workspace_2\Microphone\PDM\Lib\libPDMFilter_CM33_GCC_wc16.a(pdm_filter.o)
                              ./PDM2PCM/pdm2pcm.o (PDM_Filter_Init)
C:/ST/STM32CubeIDE_1.19.0/STM32CubeIDE/plugins/com.st.stm32cube.ide.mcu.externaltools.gnu-tools-for-stm32.13.3.rel1.win32_1.0.0.202411081344/tools/bin/../lib/gcc/arm-none-eabi/13.3.1/../../../../arm-none-eabi/lib/thumb/v8-m.main+fp/hard\libc_nano.a(libc_a-exit.o)
                              C:/ST/STM32CubeIDE_1.19.0/STM32CubeIDE/plugins/com.st.stm32cube.ide.mcu.externaltools.gnu-tools-for-stm32.13.3.rel1.win32_1.0.0.202411081344/tools/bin/../lib/gcc/arm-none-eabi/13.3.1/../../../../arm-none-eabi/lib/thumb/v8-m.main+fp/hard/crt0.o (exit)
C:/ST/STM32CubeIDE_1.19.0/STM32CubeIDE/plugins/com.st.stm32cube.ide.mcu.externaltools.gnu-tools-for-stm32.13.3.rel1.win32_1.0.0.202411081344/tools/bin/../lib/gcc/arm-none-eabi/13.3.1/../../../../arm-none-eabi/lib/thumb/v8-m.main+fp/hard\libc_nano.a(libc_a-findfp.o)
                              C:/ST/STM32CubeIDE_1.19.0/STM32CubeIDE/plugins/com.st.stm32cube.ide.mcu.externaltools.gnu-tools-for-stm32.13.3.rel1.win32_1.0.0.202411081344/tools/bin/../lib/gcc/arm-none-eabi/13.3.1/../../../../arm-none-eabi/lib/thumb/v8-m.main+fp/hard\libc_nano.a(libc_a-exit.o) (__stdio_exit_handler)
C:/ST/STM32CubeIDE_1.19.0/STM32CubeIDE/plugins/com.st.stm32cube.ide.mcu.externaltools.gnu-tools-for-stm32.13.3.rel1.win32_1.0.0.202411081344/tools/bin/../lib/gcc/arm-none-eabi/13.3.1/../../../../arm-none-eabi/lib/thumb/v8-m.main+fp/hard\libc_nano.a(libc_a-fwalk.o)
                              C:/ST/STM32CubeIDE_1.19.0/STM32CubeIDE/plugins/com.st.stm32cube.ide.mcu.externaltools.gnu-tools-for-stm32.13.3.rel1.win32_1.0.0.202411081344/tools/bin/../lib/gcc/arm-none-eabi/13.3.1/../../../../arm-none-eabi/lib/thumb/v8-m.main+fp/hard\libc_nano.a(libc_a-findfp.o) (_fwalk_sglue)
C:/ST/STM32CubeIDE_1.19.0/STM32CubeIDE/plugins/com.st.stm32cube.ide.mcu.externaltools.gnu-tools-for-stm32.13.3.rel1.win32_1.0.0.202411081344/tools/bin/../lib/gcc/arm-none-eabi/13.3.1/../../../../arm-none-eabi/lib/thumb/v8-m.main+fp/hard\libc_nano.a(libc_a-printf.o)
                              ./Core/Src/main.o (printf)
C:/ST/STM32CubeIDE_1.19.0/STM32CubeIDE/plugins/com.st.stm32cube.ide.mcu.externaltools.gnu-tools-for-stm32.13.3.rel1.win32_1.0.0.202411081344/tools/bin/../lib/gcc/arm-none-eabi/13.3.1/../../../../arm-none-eabi/lib/thumb/v8-m.main+fp/hard\libc_nano.a(libc_a-stdio.o)
                              C:/ST/STM32CubeIDE_1.19.0/STM32CubeIDE/plugins/com.st.stm32cube.ide.mcu.externaltools.gnu-tools-for-stm32.13.3.rel1.win32_1.0.0.202411081344/tools/bin/../lib/gcc/arm-none-eabi/13.3.1/../../../../arm-none-eabi/lib/thumb/v8-m.main+fp/hard\libc_nano.a(libc_a-findfp.o) (__sread)
C:/ST/STM32CubeIDE_1.19.0/STM32CubeIDE/plugins/com.st.stm32cube.ide.mcu.externaltools.gnu-tools-for-stm32.13.3.rel1.win32_1.0.0.202411081344/tools/bin/../lib/gcc/arm-none-eabi/13.3.1/../../../../arm-none-eabi/lib/thumb/v8-m.main+fp/hard\libc_nano.a(libc_a-memset.o)
                              C:/ST/STM32CubeIDE_1.19.0/STM32CubeIDE/plugins/com.st.stm32cube.ide.mcu.externaltools.gnu-tools-for-stm32.13.3.rel1.win32_1.0.0.202411081344/tools/bin/../lib/gcc/arm-none-eabi/13.3.1/../../../../arm-none-eabi/lib/thumb/v8-m.main+fp/hard/crt0.o (memset)
C:/ST/STM32CubeIDE_1.19.0/STM32CubeIDE/plugins/com.st.stm32cube.ide.mcu.externaltools.gnu-tools-for-stm32.13.3.rel1.win32_1.0.0.202411081344/tools/bin/../lib/gcc/arm-none-eabi/13.3.1/../../../../arm-none-eabi/lib/thumb/v8-m.main+fp/hard\libc_nano.a(libc_a-closer.o)
                              C:/ST/STM32CubeIDE_1.19.0/STM32CubeIDE/plugins/com.st.stm32cube.ide.mcu.externaltools.gnu-tools-for-stm32.13.3.rel1.win32_1.0.0.202411081344/tools/bin/../lib/gcc/arm-none-eabi/13.3.1/../../../../arm-none-eabi/lib/thumb/v8-m.main+fp/hard\libc_nano.a(libc_a-stdio.o) (_close_r)
C:/ST/STM32CubeIDE_1.19.0/STM32CubeIDE/plugins/com.st.stm32cube.ide.mcu.externaltools.gnu-tools-for-stm32.13.3.rel1.win32_1.0.0.202411081344/tools/bin/../lib/gcc/arm-none-eabi/13.3.1/../../../../arm-none-eabi/lib/thumb/v8-m.main+fp/hard\libc_nano.a(libc_a-reent.o)
                              C:/ST/STM32CubeIDE_1.19.0/STM32CubeIDE/plugins/com.st.stm32cube.ide.mcu.externaltools.gnu-tools-for-stm32.13.3.rel1.win32_1.0.0.202411081344/tools/bin/../lib/gcc/arm-none-eabi/13.3.1/../../../../arm-none-eabi/lib/thumb/v8-m.main+fp/hard\libc_nano.a(libc_a-closer.o) (errno)
C:/ST/STM32CubeIDE_1.19.0/STM32CubeIDE/plugins/com.st.stm32cube.ide.mcu.externaltools.gnu-tools-for-stm32.13.3.rel1.win32_1.0.0.202411081344/tools/bin/../lib/gcc/arm-none-eabi/13.3.1/../../../../arm-none-eabi/lib/thumb/v8-m.main+fp/hard\libc_nano.a(libc_a-impure.o)
[...]
Memory Configuration

Name             Origin             Length             Attributes
RAM              0x20000000         0x000a0000         xrw
FLASH            0x08000000         0x00200000         xr
*default*        0x00000000         0xffffffff

Linker script and memory map

LOAD C:/ST/STM32CubeIDE_1.19.0/STM32CubeIDE/plugins/com.st.stm32cube.ide.mcu.externaltools.gnu-tools-for-stm32.13.3.rel1.win32_1.0.0.202411081344/tools/bin/../lib/gcc/arm-none-eabi/13.3.1/thumb/v8-m.main+fp/hard/crti.o
LOAD C:/ST/STM32CubeIDE_1.19.0/STM32CubeIDE/plugins/com.st.stm32cube.ide.mcu.externaltools.gnu-tools-for-stm32.13.3.rel1.win32_1.0.0.202411081344/tools/bin/../lib/gcc/arm-none-eabi/13.3.1/thumb/v8-m.main+fp/hard/crtbegin.o
LOAD C:/ST/STM32CubeIDE_1.19.0/STM32CubeIDE/plugins/com.st.stm32cube.ide.mcu.externaltools.gnu-tools-for-stm32.13.3.rel1.win32_1.0.0.202411081344/tools/bin/../lib/gcc/arm-none-eabi/13.3.1/../../../../arm-none-eabi/lib/thumb/v8-m.main+fp/hard/crt0.o
LOAD ./Core/Src/main.o
LOAD ./Core/Src/stm32h5xx_hal_msp.o
LOAD ./Core/Src/stm32h5xx_it.o
LOAD ./Core/Src/syscalls.o
LOAD ./Core/Src/sysmem.o
LOAD ./Core/Src/system_stm32h5xx.o
LOAD ./Core/Startup/startup_stm32h573iikxq.o
LOAD ./Drivers/STM32H5xx_HAL_Driver/Src/stm32h5xx_hal.o
LOAD ./Drivers/STM32H5xx_HAL_Driver/Src/stm32h5xx_hal_cortex.o
LOAD ./Drivers/STM32H5xx_HAL_Driver/Src/stm32h5xx_hal_dma.o
LOAD ./Drivers/STM32H5xx_HAL_Driver/Src/stm32h5xx_hal_dma_ex.o
LOAD ./Drivers/STM32H5xx_HAL_Driver/Src/stm32h5xx_hal_exti.o
LOAD ./Drivers/STM32H5xx_HAL_Driver/Src/stm32h5xx_hal_flash.o
LOAD ./Drivers/STM32H5xx_HAL_Driver/Src/stm32h5xx_hal_flash_ex.o
LOAD ./Drivers/STM32H5xx_HAL_Driver/Src/stm32h5xx_hal_gpio.o
LOAD ./Drivers/STM32H5xx_HAL_Driver/Src/stm32h5xx_hal_icache.o
LOAD ./Drivers/STM32H5xx_HAL_Driver/Src/stm32h5xx_hal_pwr.o
LOAD ./Drivers/STM32H5xx_HAL_Driver/Src/stm32h5xx_hal_pwr_ex.o
LOAD ./Drivers/STM32H5xx_HAL_Driver/Src/stm32h5xx_hal_rcc.o
LOAD ./Drivers/STM32H5xx_HAL_Driver/Src/stm32h5xx_hal_rcc_ex.o
LOAD ./Drivers/STM32H5xx_HAL_Driver/Src/stm32h5xx_hal_sai.o
LOAD ./Drivers/STM32H5xx_HAL_Driver/Src/stm32h5xx_hal_sai_ex.o
LOAD ./Drivers/STM32H5xx_HAL_Driver/Src/stm32h5xx_hal_uart.o
LOAD ./Drivers/STM32H5xx_HAL_Driver/Src/stm32h5xx_hal_uart_ex.o
LOAD ./PDM2PCM/pdm2pcm.o
LOAD C:\Users\aiXtrusion\STM32CubeIDE\workspace_1.19.0\new_workspace_2\Microphone\PDM\Lib\libPDMFilter_CM33_GCC_wc16.a
LOAD C:\Users\aiXtrusion\STM32CubeIDE\workspace_1.19.0\new_workspace_2\Microphone\PDM\Lib\libPDMFilter_CM33_GCC_wc32.a
LOAD C:\Users\aiXtrusion\STM32CubeIDE\workspace_1.19.0\new_workspace_2\Microphone\PDM\Lib\libPDMFilter_CM33_GCC_wc16_softfp.a
LOAD C:\Users\aiXtrusion\STM32CubeIDE\workspace_1.19.0\new_workspace_2\Microphone\PDM\Lib\libPDMFilter_CM33_GCC_wc32_softfp.a
LOAD C:\Users\aiXtrusion\STM32CubeIDE\workspace_1.19.0\new_workspace_2\Microphone\PDM\Lib\libPDMFilter_CM33_IAR_wc32.a
LOAD C:\Users\aiXtrusion\STM32CubeIDE\workspace_1.19.0\new_workspace_2\Microphone\PDM\Lib\libPDMFilter_CM33_keil_wc16.lib
START GROUP
LOAD C:/ST/STM32CubeIDE_1.19.0/STM32CubeIDE/plugins/com.st.stm32cube.ide.mcu.externaltools.gnu-tools-for-stm32.13.3.rel1.win32_1.0.0.202411081344/tools/bin/../lib/gcc/arm-none-eabi/13.3.1/../../../../arm-none-eabi/lib/thumb/v8-m.main+fp/hard\libc_nano.a
LOAD C:/ST/STM32CubeIDE_1.19.0/STM32CubeIDE/plugins/com.st.stm32cube.ide.mcu.externaltools.gnu-tools-for-stm32.13.3.rel1.win32_1.0.0.202411081344/tools/bin/../lib/gcc/arm-none-eabi/13.3.1/../../../../arm-none-eabi/lib/thumb/v8-m.main+fp/hard\libm.a
END GROUP
START GROUP
LOAD C:/ST/STM32CubeIDE_1.19.0/STM32CubeIDE/plugins/com.st.stm32cube.ide.mcu.externaltools.gnu-tools-for-stm32.13.3.rel1.win32_1.0.0.202411081344/tools/bin/../lib/gcc/arm-none-eabi/13.3.1/thumb/v8-m.main+fp/hard\libgcc.a
LOAD C:/ST/STM32CubeIDE_1.19.0/STM32CubeIDE/plugins/com.st.stm32cube.ide.mcu.externaltools.gnu-tools-for-stm32.13.3.rel1.win32_1.0.0.202411081344/tools/bin/../lib/gcc/arm-none-eabi/13.3.1/../../../../arm-none-eabi/lib/thumb/v8-m.main+fp/hard\libc_nano.a
END GROUP
START GROUP
LOAD C:/ST/STM32CubeIDE_1.19.0/STM32CubeIDE/plugins/com.st.stm32cube.ide.mcu.externaltools.gnu-tools-for-stm32.13.3.rel1.win32_1.0.0.202411081344/tools/bin/../lib/gcc/arm-none-eabi/13.3.1/thumb/v8-m.main+fp/hard\libgcc.a
LOAD C:/ST/STM32CubeIDE_1.19.0/STM32CubeIDE/plugins/com.st.stm32cube.ide.mcu.externaltools.gnu-tools-for-stm32.13.3.rel1.win32_1.0.0.202411081344/tools/bin/../lib/gcc/arm-none-eabi/13.3.1/../../../../arm-none-eabi/lib/thumb/v8-m.main+fp/hard\libc_nano.a
LOAD C:/ST/STM32CubeIDE_1.19.0/STM32CubeIDE/plugins/com.st.stm32cube.ide.mcu.externaltools.gnu-tools-for-stm32.13.3.rel1.win32_1.0.0.202411081344/tools/bin/../lib/gcc/arm-none-eabi/13.3.1/../../../../arm-none-eabi/lib/thumb/v8-m.main+fp/hard\libnosys.a
END GROUP
START GROUP
LOAD C:/ST/STM32CubeIDE_1.19.0/STM32CubeIDE/plugins/com.st.stm32cube.ide.mcu.externaltools.gnu-tools-for-stm32.13.3.rel1.win32_1.0.0.202411081344/tools/bin/../lib/gcc/arm-none-eabi/13.3.1/thumb/v8-m.main+fp/hard\libgcc.a
LOAD C:/ST/STM32CubeIDE_1.19.0/STM32CubeIDE/plugins/com.st.stm32cube.ide.mcu.externaltools.gnu-tools-for-stm32.13.3.rel1.win32_1.0.0.202411081344/tools/bin/../lib/gcc/arm-none-eabi/13.3.1/../../../../arm-none-eabi/lib/thumb/v8-m.main+fp/hard\libc_nano.a
LOAD C:/ST/STM32CubeIDE_1.19.0/STM32CubeIDE/plugins/com.st.stm32cube.ide.mcu.externaltools.gnu-tools-for-stm32.13.3.rel1.win32_1.0.0.202411081344/tools/bin/../lib/gcc/arm-none-eabi/13.3.1/../../../../arm-none-eabi/lib/thumb/v8-m.main+fp/hard\libnosys.a
END GROUP
LOAD C:/ST/STM32CubeIDE_1.19.0/STM32CubeIDE/plugins/com.st.stm32cube.ide.mcu.externaltools.gnu-tools-for-stm32.13.3.rel1.win32_1.0.0.202411081344/tools/bin/../lib/gcc/arm-none-eabi/13.3.1/thumb/v8-m.main+fp/hard/crtend.o
LOAD C:/ST/STM32CubeIDE_1.19.0/STM32CubeIDE/plugins/com.st.stm32cube.ide.mcu.externaltools.gnu-tools-for-stm32.13.3.rel1.win32_1.0.0.202411081344/tools/bin/../lib/gcc/arm-none-eabi/13.3.1/thumb/v8-m.main+fp/hard/crtn.o
                0x200a0000                        _estack = (ORIGIN (RAM) + LENGTH (RAM))
                0x00000200                        _Min_Heap_Size = 0x200
                0x00000400                        _Min_Stack_Size = 0x400

.isr_vector     0x08000000      0x24c
                0x08000000                        . = ALIGN (0x4)
 *(.isr_vector)
 .isr_vector    0x08000000      0x24c ./Core/Startup/startup_stm32h573iikxq.o
                0x08000000                g_pfnVectors
                0x0800024c                        . = ALIGN (0x4)

.text           0x0800024c     0xba60
                0x0800024c                        . = ALIGN (0x4)
 *(.text)
 .text          0x0800024c       0x40 C:/ST/STM32CubeIDE_1.19.0/STM32CubeIDE/plugins/com.st.stm32cube.ide.mcu.externaltools.gnu-tools-for-stm32.13.3.rel1.win32_1.0.0.202411081344/tools/bin/../lib/gcc/arm-none-eabi/13.3.1/thumb/v8-m.main+fp/hard/crtbegin.o
 .text          0x0800028c       0x30 C:/ST/STM32CubeIDE_1.19.0/STM32CubeIDE/plugins/com.st.stm32cube.ide.mcu.externaltools.gnu-tools-for-stm32.13.3.rel1.win32_1.0.0.202411081344/tools/bin/../lib/gcc/arm-none-eabi/13.3.1/thumb/v8-m.main+fp/hard\libgcc.a(_aeabi_uldivmod.o)
                0x0800028c                __aeabi_uldivmod
 .text          0x080002bc      0x348 C:/ST/STM32CubeIDE_1.19.0/STM32CubeIDE/plugins/com.st.stm32cube.ide.mcu.externaltools.gnu-tools-for-stm32.13.3.rel1.win32_1.0.0.202411081344/tools/bin/../lib/gcc/arm-none-eabi/13.3.1/thumb/v8-m.main+fp/hard\libgcc.a(_udivmoddi4.o)
                0x080002bc                __udivmoddi4
 .text          0x08000604        0x4 C:/ST/STM32CubeIDE_1.19.0/STM32CubeIDE/plugins/com.st.stm32cube.ide.mcu.externaltools.gnu-tools-for-stm32.13.3.rel1.win32_1.0.0.202411081344/tools/bin/../lib/gcc/arm-none-eabi/13.3.1/thumb/v8-m.main+fp/hard\libgcc.a(_dvmd_tls.o)
                0x08000604                __aeabi_idiv0
                0x08000604                __aeabi_ldiv0
 *(.text*)
 .text.__io_putchar
                0x08000608       0x24 ./Core/Src/main.o
                0x08000608                __io_putchar
 .text.main     0x0800062c       0x6c ./Core/Src/main.o
                0x0800062c                main
 .text.SystemClock_Config
                0x08000698       0xc4 ./Core/Src/main.o
                0x08000698                SystemClock_Config
 .text.MX_ICACHE_Init
                0x0800075c       0x16 ./Core/Src/main.o
 *fill*         0x08000772        0x2 
 .text.MX_SAI1_Init
                0x08000774       0xc4 ./Core/Src/main.o
 .text.MX_USART1_UART_Init
                0x08000838       0x98 ./Core/Src/main.o
 .text.MX_GPIO_Init
                0x080008d0       0x70 ./Core/Src/main.o
 .text.Error_Handler
                0x08000940        0xc ./Core/Src/main.o
                0x08000940                Error_Handler
 .text.HAL_MspInit
                0x0800094c        0xe ./Core/Src/stm32h5xx_hal_msp.o
                0x0800094c                HAL_MspInit
 *fill*         0x0800095a        0x2 
 .text.HAL_UART_MspInit
                0x0800095c      0x11c ./Core/Src/stm32h5xx_hal_msp.o
                0x0800095c                HAL_UART_MspInit
 .text.HAL_SAI_MspInit
                0x08000a78      0x174 ./Core/Src/stm32h5xx_hal_msp.o
                0x08000a78                HAL_SAI_MspInit
 .text.NMI_Handler
                0x08000bec        0x8 ./Core/Src/stm32h5xx_it.o
                0x08000bec                NMI_Handler
 .text.HardFault_Handler
                0x08000bf4        0x8 ./Core/Src/stm32h5xx_it.o
                0x08000bf4                HardFault_Handler
 .text.MemManage_Handler
                0x08000bfc        0x8 ./Core/Src/stm32h5xx_it.o
                0x08000bfc                MemManage_Handler
 .text.BusFault_Handler
                0x08000c04        0x8 ./Core/Src/stm32h5xx_it.o
                0x08000c04                BusFault_Handler
 .text.UsageFault_Handler
                0x08000c0c        0x8 ./Core/Src/stm32h5xx_it.o
                0x08000c0c                UsageFault_Handler
 .text.SVC_Handler
                0x08000c14        0xe ./Core/Src/stm32h5xx_it.o
                0x08000c14                SVC_Handler
 .text.DebugMon_Handler
                0x08000c22        0xe ./Core/Src/stm32h5xx_it.o
                0x08000c22                DebugMon_Handler
 .text.PendSV_Handler
                0x08000c30        0xe ./Core/Src/stm32h5xx_it.o
                0x08000c30                PendSV_Handler
 .text.SysTick_Handler
                0x08000c3e        0xc ./Core/Src/stm32h5xx_it.o
                0x08000c3e                SysTick_Handler
 .text._read    0x08000c4a       0x3a ./Core/Src/syscalls.o
                0x08000c4a                _read
 .text._write   0x08000c84       0x38 ./Core/Src/syscalls.o
                0x08000c84                _write
 .text._close   0x08000cbc       0x18 ./Core/Src/syscalls.o
                0x08000cbc                _close
 .text._fstat   0x08000cd4       0x20 ./Core/Src/syscalls.o
                0x08000cd4                _fstat
 .text._isatty  0x08000cf4       0x16 ./Core/Src/syscalls.o
                0x08000cf4                _isatty
 .text._lseek   0x08000d0a       0x1a ./Core/Src/syscalls.o
                0x08000d0a                _lseek
 .text._sbrk    0x08000d24       0x6c ./Core/Src/sysmem.o
                0x08000d24                _sbrk
 .text.SystemInit
                0x08000d90       0xf8 ./Core/Src/system_stm32h5xx.o
                0x08000d90                SystemInit
 .text.Reset_Handler
                0x08000e88       0x50 ./Core/Startup/startup_stm32h573iikxq.o
                0x08000e88                Reset_Handler
 .text.Default_Handler
                0x08000ed8        0x2 ./Core/Startup/startup_stm32h573iikxq.o
                0x08000ed8                EXTI2_IRQHandler
                0x08000ed8                TIM8_TRG_COM_IRQHandler
                0x08000ed8                TIM8_CC_IRQHandler
                0x08000ed8                EXTI5_IRQHandler
                0x08000ed8                I3C1_ER_IRQHandler
                0x08000ed8                UART8_IRQHandler
                0x08000ed8                SPI4_IRQHandler
                0x08000ed8                GPDMA2_Channel1_IRQHandler
                0x08000ed8                FLASH_S_IRQHandler
                0x08000ed8                EXTI13_IRQHandler
                0x08000ed8                TIM1_CC_IRQHandler
                0x08000ed8                GPDMA2_Channel3_IRQHandler
                0x08000ed8                TAMP_IRQHandler
                0x08000ed8                TIM6_IRQHandler
                0x08000ed8                EXTI12_IRQHandler
                0x08000ed8                CORDIC_IRQHandler
                0x08000ed8                USB_DRD_FS_IRQHandler
                0x08000ed8                EXTI3_IRQHandler
                0x08000ed8                LPTIM4_IRQHandler
                0x08000ed8                GPDMA1_Channel5_IRQHandler
                0x08000ed8                EXTI8_IRQHandler
                0x08000ed8                GPDMA2_Channel5_IRQHandler
                0x08000ed8                LPTIM2_IRQHandler
                0x08000ed8                I2C3_ER_IRQHandler
                0x08000ed8                GPDMA2_Channel2_IRQHandler
                0x08000ed8                USART10_IRQHandler
                0x08000ed8                LPTIM3_IRQHandler
                0x08000ed8                EXTI0_IRQHandler
                0x08000ed8                I2C2_EV_IRQHandler
                0x08000ed8                FPU_IRQHandler
                0x08000ed8                GPDMA1_Channel3_IRQHandler
                0x08000ed8                GPDMA1_Channel7_IRQHandler
                0x08000ed8                FDCAN1_IT1_IRQHandler
                0x08000ed8                RAMCFG_IRQHandler
                0x08000ed8                DCACHE1_IRQHandler
                0x08000ed8                SPI1_IRQHandler
                0x08000ed8                OCTOSPI1_IRQHandler
                0x08000ed8                GPDMA1_Channel2_IRQHandler
                0x08000ed8                TIM8_UP_IRQHandler
                0x08000ed8                RCC_S_IRQHandler
                0x08000ed8                SAI2_IRQHandler
                0x08000ed8                ADC1_IRQHandler
                0x08000ed8                PKA_IRQHandler
                0x08000ed8                USART6_IRQHandler
                0x08000ed8                EXTI15_IRQHandler
                0x08000ed8                TIM17_IRQHandler
                0x08000ed8                USART3_IRQHandler
                0x08000ed8                RTC_IRQHandler
                0x08000ed8                EXTI9_IRQHandler
                0x08000ed8                LPTIM5_IRQHandler
                0x08000ed8                UART5_IRQHandler
                0x08000ed8                TIM4_IRQHandler
                0x08000ed8                I2C1_EV_IRQHandler
                0x08000ed8                GPDMA1_Channel1_IRQHandler
                0x08000ed8                TIM16_IRQHandler
                0x08000ed8                UART4_IRQHandler
                0x08000ed8                SecureFault_Handler
                0x08000ed8                TIM3_IRQHandler
                0x08000ed8                RCC_IRQHandler
                0x08000ed8                UART9_IRQHandler
                0x08000ed8                TIM1_TRG_COM_IRQHandler
                0x08000ed8                Default_Handler
                0x08000ed8                FMAC_IRQHandler
                0x08000ed8                CEC_IRQHandler
                0x08000ed8                USART11_IRQHandler
                0x08000ed8                TIM14_IRQHandler
                0x08000ed8                TIM13_IRQHandler
                0x08000ed8                OTFDEC1_IRQHandler
                0x08000ed8                GPDMA2_Channel4_IRQHandler
                0x08000ed8                SPI5_IRQHandler
                0x08000ed8                TIM12_IRQHandler
                0x08000ed8                TIM7_IRQHandler
                0x08000ed8                SDMMC1_IRQHandler
                0x08000ed8                SAES_IRQHandler
                0x08000ed8                TIM5_IRQHandler
                0x08000ed8                UCPD1_IRQHandler
                0x08000ed8                GPDMA1_Channel0_IRQHandler
                0x08000ed8                I3C1_EV_IRQHandler
                0x08000ed8                TIM15_IRQHandler
                0x08000ed8                PVD_AVD_IRQHandler
                0x08000ed8                I2C3_EV_IRQHandler
                0x08000ed8                ETH_WKUP_IRQHandler
                0x08000ed8                ADC2_IRQHandler
                0x08000ed8                SPI2_IRQHandler
                0x08000ed8                EXTI14_IRQHandler
                0x08000ed8                EXTI11_IRQHandler
                0x08000ed8                CRS_IRQHandler
                0x08000ed8                EXTI4_IRQHandler
                0x08000ed8                GPDMA2_Channel0_IRQHandler
                0x08000ed8                RTC_S_IRQHandler
                0x08000ed8                RNG_IRQHandler
                0x08000ed8                FDCAN2_IT1_IRQHandler
                0x08000ed8                ETH_IRQHandler
                0x08000ed8                GPDMA2_Channel6_IRQHandler
                0x08000ed8                TIM1_UP_IRQHandler
                0x08000ed8                UART12_IRQHandler
                0x08000ed8                WWDG_IRQHandler
                0x08000ed8                SPI6_IRQHandler
                0x08000ed8                I2C4_EV_IRQHandler
                0x08000ed8                FDCAN2_IT0_IRQHandler
                0x08000ed8                IWDG_IRQHandler
                0x08000ed8                LPUART1_IRQHandler
                0x08000ed8                FDCAN1_IT0_IRQHandler
                0x08000ed8                TIM2_IRQHandler
                0x08000ed8                GPDMA1_Channel4_IRQHandler
                0x08000ed8                EXTI7_IRQHandler
                0x08000ed8                TIM1_BRK_IRQHandler
                0x08000ed8                EXTI1_IRQHandler
                0x08000ed8                SDMMC2_IRQHandler
                0x08000ed8                AES_IRQHandler
                0x08000ed8                LPTIM6_IRQHandler
                0x08000ed8                DAC1_IRQHandler
                0x08000ed8                DTS_IRQHandler
                0x08000ed8                UART7_IRQHandler
                0x08000ed8                GTZC_IRQHandler
                0x08000ed8                USART2_IRQHandler
                0x08000ed8                GPDMA1_Channel6_IRQHandler
                0x08000ed8                GPDMA2_Channel7_IRQHandler
                0x08000ed8                I2C2_ER_IRQHandler
                0x08000ed8                TIM8_BRK_IRQHandler
                0x08000ed8                FLASH_IRQHandler
                0x08000ed8                USART1_IRQHandler
                0x08000ed8                EXTI10_IRQHandler
                0x08000ed8                SPI3_IRQHandler
                0x08000ed8                I2C1_ER_IRQHandler
                0x08000ed8                FMC_IRQHandler
                0x08000ed8                EXTI6_IRQHandler
                0x08000ed8                LPTIM1_IRQHandler
                0x08000ed8                DCMI_PSSI_IRQHandler
                0x08000ed8                I2C4_ER_IRQHandler
                0x08000ed8                ICACHE_IRQHandler
                0x08000ed8                SAI1_IRQHandler
                0x08000ed8                HASH_IRQHandler
 *fill*         0x08000eda        0x2 
 .text.HAL_Init
                0x08000edc       0x50 ./Drivers/STM32H5xx_HAL_Driver/Src/stm32h5xx_hal.o
                0x08000edc                HAL_Init
 .text.HAL_InitTick
                0x08000f2c       0xec ./Drivers/STM32H5xx_HAL_Driver/Src/stm32h5xx_hal.o
                0x08000f2c                HAL_InitTick
 .text.HAL_IncTick
                0x08001018       0x28 ./Drivers/STM32H5xx_HAL_Driver/Src/stm32h5xx_hal.o
                0x08001018                HAL_IncTick
 .text.HAL_GetTick
                0x08001040       0x18 ./Drivers/STM32H5xx_HAL_Driver/Src/stm32h5xx_hal.o
                0x08001040                HAL_GetTick
 .text.HAL_Delay
                0x08001058       0x48 ./Drivers/STM32H5xx_HAL_Driver/Src/stm32h5xx_hal.o
                0x08001058                HAL_Delay
 .text.__NVIC_SetPriorityGrouping
                0x080010a0       0x48 ./Drivers/STM32H5xx_HAL_Driver/Src/stm32h5xx_hal_cortex.o
 .text.__NVIC_GetPriorityGrouping
                0x080010e8       0x1c ./Drivers/STM32H5xx_HAL_Driver/Src/stm32h5xx_hal_cortex.o
 .text.__NVIC_SetPriority
                0x08001104       0x54 ./Drivers/STM32H5xx_HAL_Driver/Src/stm32h5xx_hal_cortex.o
 .text.NVIC_EncodePriority
                0x08001158       0x66 ./Drivers/STM32H5xx_HAL_Driver/Src/stm32h5xx_hal_cortex.o
 .text.HAL_NVIC_SetPriorityGrouping
                0x080011be       0x16 ./Drivers/STM32H5xx_HAL_Driver/Src/stm32h5xx_hal_cortex.o
                0x080011be                HAL_NVIC_SetPriorityGrouping
 .text.HAL_NVIC_SetPriority
                0x080011d4       0x34 ./Drivers/STM32H5xx_HAL_Driver/Src/stm32h5xx_hal_cortex.o
                0x080011d4                HAL_NVIC_SetPriority
 .text.HAL_SYSTICK_Config
                0x08001208       0x44 ./Drivers/STM32H5xx_HAL_Driver/Src/stm32h5xx_hal_cortex.o
                0x08001208                HAL_SYSTICK_Config
 .text.HAL_SYSTICK_CLKSourceConfig
                0x0800124c       0xb0 ./Drivers/STM32H5xx_HAL_Driver/Src/stm32h5xx_hal_cortex.o
                0x0800124c                HAL_SYSTICK_CLKSourceConfig
 .text.HAL_SYSTICK_GetCLKSourceConfig
                0x080012fc       0x6c ./Drivers/STM32H5xx_HAL_Driver/Src/stm32h5xx_hal_cortex.o
                0x080012fc                HAL_SYSTICK_GetCLKSourceConfig
 .text.HAL_GPIO_Init
                0x08001368      0x2bc ./Drivers/STM32H5xx_HAL_Driver/Src/stm32h5xx_hal_gpio.o
                0x08001368                HAL_GPIO_Init
 .text.HAL_ICACHE_Enable
                0x08001624       0x20 ./Drivers/STM32H5xx_HAL_Driver/Src/stm32h5xx_hal_icache.o
                0x08001624                HAL_ICACHE_Enable
 .text.HAL_RCC_OscConfig
                0x08001644      0x870 ./Drivers/STM32H5xx_HAL_Driver/Src/stm32h5xx_hal_rcc.o
                0x08001644                HAL_RCC_OscConfig
 .text.HAL_RCC_ClockConfig
                0x08001eb4      0x370 ./Drivers/STM32H5xx_HAL_Driver/Src/stm32h5xx_hal_rcc.o
                0x08001eb4                HAL_RCC_ClockConfig
 .text.HAL_RCC_GetSysClockFreq
                0x08002224      0x258 ./Drivers/STM32H5xx_HAL_Driver/Src/stm32h5xx_hal_rcc.o
                0x08002224                HAL_RCC_GetSysClockFreq
 .text.HAL_RCC_GetHCLKFreq
                0x0800247c       0x38 ./Drivers/STM32H5xx_HAL_Driver/Src/stm32h5xx_hal_rcc.o
                0x0800247c                HAL_RCC_GetHCLKFreq
 .text.HAL_RCC_GetPCLK1Freq
                0x080024b4       0x2c ./Drivers/STM32H5xx_HAL_Driver/Src/stm32h5xx_hal_rcc.o
                0x080024b4                HAL_RCC_GetPCLK1Freq
 .text.HAL_RCC_GetPCLK2Freq
                0x080024e0       0x2c ./Drivers/STM32H5xx_HAL_Driver/Src/stm32h5xx_hal_rcc.o
                0x080024e0                HAL_RCC_GetPCLK2Freq
 .text.HAL_RCC_GetPCLK3Freq
                0x0800250c       0x2c ./Drivers/STM32H5xx_HAL_Driver/Src/stm32h5xx_hal_rcc.o
                0x0800250c                HAL_RCC_GetPCLK3Freq
 .text.HAL_RCCEx_PeriphCLKConfig
                0x08002538     0x1f14 ./Drivers/STM32H5xx_HAL_Driver/Src/stm32h5xx_hal_rcc_ex.o
                0x08002538                HAL_RCCEx_PeriphCLKConfig
 .text.HAL_RCCEx_GetPLL1ClockFreq
                0x0800444c      0x2d8 ./Drivers/STM32H5xx_HAL_Driver/Src/stm32h5xx_hal_rcc_ex.o
                0x0800444c                HAL_RCCEx_GetPLL1ClockFreq
 .text.HAL_RCCEx_GetPLL2ClockFreq
                0x08004724      0x2d8 ./Drivers/STM32H5xx_HAL_Driver/Src/stm32h5xx_hal_rcc_ex.o
                0x08004724                HAL_RCCEx_GetPLL2ClockFreq
 .text.HAL_RCCEx_GetPLL3ClockFreq
                0x080049fc      0x2d8 ./Drivers/STM32H5xx_HAL_Driver/Src/stm32h5xx_hal_rcc_ex.o
                0x080049fc                HAL_RCCEx_GetPLL3ClockFreq
 .text.HAL_RCCEx_GetPeriphCLKFreq
                0x08004cd4     0x26b4 ./Drivers/STM32H5xx_HAL_Driver/Src/stm32h5xx_hal_rcc_ex.o
                0x08004cd4                HAL_RCCEx_GetPeriphCLKFreq
 .text.RCCEx_PLL2_Config
                0x08007388      0x130 ./Drivers/STM32H5xx_HAL_Driver/Src/stm32h5xx_hal_rcc_ex.o
 .text.RCCEx_PLL3_Config
                0x080074b8      0x130 ./Drivers/STM32H5xx_HAL_Driver/Src/stm32h5xx_hal_rcc_ex.o
 .text.HAL_SAI_Init
                0x080075e8      0x3e8 ./Drivers/STM32H5xx_HAL_Driver/Src/stm32h5xx_hal_sai.o
                0x080075e8                HAL_SAI_Init
 .text.HAL_SAI_Receive
                0x080079d0      0x202 ./Drivers/STM32H5xx_HAL_Driver/Src/stm32h5xx_hal_sai.o
                0x080079d0                HAL_SAI_Receive
 *fill*         0x08007bd2        0x2 
 .text.SAI_Disable
                0x08007bd4       0x74 ./Drivers/STM32H5xx_HAL_Driver/Src/stm32h5xx_hal_sai.o
 .text.HAL_UART_Init
                0x08007c48       0xa0 ./Drivers/STM32H5xx_HAL_Driver/Src/stm32h5xx_hal_uart.o
                0x08007c48                HAL_UART_Init
 .text.HAL_UART_Transmit
                0x08007ce8      0x13c ./Drivers/STM32H5xx_HAL_Driver/Src/stm32h5xx_hal_uart.o
                0x08007ce8                HAL_UART_Transmit
 .text.UART_SetConfig
                0x08007e24      0x3dc ./Drivers/STM32H5xx_HAL_Driver/Src/stm32h5xx_hal_uart.o
                0x08007e24                UART_SetConfig
 .text.UART_AdvFeatureConfig
                0x08008200      0x144 ./Drivers/STM32H5xx_HAL_Driver/Src/stm32h5xx_hal_uart.o
                0x08008200                UART_AdvFeatureConfig
 .text.UART_CheckIdleState
                0x08008344      0x154 ./Drivers/STM32H5xx_HAL_Driver/Src/stm32h5xx_hal_uart.o
                0x08008344                UART_CheckIdleState
 .text.UART_WaitOnFlagUntilTimeout
                0x08008498       0xda ./Drivers/STM32H5xx_HAL_Driver/Src/stm32h5xx_hal_uart.o
                0x08008498                UART_WaitOnFlagUntilTimeout
 .text.UART_EndRxTransfer
                0x08008572       0xcc ./Drivers/STM32H5xx_HAL_Driver/Src/stm32h5xx_hal_uart.o
 .text.HAL_UARTEx_DisableFifoMode
                0x0800863e       0x72 ./Drivers/STM32H5xx_HAL_Driver/Src/stm32h5xx_hal_uart_ex.o
                0x0800863e                HAL_UARTEx_DisableFifoMode
 .text.HAL_UARTEx_SetTxFifoThreshold
                0x080086b0       0x7c ./Drivers/STM32H5xx_HAL_Driver/Src/stm32h5xx_hal_uart_ex.o
                0x080086b0                HAL_UARTEx_SetTxFifoThreshold
 .text.HAL_UARTEx_SetRxFifoThreshold
                0x0800872c       0x7c ./Drivers/STM32H5xx_HAL_Driver/Src/stm32h5xx_hal_uart_ex.o
                0x0800872c                HAL_UARTEx_SetRxFifoThreshold
 .text.UARTEx_SetNbDataToProcess
                0x080087a8       0x9c ./Drivers/STM32H5xx_HAL_Driver/Src/stm32h5xx_hal_uart_ex.o
 .text.MX_PDM2PCM_Init
                0x08008844       0x54 ./PDM2PCM/pdm2pcm.o
                0x08008844                MX_PDM2PCM_Init
 .text.D16_GENERIC
                0x08008898      0x120 C:\Users\aiXtrusion\STM32CubeIDE\workspace_1.19.0\new_workspace_2\Microphone\PDM\Lib\libPDMFilter_CM33_GCC_wc16.a(pdm_filter.o)
 .text.D24_GENERIC
                0x080089b8      0x184 C:\Users\aiXtrusion\STM32CubeIDE\workspace_1.19.0\new_workspace_2\Microphone\PDM\Lib\libPDMFilter_CM33_GCC_wc16.a(pdm_filter.o)
 .text.D32_GENERIC
                0x08008b3c      0x17c C:\Users\aiXtrusion\STM32CubeIDE\workspace_1.19.0\new_workspace_2\Microphone\PDM\Lib\libPDMFilter_CM33_GCC_wc16.a(pdm_filter.o)
 .text.D48_GENERIC
                0x08008cb8      0x1d8 C:\Users\aiXtrusion\STM32CubeIDE\workspace_1.19.0\new_workspace_2\Microphone\PDM\Lib\libPDMFilter_CM33_GCC_wc16.a(pdm_filter.o)
 .text.D64_GENERIC
                0x08008e90      0x220 C:\Users\aiXtrusion\STM32CubeIDE\workspace_1.19.0\new_workspace_2\Microphone\PDM\Lib\libPDMFilter_CM33_GCC_wc16.a(pdm_filter.o)
 .text.D80_GENERIC
                0x080090b0      0x294 C:\Users\aiXtrusion\STM32CubeIDE\workspace_1.19.0\new_workspace_2\Microphone\PDM\Lib\libPDMFilter_CM33_GCC_wc16.a(pdm_filter.o)
 .text.D128_GENERIC
                0x08009344      0x3e8 C:\Users\aiXtrusion\STM32CubeIDE\workspace_1.19.0\new_workspace_2\Microphone\PDM\Lib\libPDMFilter_CM33_GCC_wc16.a(pdm_filter.o)
 .text.D16_1CH_HTONS_VOL_HP
                0x0800972c       0xe8 C:\Users\aiXtrusion\STM32CubeIDE\workspace_1.19.0\new_workspace_2\Microphone\PDM\Lib\libPDMFilter_CM33_GCC_wc16.a(pdm_filter.o)
 .text.D24_1CH_HTONS_VOL_HP
                0x08009814      0x134 C:\Users\aiXtrusion\STM32CubeIDE\workspace_1.19.0\new_workspace_2\Microphone\PDM\Lib\libPDMFilter_CM33_GCC_wc16.a(pdm_filter.o)
 .text.D32_1CH_HTONS_VOL_HP
                0x08009948      0x118 C:\Users\aiXtrusion\STM32CubeIDE\workspace_1.19.0\new_workspace_2\Microphone\PDM\Lib\libPDMFilter_CM33_GCC_wc16.a(pdm_filter.o)
 .text.D48_1CH_HTONS_VOL_HP
                0x08009a60      0x16c C:\Users\aiXtrusion\STM32CubeIDE\workspace_1.19.0\new_workspace_2\Microphone\PDM\Lib\libPDMFilter_CM33_GCC_wc16.a(pdm_filter.o)
 .text.D64_1CH_HTONS_VOL_HP
                0x08009bcc      0x1a4 C:\Users\aiXtrusion\STM32CubeIDE\workspace_1.19.0\new_workspace_2\Microphone\PDM\Lib\libPDMFilter_CM33_GCC_wc16.a(pdm_filter.o)
 .text.D80_1CH_HTONS_VOL_HP
                0x08009d70      0x218 C:\Users\aiXtrusion\STM32CubeIDE\workspace_1.19.0\new_workspace_2\Microphone\PDM\Lib\libPDMFilter_CM33_GCC_wc16.a(pdm_filter.o)
 .text.D128_1CH_HTONS_VOL_HP
                0x08009f88      0x320 C:\Users\aiXtrusion\STM32CubeIDE\workspace_1.19.0\new_workspace_2\Microphone\PDM\Lib\libPDMFilter_CM33_GCC_wc16.a(pdm_filter.o)
 .text.PDM_Filter_Init
                0x0800a2a8      0x1a4 C:\Users\aiXtrusion\STM32CubeIDE\workspace_1.19.0\new_workspace_2\Microphone\PDM\Lib\libPDMFilter_CM33_GCC_wc16.a(pdm_filter.o)
                0x0800a2a8                PDM_Filter_Init
 .text.PDM_Filter_setConfig
                0x0800a44c      0x204 C:\Users\aiXtrusion\STM32CubeIDE\workspace_1.19.0\new_workspace_2\Microphone\PDM\Lib\libPDMFilter_CM33_GCC_wc16.a(pdm_filter.o)
                0x0800a44c                PDM_Filter_setConfig
 .text.PDM_Filter
                0x0800a650       0x34 C:\Users\aiXtrusion\STM32CubeIDE\workspace_1.19.0\new_workspace_2\Microphone\PDM\Lib\libPDMFilter_CM33_GCC_wc16.a(pdm_filter.o)
                0x0800a650                PDM_Filter
 .text.std      0x0800a684       0x6c C:/ST/STM32CubeIDE_1.19.0/STM32CubeIDE/plugins/com.st.stm32cube.ide.mcu.externaltools.gnu-tools-for-stm32.13.3.rel1.win32_1.0.0.202411081344/tools/bin/../lib/gcc/arm-none-eabi/13.3.1/../../../../arm-none-eabi/lib/thumb/v8-m.main+fp/hard\libc_nano.a(libc_a-findfp.o)
 .text.stdio_exit_handler
                0x0800a6f0       0x18 C:/ST/STM32CubeIDE_1.19.0/STM32CubeIDE/plugins/com.st.stm32cube.ide.mcu.externaltools.gnu-tools-for-stm32.13.3.rel1.win32_1.0.0.202411081344/tools/bin/../lib/gcc/arm-none-eabi/13.3.1/../../../../arm-none-eabi/lib/thumb/v8-m.main+fp/hard\libc_nano.a(libc_a-findfp.o)
 .text.cleanup_stdio
                0x0800a708       0x40 C:/ST/STM32CubeIDE_1.19.0/STM32CubeIDE/plugins/com.st.stm32cube.ide.mcu.externaltools.gnu-tools-for-stm32.13.3.rel1.win32_1.0.0.202411081344/tools/bin/../lib/gcc/arm-none-eabi/13.3.1/../../../../arm-none-eabi/lib/thumb/v8-m.main+fp/hard\libc_nano.a(libc_a-findfp.o)
 .text.global_stdio_init.part.0
                0x0800a748       0x3c C:/ST/STM32CubeIDE_1.19.0/STM32CubeIDE/plugins/com.st.stm32cube.ide.mcu.externaltools.gnu-tools-for-stm32.13.3.rel1.win32_1.0.0.202411081344/tools/bin/../lib/gcc/arm-none-eabi/13.3.1/../../../../arm-none-eabi/lib/thumb/v8-m.main+fp/hard\libc_nano.a(libc_a-findfp.o)
 .text.__sfp_lock_acquire
                0x0800a784        0xc C:/ST/STM32CubeIDE_1.19.0/STM32CubeIDE/plugins/com.st.stm32cube.ide.mcu.externaltools.gnu-tools-for-stm32.13.3.rel1.win32_1.0.0.202411081344/tools/bin/../lib/gcc/arm-none-eabi/13.3.1/../../../../arm-none-eabi/lib/thumb/v8-m.main+fp/hard\libc_nano.a(libc_a-findfp.o)
                0x0800a784                __sfp_lock_acquire
 .text.__sfp_lock_release
                0x0800a790        0xc C:/ST/STM32CubeIDE_1.19.0/STM32CubeIDE/plugins/com.st.stm32cube.ide.mcu.externaltools.gnu-tools-for-stm32.13.3.rel1.win32_1.0.0.202411081344/tools/bin/../lib/gcc/arm-none-eabi/13.3.1/../../../../arm-none-eabi/lib/thumb/v8-m.main+fp/hard\libc_nano.a(libc_a-findfp.o)
                0x0800a790                __sfp_lock_release
 .text.__sinit  0x0800a79c       0x30 C:/ST/STM32CubeIDE_1.19.0/STM32CubeIDE/plugins/com.st.stm32cube.ide.mcu.externaltools.gnu-tools-for-stm32.13.3.rel1.win32_1.0.0.202411081344/tools/bin/../lib/gcc/arm-none-eabi/13.3.1/../../../../arm-none-eabi/lib/thumb/v8-m.main+fp/hard\libc_nano.a(libc_a-findfp.o)
                0x0800a79c                __sinit
 .text._fwalk_sglue
                0x0800a7cc       0x3c C:/ST/STM32CubeIDE_1.19.0/STM32CubeIDE/plugins/com.st.stm32cube.ide.mcu.externaltools.gnu-tools-for-stm32.13.3.rel1.win32_1.0.0.202411081344/tools/bin/../lib/gcc/arm-none-eabi/13.3.1/../../../../arm-none-eabi/lib/thumb/v8-m.main+fp/hard\libc_nano.a(libc_a-fwalk.o)
                0x0800a7cc                _fwalk_sglue
 .text.printf   0x0800a808       0x24 C:/ST/STM32CubeIDE_1.19.0/STM32CubeIDE/plugins/com.st.stm32cube.ide.mcu.externaltools.gnu-tools-for-stm32.13.3.rel1.win32_1.0.0.202411081344/tools/bin/../lib/gcc/arm-none-eabi/13.3.1/../../../../arm-none-eabi/lib/thumb/v8-m.main+fp/hard\libc_nano.a(libc_a-printf.o)
                0x0800a808                iprintf
                0x0800a808                printf
 .text.__sread  0x0800a82c       0x22 C:/ST/STM32CubeIDE_1.19.0/STM32CubeIDE/plugins/com.st.stm32cube.ide.mcu.externaltools.gnu-tools-for-stm32.13.3.rel1.win32_1.0.0.202411081344/tools/bin/../lib/gcc/arm-none-eabi/13.3.1/../../../../arm-none-eabi/lib/thumb/v8-m.main+fp/hard\libc_nano.a(libc_a-stdio.o)
                0x0800a82c                __sread
 .text.__swrite
                0x0800a84e       0x38 C:/ST/STM32CubeIDE_1.19.0/STM32CubeIDE/plugins/com.st.stm32cube.ide.mcu.externaltools.gnu-tools-for-stm32.13.3.rel1.win32_1.0.0.202411081344/tools/bin/../lib/gcc/arm-none-eabi/13.3.1/../../../../arm-none-eabi/lib/thumb/v8-m.main+fp/hard\libc_nano.a(libc_a-stdio.o)
                0x0800a84e                __swrite
 .text.__sseek  0x0800a886       0x24 C:/ST/STM32CubeIDE_1.19.0/STM32CubeIDE/plugins/com.st.stm32cube.ide.mcu.externaltools.gnu-tools-for-stm32.13.3.rel1.win32_1.0.0.202411081344/tools/bin/../lib/gcc/arm-none-eabi/13.3.1/../../../../arm-none-eabi/lib/thumb/v8-m.main+fp/hard\libc_nano.a(libc_a-stdio.o)
                0x0800a886                __sseek
 .text.__sclose
                0x0800a8aa        0x8 C:/ST/STM32CubeIDE_1.19.0/STM32CubeIDE/plugins/com.st.stm32cube.ide.mcu.externaltools.gnu-tools-for-stm32.13.3.rel1.win32_1.0.0.202411081344/tools/bin/../lib/gcc/arm-none-eabi/13.3.1/../../../../arm-none-eabi/lib/thumb/v8-m.main+fp/hard\libc_nano.a(libc_a-stdio.o)
                0x0800a8aa                __sclose
 .text.memset   0x0800a8b2       0x10 C:/ST/STM32CubeIDE_1.19.0/STM32CubeIDE/plugins/com.st.stm32cube.ide.mcu.externaltools.gnu-tools-for-stm32.13.3.rel1.win32_1.0.0.202411081344/tools/bin/../lib/gcc/arm-none-eabi/13.3.1/../../../../arm-none-eabi/lib/thumb/v8-m.main+fp/hard\libc_nano.a(libc_a-memset.o)
                0x0800a8b2                memset
 *fill*         0x0800a8c2        0x2 
 .text._close_r
                0x0800a8c4       0x20 C:/ST/STM32CubeIDE_1.19.0/STM32CubeIDE/plugins/com.st.stm32cube.ide.mcu.externaltools.gnu-tools-for-stm32.13.3.rel1.win32_1.0.0.202411081344/tools/bin/../lib/gcc/arm-none-eabi/13.3.1/../../../../arm-none-eabi/lib/thumb/v8-m.main+fp/hard\libc_nano.a(libc_a-closer.o)
                0x0800a8c4                _close_r
 .text._lseek_r
                0x0800a8e4       0x24 C:/ST/STM32CubeIDE_1.19.0/STM32CubeIDE/plugins/com.st.stm32cube.ide.mcu.externaltools.gnu-tools-for-stm32.13.3.rel1.win32_1.0.0.202411081344/tools/bin/../lib/gcc/arm-none-eabi/13.3.1/../../../../arm-none-eabi/lib/thumb/v8-m.main+fp/hard\libc_nano.a(libc_a-lseekr.o)
                0x0800a8e4                _lseek_r
 .text._read_r  0x0800a908       0x24 C:/ST/STM32CubeIDE_1.19.0/STM32CubeIDE/plugins/com.st.stm32cube.ide.mcu.externaltools.gnu-tools-for-stm32.13.3.rel1.win32_1.0.0.202411081344/tools/bin/../lib/gcc/arm-none-eabi/13.3.1/../../../../arm-none-eabi/lib/thumb/v8-m.main+fp/hard\libc_nano.a(libc_a-readr.o)
                0x0800a908                _read_r
 .text._write_r
                0x0800a92c       0x24 C:/ST/STM32CubeIDE_1.19.0/STM32CubeIDE/plugins/com.st.stm32cube.ide.mcu.externaltools.gnu-tools-for-stm32.13.3.rel1.win32_1.0.0.202411081344/tools/bin/../lib/gcc/arm-none-eabi/13.3.1/../../../../arm-none-eabi/lib/thumb/v8-m.main+fp/hard\libc_nano.a(libc_a-writer.o)
                0x0800a92c                _write_r
 .text.__errno  0x0800a950        0xc C:/ST/STM32CubeIDE_1.19.0/STM32CubeIDE/plugins/com.st.stm32cube.ide.mcu.externaltools.gnu-tools-for-stm32.13.3.rel1.win32_1.0.0.202411081344/tools/bin/../lib/gcc/arm-none-eabi/13.3.1/../../../../arm-none-eabi/lib/thumb/v8-m.main+fp/hard\libc_nano.a(libc_a-errno.o)
                0x0800a950                __errno
 .text.__libc_init_array
                0x0800a95c       0x48 C:/ST/STM32CubeIDE_1.19.0/STM32CubeIDE/plugins/com.st.stm32cube.ide.mcu.externaltools.gnu-tools-for-stm32.13.3.rel1.win32_1.0.0.202411081344/tools/bin/../lib/gcc/arm-none-eabi/13.3.1/../../../../arm-none-eabi/lib/thumb/v8-m.main+fp/hard\libc_nano.a(libc_a-init.o)
                0x0800a95c                __libc_init_array
 .text.__retarget_lock_init_recursive
                0x0800a9a4        0x2 C:/ST/STM32CubeIDE_1.19.0/STM32CubeIDE/plugins/com.st.stm32cube.ide.mcu.externaltools.gnu-tools-for-stm32.13.3.rel1.win32_1.0.0.202411081344/tools/bin/../lib/gcc/arm-none-eabi/13.3.1/../../../../arm-none-eabi/lib/thumb/v8-m.main+fp/hard\libc_nano.a(libc_a-lock.o)
                0x0800a9a4                __retarget_lock_init_recursive
 .text.__retarget_lock_acquire_recursive
                0x0800a9a6        0x2 C:/ST/STM32CubeIDE_1.19.0/STM32CubeIDE/plugins/com.st.stm32cube.ide.mcu.externaltools.gnu-tools-for-stm32.13.3.rel1.win32_1.0.0.202411081344/tools/bin/../lib/gcc/arm-none-eabi/13.3.1/../../../../arm-none-eabi/lib/thumb/v8-m.main+fp/hard\libc_nano.a(libc_a-lock.o)
                0x0800a9a6                __retarget_lock_acquire_recursive
 .text.__retarget_lock_release_recursive
                0x0800a9a8        0x2 C:/ST/STM32CubeIDE_1.19.0/STM32CubeIDE/plugins/com.st.stm32cube.ide.mcu.externaltools.gnu-tools-for-stm32.13.3.rel1.win32_1.0.0.202411081344/tools/bin/../lib/gcc/arm-none-eabi/13.3.1/../../../../arm-none-eabi/lib/thumb/v8-m.main+fp/hard\libc_nano.a(libc_a-lock.o)
                0x0800a9a8                __retarget_lock_release_recursive
 *fill*         0x0800a9aa        0x2 
 .text._free_r  0x0800a9ac       0x94 C:/ST/STM32CubeIDE_1.19.0/STM32CubeIDE/plugins/com.st.stm32cube.ide.mcu.externaltools.gnu-tools-for-stm32.13.3.rel1.win32_1.0.0.202411081344/tools/bin/../lib/gcc/arm-none-eabi/13.3.1/../../../../arm-none-eabi/lib/thumb/v8-m.main+fp/hard\libc_nano.a(libc_a-freer.o)
                0x0800a9ac                _free_r
 .text.sbrk_aligned
                0x0800aa40       0x44 C:/ST/STM32CubeIDE_1.19.0/STM32CubeIDE/plugins/com.st.stm32cube.ide.mcu.externaltools.gnu-tools-for-stm32.13.3.rel1.win32_1.0.0.202411081344/tools/bin/../lib/gcc/arm-none-eabi/13.3.1/../../../../arm-none-eabi/lib/thumb/v8-m.main+fp/hard\libc_nano.a(libc_a-mallocr.o)
 .text._malloc_r
                0x0800aa84      0x100 C:/ST/STM32CubeIDE_1.19.0/STM32CubeIDE/plugins/com.st.stm32cube.ide.mcu.externaltools.gnu-tools-for-stm32.13.3.rel1.win32_1.0.0.202411081344/tools/bin/../lib/gcc/arm-none-eabi/13.3.1/../../../../arm-none-eabi/lib/thumb/v8-m.main+fp/hard\libc_nano.a(libc_a-mallocr.o)
                0x0800aa84                _malloc_r
 .text.__malloc_lock
                0x0800ab84        0xc C:/ST/STM32CubeIDE_1.19.0/STM32CubeIDE/plugins/com.st.stm32cube.ide.mcu.externaltools.gnu-tools-for-stm32.13.3.rel1.win32_1.0.0.202411081344/tools/bin/../lib/gcc/arm-none-eabi/13.3.1/../../../../arm-none-eabi/lib/thumb/v8-m.main+fp/hard\libc_nano.a(libc_a-mlock.o)
                0x0800ab84                __malloc_lock
 .text.__malloc_unlock
                0x0800ab90        0xc C:/ST/STM32CubeIDE_1.19.0/STM32CubeIDE/plugins/com.st.stm32cube.ide.mcu.externaltools.gnu-tools-for-stm32.13.3.rel1.win32_1.0.0.202411081344/tools/bin/../lib/gcc/arm-none-eabi/13.3.1/../../../../arm-none-eabi/lib/thumb/v8-m.main+fp/hard\libc_nano.a(libc_a-mlock.o)
                0x0800ab90                __malloc_unlock
 .text.__sfputc_r
                0x0800ab9c       0x2e C:/ST/STM32CubeIDE_1.19.0/STM32CubeIDE/plugins/com.st.stm32cube.ide.mcu.externaltools.gnu-tools-for-stm32.13.3.rel1.win32_1.0.0.202411081344/tools/bin/../lib/gcc/arm-none-eabi/13.3.1/../../../../arm-none-eabi/lib/thumb/v8-m.main+fp/hard\libc_nano.a(libc_a-nano-vfprintf.o)
 .text.__sfputs_r
                0x0800abca       0x24 C:/ST/STM32CubeIDE_1.19.0/STM32CubeIDE/plugins/com.st.stm32cube.ide.mcu.externaltools.gnu-tools-for-stm32.13.3.rel1.win32_1.0.0.202411081344/tools/bin/../lib/gcc/arm-none-eabi/13.3.1/../../../../arm-none-eabi/lib/thumb/v8-m.main+fp/hard\libc_nano.a(libc_a-nano-vfprintf.o)
                0x0800abca                __sfputs_r
 *fill*         0x0800abee        0x2 
 .text._vfprintf_r
                0x0800abf0      0x230 C:/ST/STM32CubeIDE_1.19.0/STM32CubeIDE/plugins/com.st.stm32cube.ide.mcu.externaltools.gnu-tools-for-stm32.13.3.rel1.win32_1.0.0.202411081344/tools/bin/../lib/gcc/arm-none-eabi/13.3.1/../../../../arm-none-eabi/lib/thumb/v8-m.main+fp/hard\libc_nano.a(libc_a-nano-vfprintf.o)
                0x0800abf0                _vfprintf_r
                0x0800abf0                _vfiprintf_r
 .text._printf_common
                0x0800ae20       0xe4 C:/ST/STM32CubeIDE_1.19.0/STM32CubeIDE/plugins/com.st.stm32cube.ide.mcu.externaltools.gnu-tools-for-stm32.13.3.rel1.win32_1.0.0.202411081344/tools/bin/../lib/gcc/arm-none-eabi/13.3.1/../../../../arm-none-eabi/lib/thumb/v8-m.main+fp/hard\libc_nano.a(libc_a-nano-vfprintf_i.o)
                0x0800ae20                _printf_common
 .text._printf_i
                0x0800af04      0x23c C:/ST/STM32CubeIDE_1.19.0/STM32CubeIDE/plugins/com.st.stm32cube.ide.mcu.externaltools.gnu-tools-for-stm32.13.3.rel1.win32_1.0.0.202411081344/tools/bin/../lib/gcc/arm-none-eabi/13.3.1/../../../../arm-none-eabi/lib/thumb/v8-m.main+fp/hard\libc_nano.a(libc_a-nano-vfprintf_i.o)
                0x0800af04                _printf_i
 .text.__sflush_r
                0x0800b140      0x108 C:/ST/STM32CubeIDE_1.19.0/STM32CubeIDE/plugins/com.st.stm32cube.ide.mcu.externaltools.gnu-tools-for-stm32.13.3.rel1.win32_1.0.0.202411081344/tools/bin/../lib/gcc/arm-none-eabi/13.3.1/../../../../arm-none-eabi/lib/thumb/v8-m.main+fp/hard\libc_nano.a(libc_a-fflush.o)
                0x0800b140                __sflush_r
 .text._fflush_r
                0x0800b248       0x50 C:/ST/STM32CubeIDE_1.19.0/STM32CubeIDE/plugins/com.st.stm32cube.ide.mcu.externaltools.gnu-tools-for-stm32.13.3.rel1.win32_1.0.0.202411081344/tools/bin/../lib/gcc/arm-none-eabi/13.3.1/../../../../arm-none-eabi/lib/thumb/v8-m.main+fp/hard\libc_nano.a(libc_a-fflush.o)
                0x0800b248                _fflush_r
 .text.__swbuf_r
                0x0800b298       0x7c C:/ST/STM32CubeIDE_1.19.0/STM32CubeIDE/plugins/com.st.stm32cube.ide.mcu.externaltools.gnu-tools-for-stm32.13.3.rel1.win32_1.0.0.202411081344/tools/bin/../lib/gcc/arm-none-eabi/13.3.1/../../../../arm-none-eabi/lib/thumb/v8-m.main+fp/hard\libc_nano.a(libc_a-wbuf.o)
                0x0800b298                __swbuf_r
 .text.__swsetup_r
                0x0800b314       0xac C:/ST/STM32CubeIDE_1.19.0/STM32CubeIDE/plugins/com.st.stm32cube.ide.mcu.externaltools.gnu-tools-for-stm32.13.3.rel1.win32_1.0.0.202411081344/tools/bin/../lib/gcc/arm-none-eabi/13.3.1/../../../../arm-none-eabi/lib/thumb/v8-m.main+fp/hard\libc_nano.a(libc_a-wsetup.o)
                0x0800b314                __swsetup_r
 .text._sbrk_r  0x0800b3c0       0x20 C:/ST/STM32CubeIDE_1.19.0/STM32CubeIDE/plugins/com.st.stm32cube.ide.mcu.externaltools.gnu-tools-for-stm32.13.3.rel1.win32_1.0.0.202411081344/tools/bin/../lib/gcc/arm-none-eabi/13.3.1/../../../../arm-none-eabi/lib/thumb/v8-m.main+fp/hard\libc_nano.a(libc_a-sbrkr.o)
                0x0800b3c0                _sbrk_r
 .text.memchr   0x0800b3e0       0x1c C:/ST/STM32CubeIDE_1.19.0/STM32CubeIDE/plugins/com.st.stm32cube.ide.mcu.externaltools.gnu-tools-for-stm32.13.3.rel1.win32_1.0.0.202411081344/tools/bin/../lib/gcc/arm-none-eabi/13.3.1/../../../../arm-none-eabi/lib/thumb/v8-m.main+fp/hard\libc_nano.a(libc_a-memchr-stub.o)
                0x0800b3e0                memchr
 .text.__swhatbuf_r
                0x0800b3fc       0x4a C:/ST/STM32CubeIDE_1.19.0/STM32CubeIDE/plugins/com.st.stm32cube.ide.mcu.externaltools.gnu-tools-for-stm32.13.3.rel1.win32_1.0.0.202411081344/tools/bin/../lib/gcc/arm-none-eabi/13.3.1/../../../../arm-none-eabi/lib/thumb/v8-m.main+fp/hard\libc_nano.a(libc_a-makebuf.o)
                0x0800b3fc                __swhatbuf_r
 .text.__smakebuf_r
                0x0800b446       0x78 C:/ST/STM32CubeIDE_1.19.0/STM32CubeIDE/plugins/com.st.stm32cube.ide.mcu.externaltools.gnu-tools-for-stm32.13.3.rel1.win32_1.0.0.202411081344/tools/bin/../lib/gcc/arm-none-eabi/13.3.1/../../../../arm-none-eabi/lib/thumb/v8-m.main+fp/hard\libc_nano.a(libc_a-makebuf.o)
                0x0800b446                __smakebuf_r
 *fill*         0x0800b4be        0x2 
 .text._fstat_r
                0x0800b4c0       0x24 C:/ST/STM32CubeIDE_1.19.0/STM32CubeIDE/plugins/com.st.stm32cube.ide.mcu.externaltools.gnu-tools-for-stm32.13.3.rel1.win32_1.0.0.202411081344/tools/bin/../lib/gcc/arm-none-eabi/13.3.1/../../../../arm-none-eabi/lib/thumb/v8-m.main+fp/hard\libc_nano.a(libc_a-fstatr.o)
                0x0800b4c0                _fstat_r
 .text._isatty_r
                0x0800b4e4       0x20 C:/ST/STM32CubeIDE_1.19.0/STM32CubeIDE/plugins/com.st.stm32cube.ide.mcu.externaltools.gnu-tools-for-stm32.13.3.rel1.win32_1.0.0.202411081344/tools/bin/../lib/gcc/arm-none-eabi/13.3.1/../../../../arm-none-eabi/lib/thumb/v8-m.main+fp/hard\libc_nano.a(libc_a-isattyr.o)
                0x0800b4e4                _isatty_r
 .text.powf     0x0800b504       0xae C:/ST/STM32CubeIDE_1.19.0/STM32CubeIDE/plugins/com.st.stm32cube.ide.mcu.externaltools.gnu-tools-for-stm32.13.3.rel1.win32_1.0.0.202411081344/tools/bin/../lib/gcc/arm-none-eabi/13.3.1/../../../../arm-none-eabi/lib/thumb/v8-m.main+fp/hard\libm.a(libm_a-wf_pow.o)
                0x0800b504                powf
 .text.finitef  0x0800b5b2       0x14 C:/ST/STM32CubeIDE_1.19.0/STM32CubeIDE/plugins/com.st.stm32cube.ide.mcu.externaltools.gnu-tools-for-stm32.13.3.rel1.win32_1.0.0.202411081344/tools/bin/../lib/gcc/arm-none-eabi/13.3.1/../../../../arm-none-eabi/lib/thumb/v8-m.main+fp/hard\libm.a(libm_a-sf_finite.o)
                0x0800b5b2                finitef
 *fill*         0x0800b5c6        0x2 
 .text.__ieee754_powf
                0x0800b5c8      0x5a0 C:/ST/STM32CubeIDE_1.19.0/STM32CubeIDE/plugins/com.st.stm32cube.ide.mcu.externaltools.gnu-tools-for-stm32.13.3.rel1.win32_1.0.0.202411081344/tools/bin/../lib/gcc/arm-none-eabi/13.3.1/../../../../arm-none-eabi/lib/thumb/v8-m.main+fp/hard\libm.a(libm_a-ef_pow.o)
                0x0800b5c8                __ieee754_powf
 .text.fabsf    0x0800bb68        0xe C:/ST/STM32CubeIDE_1.19.0/STM32CubeIDE/plugins/com.st.stm32cube.ide.mcu.externaltools.gnu-tools-for-stm32.13.3.rel1.win32_1.0.0.202411081344/tools/bin/../lib/gcc/arm-none-eabi/13.3.1/../../../../arm-none-eabi/lib/thumb/v8-m.main+fp/hard\libm.a(libm_a-sf_fabs.o)
                0x0800bb68                fabsf
 *fill*         0x0800bb76        0x2 
 .text.scalbnf  0x0800bb78       0xc8 C:/ST/STM32CubeIDE_1.19.0/STM32CubeIDE/plugins/com.st.stm32cube.ide.mcu.externaltools.gnu-tools-for-stm32.13.3.rel1.win32_1.0.0.202411081344/tools/bin/../lib/gcc/arm-none-eabi/13.3.1/../../../../arm-none-eabi/lib/thumb/v8-m.main+fp/hard\libm.a(libm_a-sf_scalbn.o)
                0x0800bb78                scalbnf
 .text.with_errnof
                0x0800bc40       0x1c C:/ST/STM32CubeIDE_1.19.0/STM32CubeIDE/plugins/com.st.stm32cube.ide.mcu.externaltools.gnu-tools-for-stm32.13.3.rel1.win32_1.0.0.202411081344/tools/bin/../lib/gcc/arm-none-eabi/13.3.1/../../../../arm-none-eabi/lib/thumb/v8-m.main+fp/hard\libm.a(libm_a-math_errf.o)
 .text.xflowf   0x0800bc5c       0x16 C:/ST/STM32CubeIDE_1.19.0/STM32CubeIDE/plugins/com.st.stm32cube.ide.mcu.externaltools.gnu-tools-for-stm32.13.3.rel1.win32_1.0.0.202411081344/tools/bin/../lib/gcc/arm-none-eabi/13.3.1/../../../../arm-none-eabi/lib/thumb/v8-m.main+fp/hard\libm.a(libm_a-math_errf.o)
 *fill*         0x0800bc72        0x2 
 .text.__math_uflowf
                0x0800bc74        0xc C:/ST/STM32CubeIDE_1.19.0/STM32CubeIDE/plugins/com.st.stm32cube.ide.mcu.externaltools.gnu-tools-for-stm32.13.3.rel1.win32_1.0.0.202411081344/tools/bin/../lib/gcc/arm-none-eabi/13.3.1/../../../../arm-none-eabi/lib/thumb/v8-m.main+fp/hard\libm.a(libm_a-math_errf.o)
                0x0800bc74                __math_uflowf
 .text.__math_oflowf
                0x0800bc80        0xc C:/ST/STM32CubeIDE_1.19.0/STM32CubeIDE/plugins/com.st.stm32cube.ide.mcu.externaltools.gnu-tools-for-stm32.13.3.rel1.win32_1.0.0.202411081344/tools/bin/../lib/gcc/arm-none-eabi/13.3.1/../../../../arm-none-eabi/lib/thumb/v8-m.main+fp/hard\libm.a(libm_a-math_errf.o)
                0x0800bc80                __math_oflowf
 .text.__ieee754_sqrtf
                0x0800bc8c        0x6 C:/ST/STM32CubeIDE_1.19.0/STM32CubeIDE/plugins/com.st.stm32cube.ide.mcu.externaltools.gnu-tools-for-stm32.13.3.rel1.win32_1.0.0.202411081344/tools/bin/../lib/gcc/arm-none-eabi/13.3.1/../../../../arm-none-eabi/lib/thumb/v8-m.main+fp/hard\libm.a(libm_a-ef_sqrt.o)
                0x0800bc8c                __ieee754_sqrtf
 *(.glue_7)
 .glue_7        0x0800bc92        0x0 linker stubs
 *(.glue_7t)
 .glue_7t       0x0800bc92        0x0 linker stubs
 *(.eh_frame)
 *fill*         0x0800bc92        0x2 
 .eh_frame      0x0800bc94        0x0 C:/ST/STM32CubeIDE_1.19.0/STM32CubeIDE/plugins/com.st.stm32cube.ide.mcu.externaltools.gnu-tools-for-stm32.13.3.rel1.win32_1.0.0.202411081344/tools/bin/../lib/gcc/arm-none-eabi/13.3.1/thumb/v8-m.main+fp/hard/crtbegin.o
 *(.init)
 .init          0x0800bc94        0x4 C:/ST/STM32CubeIDE_1.19.0/STM32CubeIDE/plugins/com.st.stm32cube.ide.mcu.externaltools.gnu-tools-for-stm32.13.3.rel1.win32_1.0.0.202411081344/tools/bin/../lib/gcc/arm-none-eabi/13.3.1/thumb/v8-m.main+fp/hard/crti.o
                0x0800bc94                _init
 .init          0x0800bc98        0x8 C:/ST/STM32CubeIDE_1.19.0/STM32CubeIDE/plugins/com.st.stm32cube.ide.mcu.externaltools.gnu-tools-for-stm32.13.3.rel1.win32_1.0.0.202411081344/tools/bin/../lib/gcc/arm-none-eabi/13.3.1/thumb/v8-m.main+fp/hard/crtn.o
 *(.fini)
 .fini          0x0800bca0        0x4 C:/ST/STM32CubeIDE_1.19.0/STM32CubeIDE/plugins/com.st.stm32cube.ide.mcu.externaltools.gnu-tools-for-stm32.13.3.rel1.win32_1.0.0.202411081344/tools/bin/../lib/gcc/arm-none-eabi/13.3.1/thumb/v8-m.main+fp/hard/crti.o
                0x0800bca0                _fini
 .fini          0x0800bca4        0x8 C:/ST/STM32CubeIDE_1.19.0/STM32CubeIDE/plugins/com.st.stm32cube.ide.mcu.externaltools.gnu-tools-for-stm32.13.3.rel1.win32_1.0.0.202411081344/tools/bin/../lib/gcc/arm-none-eabi/13.3.1/thumb/v8-m.main+fp/hard/crtn.o
                0x0800bcac                        . = ALIGN (0x4)
                0x0800bcac                        _etext = .

.vfp11_veneer   0x0800bcac        0x0
 .vfp11_veneer  0x0800bcac        0x0 linker stubs

.v4_bx          0x0800bcac        0x0
 .v4_bx         0x0800bcac        0x0 linker stubs

.iplt           0x0800bcac        0x0
 .iplt          0x0800bcac        0x0 C:/ST/STM32CubeIDE_1.19.0/STM32CubeIDE/plugins/com.st.stm32cube.ide.mcu.externaltools.gnu-tools-for-stm32.13.3.rel1.win32_1.0.0.202411081344/tools/bin/../lib/gcc/arm-none-eabi/13.3.1/thumb/v8-m.main+fp/hard/crtbegin.o

.rodata         0x0800bcac       0xd0
                0x0800bcac                        . = ALIGN (0x4)
 *(.rodata)
 .rodata        0x0800bcac        0xa ./Core/Src/main.o
 *(.rodata*)
 *fill*         0x0800bcb6        0x2 
 .rodata.AHBPrescTable
                0x0800bcb8       0x10 ./Core/Src/system_stm32h5xx.o
                0x0800bcb8                AHBPrescTable
 .rodata.APBPrescTable
                0x0800bcc8        0x8 ./Core/Src/system_stm32h5xx.o
                0x0800bcc8                APBPrescTable
 .rodata.UARTPrescTable
                0x0800bcd0       0x18 ./Drivers/STM32H5xx_HAL_Driver/Src/stm32h5xx_hal_uart.o
                0x0800bcd0                UARTPrescTable
 .rodata.numerator.1
                0x0800bce8        0x8 ./Drivers/STM32H5xx_HAL_Driver/Src/stm32h5xx_hal_uart_ex.o
 .rodata.denominator.0
                0x0800bcf0        0x8 ./Drivers/STM32H5xx_HAL_Driver/Src/stm32h5xx_hal_uart_ex.o
 .rodata.CSWTCH.387
                0x0800bcf8       0x1c C:\Users\aiXtrusion\STM32CubeIDE\workspace_1.19.0\new_workspace_2\Microphone\PDM\Lib\libPDMFilter_CM33_GCC_wc16.a(pdm_filter.o)
 .rodata.CSWTCH.388
                0x0800bd14       0x1c C:\Users\aiXtrusion\STM32CubeIDE\workspace_1.19.0\new_workspace_2\Microphone\PDM\Lib\libPDMFilter_CM33_GCC_wc16.a(pdm_filter.o)
 .rodata._vfprintf_r.str1.1
                0x0800bd30       0x33 C:/ST/STM32CubeIDE_1.19.0/STM32CubeIDE/plugins/com.st.stm32cube.ide.mcu.externaltools.gnu-tools-for-stm32.13.3.rel1.win32_1.0.0.202411081344/tools/bin/../lib/gcc/arm-none-eabi/13.3.1/../../../../arm-none-eabi/lib/thumb/v8-m.main+fp/hard\libc_nano.a(libc_a-nano-vfprintf.o)
                                 0x11 (size before relaxing)
 .rodata._printf_i.str1.1
                0x0800bd63       0x22 C:/ST/STM32CubeIDE_1.19.0/STM32CubeIDE/plugins/com.st.stm32cube.ide.mcu.externaltools.gnu-tools-for-stm32.13.3.rel1.win32_1.0.0.202411081344/tools/bin/../lib/gcc/arm-none-eabi/13.3.1/../../../../arm-none-eabi/lib/thumb/v8-m.main+fp/hard\libc_nano.a(libc_a-nano-vfprintf_i.o)
 *fill*         0x0800bd63        0x1 
 .rodata.dp_l   0x0800bd64        0x8 C:/ST/STM32CubeIDE_1.19.0/STM32CubeIDE/plugins/com.st.stm32cube.ide.mcu.externaltools.gnu-tools-for-stm32.13.3.rel1.win32_1.0.0.202411081344/tools/bin/../lib/gcc/arm-none-eabi/13.3.1/../../../../arm-none-eabi/lib/thumb/v8-m.main+fp/hard\libm.a(libm_a-ef_pow.o)
 .rodata.dp_h   0x0800bd6c        0x8 C:/ST/STM32CubeIDE_1.19.0/STM32CubeIDE/plugins/com.st.stm32cube.ide.mcu.externaltools.gnu-tools-for-stm32.13.3.rel1.win32_1.0.0.202411081344/tools/bin/../lib/gcc/arm-none-eabi/13.3.1/../../../../arm-none-eabi/lib/thumb/v8-m.main+fp/hard\libm.a(libm_a-ef_pow.o)
 .rodata.bp     0x0800bd74        0x8 C:/ST/STM32CubeIDE_1.19.0/STM32CubeIDE/plugins/com.st.stm32cube.ide.mcu.externaltools.gnu-tools-for-stm32.13.3.rel1.win32_1.0.0.202411081344/tools/bin/../lib/gcc/arm-none-eabi/13.3.1/../../../../arm-none-eabi/lib/thumb/v8-m.main+fp/hard\libm.a(libm_a-ef_pow.o)
                0x0800bd7c                        . = ALIGN (0x4)

.ARM.extab      0x0800bd7c        0x0
                0x0800bd7c                        . = ALIGN (0x4)
 *(.ARM.extab* .gnu.linkonce.armextab.*)
                0x0800bd7c                        . = ALIGN (0x4)

.ARM            0x0800bd7c        0x8
                0x0800bd7c                        . = ALIGN (0x4)
                0x0800bd7c                        __exidx_start = .
 *(.ARM.exidx*)
 .ARM.exidx     0x0800bd7c        0x8 C:/ST/STM32CubeIDE_1.19.0/STM32CubeIDE/plugins/com.st.stm32cube.ide.mcu.externaltools.gnu-tools-for-stm32.13.3.rel1.win32_1.0.0.202411081344/tools/bin/../lib/gcc/arm-none-eabi/13.3.1/thumb/v8-m.main+fp/hard\libgcc.a(_udivmoddi4.o)
                0x0800bd84                        __exidx_end = .
                0x0800bd84                        . = ALIGN (0x4)

.preinit_array  0x0800bd84        0x0
                0x0800bd84                        . = ALIGN (0x4)
                0x0800bd84                        PROVIDE (__preinit_array_start = .)
 *(.preinit_array*)
                0x0800bd84                        PROVIDE (__preinit_array_end = .)
                0x0800bd84                        . = ALIGN (0x4)

.init_array     0x0800bd84        0x4
                0x0800bd84                        . = ALIGN (0x4)
                0x0800bd84                        PROVIDE (__init_array_start = .)
 *(SORT_BY_NAME(.init_array.*))
 *(.init_array*)
 .init_array    0x0800bd84        0x4 C:/ST/STM32CubeIDE_1.19.0/STM32CubeIDE/plugins/com.st.stm32cube.ide.mcu.externaltools.gnu-tools-for-stm32.13.3.rel1.win32_1.0.0.202411081344/tools/bin/../lib/gcc/arm-none-eabi/13.3.1/thumb/v8-m.main+fp/hard/crtbegin.o
                0x0800bd88                        PROVIDE (__init_array_end = .)
                0x0800bd88                        . = ALIGN (0x4)

.fini_array     0x0800bd88        0x4
                0x0800bd88                        . = ALIGN (0x4)
                [!provide]                        PROVIDE (__fini_array_start = .)
 *(SORT_BY_NAME(.fini_array.*))
 *(.fini_array*)
 .fini_array    0x0800bd88        0x4 C:/ST/STM32CubeIDE_1.19.0/STM32CubeIDE/plugins/com.st.stm32cube.ide.mcu.externaltools.gnu-tools-for-stm32.13.3.rel1.win32_1.0.0.202411081344/tools/bin/../lib/gcc/arm-none-eabi/13.3.1/thumb/v8-m.main+fp/hard/crtbegin.o
                [!provide]                        PROVIDE (__fini_array_end = .)
                0x0800bd8c                        . = ALIGN (0x4)
                0x0800bd8c                        _sidata = LOADADDR (.data)

.rel.dyn        0x0800bd8c        0x0
 .rel.iplt      0x0800bd8c        0x0 C:/ST/STM32CubeIDE_1.19.0/STM32CubeIDE/plugins/com.st.stm32cube.ide.mcu.externaltools.gnu-tools-for-stm32.13.3.rel1.win32_1.0.0.202411081344/tools/bin/../lib/gcc/arm-none-eabi/13.3.1/thumb/v8-m.main+fp/hard/crtbegin.o

.data           0x20000000      0x468 load address 0x0800bd8c
                0x20000000                        . = ALIGN (0x4)
                0x20000000                        _sdata = .
 *(.data)
 *(.data*)
 .data.SystemCoreClock
                0x20000000        0x4 ./Core/Src/system_stm32h5xx.o
                0x20000000                SystemCoreClock
 .data.uwTickPrio
                0x20000004        0x4 ./Drivers/STM32H5xx_HAL_Driver/Src/stm32h5xx_hal.o
                0x20000004                uwTickPrio
 .data.uwTickFreq
                0x20000008        0x1 ./Drivers/STM32H5xx_HAL_Driver/Src/stm32h5xx_hal.o
                0x20000008                uwTickFreq
 *fill*         0x20000009        0x3 
 .data.T_0_1_2  0x2000000c      0x400 C:\Users\aiXtrusion\STM32CubeIDE\workspace_1.19.0\new_workspace_2\Microphone\PDM\Lib\libPDMFilter_CM33_GCC_wc16.a(pdm_filter.o)
 .data.__sglue  0x2000040c        0xc C:/ST/STM32CubeIDE_1.19.0/STM32CubeIDE/plugins/com.st.stm32cube.ide.mcu.externaltools.gnu-tools-for-stm32.13.3.rel1.win32_1.0.0.202411081344/tools/bin/../lib/gcc/arm-none-eabi/13.3.1/../../../../arm-none-eabi/lib/thumb/v8-m.main+fp/hard\libc_nano.a(libc_a-findfp.o)
                0x2000040c                __sglue
 .data._impure_ptr
                0x20000418        0x4 C:/ST/STM32CubeIDE_1.19.0/STM32CubeIDE/plugins/com.st.stm32cube.ide.mcu.externaltools.gnu-tools-for-stm32.13.3.rel1.win32_1.0.0.202411081344/tools/bin/../lib/gcc/arm-none-eabi/13.3.1/../../../../arm-none-eabi/lib/thumb/v8-m.main+fp/hard\libc_nano.a(libc_a-impure.o)
                0x20000418                _impure_ptr
 .data._impure_data
                0x2000041c       0x4c C:/ST/STM32CubeIDE_1.19.0/STM32CubeIDE/plugins/com.st.stm32cube.ide.mcu.externaltools.gnu-tools-for-stm32.13.3.rel1.win32_1.0.0.202411081344/tools/bin/../lib/gcc/arm-none-eabi/13.3.1/../../../../arm-none-eabi/lib/thumb/v8-m.main+fp/hard\libc_nano.a(libc_a-impure.o)
                0x2000041c                _impure_data
 *(.RamFunc)
 *(.RamFunc*)
                0x20000468                        . = ALIGN (0x4)
                0x20000468                        _edata = .

.igot.plt       0x20000468        0x0 load address 0x0800c1f4
 .igot.plt      0x20000468        0x0 C:/ST/STM32CubeIDE_1.19.0/STM32CubeIDE/plugins/com.st.stm32cube.ide.mcu.externaltools.gnu-tools-for-stm32.13.3.rel1.win32_1.0.0.202411081344/tools/bin/../lib/gcc/arm-none-eabi/13.3.1/thumb/v8-m.main+fp/hard/crtbegin.o
                0x20000468                        . = ALIGN (0x4)

.bss            0x20000468      0x398 load address 0x0800c1f4
                0x20000468                        _sbss = .
                0x20000468                        __bss_start__ = _sbss
 *(.bss)
 .bss           0x20000468       0x1c C:/ST/STM32CubeIDE_1.19.0/STM32CubeIDE/plugins/com.st.stm32cube.ide.mcu.externaltools.gnu-tools-for-stm32.13.3.rel1.win32_1.0.0.202411081344/tools/bin/../lib/gcc/arm-none-eabi/13.3.1/thumb/v8-m.main+fp/hard/crtbegin.o
 *(.bss*)
 .bss.hsai_BlockA1
                0x20000484       0x98 ./Core/Src/main.o
                0x20000484                hsai_BlockA1
 .bss.huart1    0x2000051c       0x94 ./Core/Src/main.o
                0x2000051c                huart1
 .bss.PDM1_filter_handler
                0x200005b0       0x4c ./Core/Src/main.o
                0x200005b0                PDM1_filter_handler
 .bss.PDM1_filter_config
                0x200005fc        0x6 ./Core/Src/main.o
                0x200005fc                PDM1_filter_config
 *fill*         0x20000602        0x2 
 .bss.pdm_raw   0x20000604       0x80 ./Core/Src/main.o
                0x20000604                pdm_raw
 .bss.pcm_out   0x20000684       0x20 ./Core/Src/main.o
                0x20000684                pcm_out
 .bss.SAI1_client
                0x200006a4        0x4 ./Core/Src/stm32h5xx_hal_msp.o
 .bss.__sbrk_heap_end
                0x200006a8        0x4 ./Core/Src/sysmem.o
 .bss.uwTick    0x200006ac        0x4 ./Drivers/STM32H5xx_HAL_Driver/Src/stm32h5xx_hal.o
                0x200006ac                uwTick
 .bss.LT_Initialization
                0x200006b0        0x1 C:\Users\aiXtrusion\STM32CubeIDE\workspace_1.19.0\new_workspace_2\Microphone\PDM\Lib\libPDMFilter_CM33_GCC_wc16.a(pdm_filter.o)
 *fill*         0x200006b1        0x3 
 .bss.__sf      0x200006b4      0x138 C:/ST/STM32CubeIDE_1.19.0/STM32CubeIDE/plugins/com.st.stm32cube.ide.mcu.externaltools.gnu-tools-for-stm32.13.3.rel1.win32_1.0.0.202411081344/tools/bin/../lib/gcc/arm-none-eabi/13.3.1/../../../../arm-none-eabi/lib/thumb/v8-m.main+fp/hard\libc_nano.a(libc_a-findfp.o)
                0x200006b4                __sf
 .bss.__stdio_exit_handler
                0x200007ec        0x4 C:/ST/STM32CubeIDE_1.19.0/STM32CubeIDE/plugins/com.st.stm32cube.ide.mcu.externaltools.gnu-tools-for-stm32.13.3.rel1.win32_1.0.0.202411081344/tools/bin/../lib/gcc/arm-none-eabi/13.3.1/../../../../arm-none-eabi/lib/thumb/v8-m.main+fp/hard\libc_nano.a(libc_a-findfp.o)
                0x200007ec                __stdio_exit_handler
 .bss.errno     0x200007f0        0x4 C:/ST/STM32CubeIDE_1.19.0/STM32CubeIDE/plugins/com.st.stm32cube.ide.mcu.externaltools.gnu-tools-for-stm32.13.3.rel1.win32_1.0.0.202411081344/tools/bin/../lib/gcc/arm-none-eabi/13.3.1/../../../../arm-none-eabi/lib/thumb/v8-m.main+fp/hard\libc_nano.a(libc_a-reent.o)
                0x200007f0                errno
 .bss.__lock___malloc_recursive_mutex
                0x200007f4        0x1 C:/ST/STM32CubeIDE_1.19.0/STM32CubeIDE/plugins/com.st.stm32cube.ide.mcu.externaltools.gnu-tools-for-stm32.13.3.rel1.win32_1.0.0.202411081344/tools/bin/../lib/gcc/arm-none-eabi/13.3.1/../../../../arm-none-eabi/lib/thumb/v8-m.main+fp/hard\libc_nano.a(libc_a-lock.o)
                0x200007f4                __lock___malloc_recursive_mutex
 .bss.__lock___sfp_recursive_mutex
                0x200007f5        0x1 C:/ST/STM32CubeIDE_1.19.0/STM32CubeIDE/plugins/com.st.stm32cube.ide.mcu.externaltools.gnu-tools-for-stm32.13.3.rel1.win32_1.0.0.202411081344/tools/bin/../lib/gcc/arm-none-eabi/13.3.1/../../../../arm-none-eabi/lib/thumb/v8-m.main+fp/hard\libc_nano.a(libc_a-lock.o)
                0x200007f5                __lock___sfp_recursive_mutex
 *fill*         0x200007f6        0x2 
 .bss.__malloc_sbrk_start
                0x200007f8        0x4 C:/ST/STM32CubeIDE_1.19.0/STM32CubeIDE/plugins/com.st.stm32cube.ide.mcu.externaltools.gnu-tools-for-stm32.13.3.rel1.win32_1.0.0.202411081344/tools/bin/../lib/gcc/arm-none-eabi/13.3.1/../../../../arm-none-eabi/lib/thumb/v8-m.main+fp/hard\libc_nano.a(libc_a-mallocr.o)
                0x200007f8                __malloc_sbrk_start
 .bss.__malloc_free_list
                0x200007fc        0x4 C:/ST/STM32CubeIDE_1.19.0/STM32CubeIDE/plugins/com.st.stm32cube.ide.mcu.externaltools.gnu-tools-for-stm32.13.3.rel1.win32_1.0.0.202411081344/tools/bin/../lib/gcc/arm-none-eabi/13.3.1/../../../../arm-none-eabi/lib/thumb/v8-m.main+fp/hard\libc_nano.a(libc_a-mallocr.o)
                0x200007fc                __malloc_free_list
 *(COMMON)
                0x20000800                        . = ALIGN (0x4)
                0x20000800                        _ebss = .
                0x20000800                        __bss_end__ = _ebss

._user_heap_stack
                0x20000800      0x600 load address 0x0800c1f4
                0x20000800                        . = ALIGN (0x8)
                [!provide]                        PROVIDE (end = .)
                0x20000800                        PROVIDE (_end = .)
                0x20000a00                        . = (. + _Min_Heap_Size)
 *fill*         0x20000800      0x200 
                0x20000e00                        . = (. + _Min_Stack_Size)
 *fill*         0x20000a00      0x400 
                0x20000e00                        . = ALIGN (0x8)

/DISCARD/
 libc.a(*)
 libm.a(*)
 libgcc.a(*)

.ARM.attributes
                0x00000000       0x36
 *(.ARM.attributes)
 .ARM.attributes
                0x00000000       0x26 C:/ST/STM32CubeIDE_1.19.0/STM32CubeIDE/plugins/com.st.stm32cube.ide.mcu.externaltools.gnu-tools-for-stm32.13.3.rel1.win32_1.0.0.202411081344/tools/bin/../lib/gcc/arm-none-eabi/13.3.1/thumb/v8-m.main+fp/hard/crti.o
 .ARM.attributes
                0x00000026       0x38 C:/ST/STM32CubeIDE_1.19.0/STM32CubeIDE/plugins/com.st.stm32cube.ide.mcu.externaltools.gnu-tools-for-stm32.13.3.rel1.win32_1.0.0.202411081344/tools/bin/../lib/gcc/arm-none-eabi/13.3.1/thumb/v8-m.main+fp/hard/crtbegin.o
 .ARM.attributes
                0x0000005e       0x3a ./Core/Src/main.o
 .ARM.attributes
                0x00000098       0x3a ./Core/Src/stm32h5xx_hal_msp.o
 .ARM.attributes
                0x000000d2       0x3a ./Core/Src/stm32h5xx_it.o
 .ARM.attributes
                0x0000010c       0x3a ./Core/Src/syscalls.o
 .ARM.attributes
                0x00000146       0x3a ./Core/Src/sysmem.o
 .ARM.attributes
                0x00000180       0x3a ./Core/Src/system_stm32h5xx.o
 .ARM.attributes
                0x000001ba       0x24 ./Core/Startup/startup_stm32h573iikxq.o
 .ARM.attributes
                0x000001de       0x3a ./Drivers/STM32H5xx_HAL_Driver/Src/stm32h5xx_hal.o
 .ARM.attributes
                0x00000218       0x3a ./Drivers/STM32H5xx_HAL_Driver/Src/stm32h5xx_hal_cortex.o
 .ARM.attributes
                0x00000252       0x3a ./Drivers/STM32H5xx_HAL_Driver/Src/stm32h5xx_hal_gpio.o
 .ARM.attributes
                0x0000028c       0x3a ./Drivers/STM32H5xx_HAL_Driver/Src/stm32h5xx_hal_icache.o
 .ARM.attributes
                0x000002c6       0x3a ./Drivers/STM32H5xx_HAL_Driver/Src/stm32h5xx_hal_rcc.o
 .ARM.attributes
                0x00000300       0x3a ./Drivers/STM32H5xx_HAL_Driver/Src/stm32h5xx_hal_rcc_ex.o
 .ARM.attributes
                0x0000033a       0x3a ./Drivers/STM32H5xx_HAL_Driver/Src/stm32h5xx_hal_sai.o
 .ARM.attributes
                0x00000374       0x3a ./Drivers/STM32H5xx_HAL_Driver/Src/stm32h5xx_hal_uart.o
 .ARM.attributes
                0x000003ae       0x3a ./Drivers/STM32H5xx_HAL_Driver/Src/stm32h5xx_hal_uart_ex.o
 .ARM.attributes
                0x000003e8       0x3a ./PDM2PCM/pdm2pcm.o
 .ARM.attributes
                0x00000422       0x3c C:\Users\aiXtrusion\STM32CubeIDE\workspace_1.19.0\new_workspace_2\Microphone\PDM\Lib\libPDMFilter_CM33_GCC_wc16.a(pdm_filter.o)
 .ARM.attributes
                0x0000045e       0x38 C:/ST/STM32CubeIDE_1.19.0/STM32CubeIDE/plugins/com.st.stm32cube.ide.mcu.externaltools.gnu-tools-for-stm32.13.3.rel1.win32_1.0.0.202411081344/tools/bin/../lib/gcc/arm-none-eabi/13.3.1/../../../../arm-none-eabi/lib/thumb/v8-m.main+fp/hard\libc_nano.a(libc_a-findfp.o)
 .ARM.attributes
                0x00000496       0x38 C:/ST/STM32CubeIDE_1.19.0/STM32CubeIDE/plugins/com.st.stm32cube.ide.mcu.externaltools.gnu-tools-for-stm32.13.3.rel1.win32_1.0.0.202411081344/tools/bin/../lib/gcc/arm-none-eabi/13.3.1/../../../../arm-none-eabi/lib/thumb/v8-m.main+fp/hard\libc_nano.a(libc_a-fwalk.o)
 .ARM.attributes
                0x000004ce       0x38 C:/ST/STM32CubeIDE_1.19.0/STM32CubeIDE/plugins/com.st.stm32cube.ide.mcu.externaltools.gnu-tools-for-stm32.13.3.rel1.win32_1.0.0.202411081344/tools/bin/../lib/gcc/arm-none-eabi/13.3.1/../../../../arm-none-eabi/lib/thumb/v8-m.main+fp/hard\libc_nano.a(libc_a-printf.o)
 .ARM.attributes
                0x00000506       0x38 C:/ST/STM32CubeIDE_1.19.0/STM32CubeIDE/plugins/com.st.stm32cube.ide.mcu.externaltools.gnu-tools-for-stm32.13.3.rel1.win32_1.0.0.202411081344/tools/bin/../lib/gcc/arm-none-eabi/13.3.1/../../../../arm-none-eabi/lib/thumb/v8-m.main+fp/hard\libc_nano.a(libc_a-stdio.o)
 .ARM.attributes
                0x0000053e       0x38 C:/ST/STM32CubeIDE_1.19.0/STM32CubeIDE/plugins/com.st.stm32cube.ide.mcu.externaltools.gnu-tools-for-stm32.13.3.rel1.win32_1.0.0.202411081344/tools/bin/../lib/gcc/arm-none-eabi/13.3.1/../../../../arm-none-eabi/lib/thumb/v8-m.main+fp/hard\libc_nano.a(libc_a-memset.o)
 .ARM.attributes
                0x00000576       0x38 C:/ST/STM32CubeIDE_1.19.0/STM32CubeIDE/plugins/com.st.stm32cube.ide.mcu.externaltools.gnu-tools-for-stm32.13.3.rel1.win32_1.0.0.202411081344/tools/bin/../lib/gcc/arm-none-eabi/13.3.1/../../../../arm-none-eabi/lib/thumb/v8-m.main+fp/hard\libc_nano.a(libc_a-closer.o)
 .ARM.attributes
                0x000005ae       0x38 C:/ST/STM32CubeIDE_1.19.0/STM32CubeIDE/plugins/com.st.stm32cube.ide.mcu.externaltools.gnu-tools-for-stm32.13.3.rel1.win32_1.0.0.202411081344/tools/bin/../lib/gcc/arm-none-eabi/13.3.1/../../../../arm-none-eabi/lib/thumb/v8-m.main+fp/hard\libc_nano.a(libc_a-reent.o)
 .ARM.attributes
                0x000005e6       0x38 C:/ST/STM32CubeIDE_1.19.0/STM32CubeIDE/plugins/com.st.stm32cube.ide.mcu.externaltools.gnu-tools-for-stm32.13.3.rel1.win32_1.0.0.202411081344/tools/bin/../lib/gcc/arm-none-eabi/13.3.1/../../../../arm-none-eabi/lib/thumb/v8-m.main+fp/hard\libc_nano.a(libc_a-impure.o)
 .ARM.attributes
                0x0000061e       0x38 C:/ST/STM32CubeIDE_1.19.0/STM32CubeIDE/plugins/com.st.stm32cube.ide.mcu.externaltools.gnu-tools-for-stm32.13.3.rel1.win32_1.0.0.202411081344/tools/bin/../lib/gcc/arm-none-eabi/13.3.1/../../../../arm-none-eabi/lib/thumb/v8-m.main+fp/hard\libc_nano.a(libc_a-lseekr.o)
 .ARM.attributes
                0x00000656       0x38 C:/ST/STM32CubeIDE_1.19.0/STM32CubeIDE/plugins/com.st.stm32cube.ide.mcu.externaltools.gnu-tools-for-stm32.13.3.rel1.win32_1.0.0.202411081344/tools/bin/../lib/gcc/arm-none-eabi/13.3.1/../../../../arm-none-eabi/lib/thumb/v8-m.main+fp/hard\libc_nano.a(libc_a-readr.o)
 .ARM.attributes
                0x0000068e       0x38 C:/ST/STM32CubeIDE_1.19.0/STM32CubeIDE/plugins/com.st.stm32cube.ide.mcu.externaltools.gnu-tools-for-stm32.13.3.rel1.win32_1.0.0.202411081344/tools/bin/../lib/gcc/arm-none-eabi/13.3.1/../../../../arm-none-eabi/lib/thumb/v8-m.main+fp/hard\libc_nano.a(libc_a-writer.o)
 .ARM.attributes
                0x000006c6       0x38 C:/ST/STM32CubeIDE_1.19.0/STM32CubeIDE/plugins/com.st.stm32cube.ide.mcu.externaltools.gnu-tools-for-stm32.13.3.rel1.win32_1.0.0.202411081344/tools/bin/../lib/gcc/arm-none-eabi/13.3.1/../../../../arm-none-eabi/lib/thumb/v8-m.main+fp/hard\libc_nano.a(libc_a-errno.o)
 .ARM.attributes
                0x000006fe       0x38 C:/ST/STM32CubeIDE_1.19.0/STM32CubeIDE/plugins/com.st.stm32cube.ide.mcu.externaltools.gnu-tools-for-stm32.13.3.rel1.win32_1.0.0.202411081344/tools/bin/../lib/gcc/arm-none-eabi/13.3.1/../../../../arm-none-eabi/lib/thumb/v8-m.main+fp/hard\libc_nano.a(libc_a-init.o)
 .ARM.attributes
                0x00000736       0x38 C:/ST/STM32CubeIDE_1.19.0/STM32CubeIDE/plugins/com.st.stm32cube.ide.mcu.externaltools.gnu-tools-for-stm32.13.3.rel1.win32_1.0.0.202411081344/tools/bin/../lib/gcc/arm-none-eabi/13.3.1/../../../../arm-none-eabi/lib/thumb/v8-m.main+fp/hard\libc_nano.a(libc_a-lock.o)
 .ARM.attributes
                0x0000076e       0x38 C:/ST/STM32CubeIDE_1.19.0/STM32CubeIDE/plugins/com.st.stm32cube.ide.mcu.externaltools.gnu-tools-for-stm32.13.3.rel1.win32_1.0.0.202411081344/tools/bin/../lib/gcc/arm-none-eabi/13.3.1/../../../../arm-none-eabi/lib/thumb/v8-m.main+fp/hard\libc_nano.a(libc_a-freer.o)
 .ARM.attributes
                0x000007a6       0x38 C:/ST/STM32CubeIDE_1.19.0/STM32CubeIDE/plugins/com.st.stm32cube.ide.mcu.externaltools.gnu-tools-for-stm32.13.3.rel1.win32_1.0.0.202411081344/tools/bin/../lib/gcc/arm-none-eabi/13.3.1/../../../../arm-none-eabi/lib/thumb/v8-m.main+fp/hard\libc_nano.a(libc_a-mallocr.o)
 .ARM.attributes
                0x000007de       0x38 C:/ST/STM32CubeIDE_1.19.0/STM32CubeIDE/plugins/com.st.stm32cube.ide.mcu.externaltools.gnu-tools-for-stm32.13.3.rel1.win32_1.0.0.202411081344/tools/bin/../lib/gcc/arm-none-eabi/13.3.1/../../../../arm-none-eabi/lib/thumb/v8-m.main+fp/hard\libc_nano.a(libc_a-mlock.o)
 .ARM.attributes
                0x00000816       0x38 C:/ST/STM32CubeIDE_1.19.0/STM32CubeIDE/plugins/com.st.stm32cube.ide.mcu.externaltools.gnu-tools-for-stm32.13.3.rel1.win32_1.0.0.202411081344/tools/bin/../lib/gcc/arm-none-eabi/13.3.1/../../../../arm-none-eabi/lib/thumb/v8-m.main+fp/hard\libc_nano.a(libc_a-nano-vfprintf.o)
 .ARM.attributes
                0x0000084e       0x38 C:/ST/STM32CubeIDE_1.19.0/STM32CubeIDE/plugins/com.st.stm32cube.ide.mcu.externaltools.gnu-tools-for-stm32.13.3.rel1.win32_1.0.0.202411081344/tools/bin/../lib/gcc/arm-none-eabi/13.3.1/../../../../arm-none-eabi/lib/thumb/v8-m.main+fp/hard\libc_nano.a(libc_a-nano-vfprintf_i.o)
 .ARM.attributes
                0x00000886       0x38 C:/ST/STM32CubeIDE_1.19.0/STM32CubeIDE/plugins/com.st.stm32cube.ide.mcu.externaltools.gnu-tools-for-stm32.13.3.rel1.win32_1.0.0.202411081344/tools/bin/../lib/gcc/arm-none-eabi/13.3.1/../../../../arm-none-eabi/lib/thumb/v8-m.main+fp/hard\libc_nano.a(libc_a-fflush.o)
 .ARM.attributes
                0x000008be       0x38 C:/ST/STM32CubeIDE_1.19.0/STM32CubeIDE/plugins/com.st.stm32cube.ide.mcu.externaltools.gnu-tools-for-stm32.13.3.rel1.win32_1.0.0.202411081344/tools/bin/../lib/gcc/arm-none-eabi/13.3.1/../../../../arm-none-eabi/lib/thumb/v8-m.main+fp/hard\libc_nano.a(libc_a-wbuf.o)
 .ARM.attributes
                0x000008f6       0x38 C:/ST/STM32CubeIDE_1.19.0/STM32CubeIDE/plugins/com.st.stm32cube.ide.mcu.externaltools.gnu-tools-for-stm32.13.3.rel1.win32_1.0.0.202411081344/tools/bin/../lib/gcc/arm-none-eabi/13.3.1/../../../../arm-none-eabi/lib/thumb/v8-m.main+fp/hard\libc_nano.a(libc_a-wsetup.o)
 .ARM.attributes
                0x0000092e       0x38 C:/ST/STM32CubeIDE_1.19.0/STM32CubeIDE/plugins/com.st.stm32cube.ide.mcu.externaltools.gnu-tools-for-stm32.13.3.rel1.win32_1.0.0.202411081344/tools/bin/../lib/gcc/arm-none-eabi/13.3.1/../../../../arm-none-eabi/lib/thumb/v8-m.main+fp/hard\libc_nano.a(libc_a-sbrkr.o)
 .ARM.attributes
                0x00000966       0x38 C:/ST/STM32CubeIDE_1.19.0/STM32CubeIDE/plugins/com.st.stm32cube.ide.mcu.externaltools.gnu-tools-for-stm32.13.3.rel1.win32_1.0.0.202411081344/tools/bin/../lib/gcc/arm-none-eabi/13.3.1/../../../../arm-none-eabi/lib/thumb/v8-m.main+fp/hard\libc_nano.a(libc_a-memchr-stub.o)
 .ARM.attributes
                0x0000099e       0x38 C:/ST/STM32CubeIDE_1.19.0/STM32CubeIDE/plugins/com.st.stm32cube.ide.mcu.externaltools.gnu-tools-for-stm32.13.3.rel1.win32_1.0.0.202411081344/tools/bin/../lib/gcc/arm-none-eabi/13.3.1/../../../../arm-none-eabi/lib/thumb/v8-m.main+fp/hard\libc_nano.a(libc_a-makebuf.o)
 .ARM.attributes
                0x000009d6       0x38 C:/ST/STM32CubeIDE_1.19.0/STM32CubeIDE/plugins/com.st.stm32cube.ide.mcu.externaltools.gnu-tools-for-stm32.13.3.rel1.win32_1.0.0.202411081344/tools/bin/../lib/gcc/arm-none-eabi/13.3.1/../../../../arm-none-eabi/lib/thumb/v8-m.main+fp/hard\libc_nano.a(libc_a-fstatr.o)
 .ARM.attributes
                0x00000a0e       0x38 C:/ST/STM32CubeIDE_1.19.0/STM32CubeIDE/plugins/com.st.stm32cube.ide.mcu.externaltools.gnu-tools-for-stm32.13.3.rel1.win32_1.0.0.202411081344/tools/bin/../lib/gcc/arm-none-eabi/13.3.1/../../../../arm-none-eabi/lib/thumb/v8-m.main+fp/hard\libc_nano.a(libc_a-isattyr.o)
 .ARM.attributes
                0x00000a46       0x38 C:/ST/STM32CubeIDE_1.19.0/STM32CubeIDE/plugins/com.st.stm32cube.ide.mcu.externaltools.gnu-tools-for-stm32.13.3.rel1.win32_1.0.0.202411081344/tools/bin/../lib/gcc/arm-none-eabi/13.3.1/../../../../arm-none-eabi/lib/thumb/v8-m.main+fp/hard\libm.a(libm_a-wf_pow.o)
 .ARM.attributes
                0x00000a7e       0x38 C:/ST/STM32CubeIDE_1.19.0/STM32CubeIDE/plugins/com.st.stm32cube.ide.mcu.externaltools.gnu-tools-for-stm32.13.3.rel1.win32_1.0.0.202411081344/tools/bin/../lib/gcc/arm-none-eabi/13.3.1/../../../../arm-none-eabi/lib/thumb/v8-m.main+fp/hard\libm.a(libm_a-sf_finite.o)
 .ARM.attributes
                0x00000ab6       0x38 C:/ST/STM32CubeIDE_1.19.0/STM32CubeIDE/plugins/com.st.stm32cube.ide.mcu.externaltools.gnu-tools-for-stm32.13.3.rel1.win32_1.0.0.202411081344/tools/bin/../lib/gcc/arm-none-eabi/13.3.1/../../../../arm-none-eabi/lib/thumb/v8-m.main+fp/hard\libm.a(libm_a-ef_pow.o)
 .ARM.attributes
                0x00000aee       0x38 C:/ST/STM32CubeIDE_1.19.0/STM32CubeIDE/plugins/com.st.stm32cube.ide.mcu.externaltools.gnu-tools-for-stm32.13.3.rel1.win32_1.0.0.202411081344/tools/bin/../lib/gcc/arm-none-eabi/13.3.1/../../../../arm-none-eabi/lib/thumb/v8-m.main+fp/hard\libm.a(libm_a-sf_fabs.o)
 .ARM.attributes
                0x00000b26       0x38 C:/ST/STM32CubeIDE_1.19.0/STM32CubeIDE/plugins/com.st.stm32cube.ide.mcu.externaltools.gnu-tools-for-stm32.13.3.rel1.win32_1.0.0.202411081344/tools/bin/../lib/gcc/arm-none-eabi/13.3.1/../../../../arm-none-eabi/lib/thumb/v8-m.main+fp/hard\libm.a(libm_a-sf_scalbn.o)
 .ARM.attributes
                0x00000b5e       0x38 C:/ST/STM32CubeIDE_1.19.0/STM32CubeIDE/plugins/com.st.stm32cube.ide.mcu.externaltools.gnu-tools-for-stm32.13.3.rel1.win32_1.0.0.202411081344/tools/bin/../lib/gcc/arm-none-eabi/13.3.1/../../../../arm-none-eabi/lib/thumb/v8-m.main+fp/hard\libm.a(libm_a-math_errf.o)
 .ARM.attributes
                0x00000b96       0x38 C:/ST/STM32CubeIDE_1.19.0/STM32CubeIDE/plugins/com.st.stm32cube.ide.mcu.externaltools.gnu-tools-for-stm32.13.3.rel1.win32_1.0.0.202411081344/tools/bin/../lib/gcc/arm-none-eabi/13.3.1/../../../../arm-none-eabi/lib/thumb/v8-m.main+fp/hard\libm.a(libm_a-ef_sqrt.o)
 .ARM.attributes
                0x00000bce       0x26 C:/ST/STM32CubeIDE_1.19.0/STM32CubeIDE/plugins/com.st.stm32cube.ide.mcu.externaltools.gnu-tools-for-stm32.13.3.rel1.win32_1.0.0.202411081344/tools/bin/../lib/gcc/arm-none-eabi/13.3.1/thumb/v8-m.main+fp/hard\libgcc.a(_aeabi_uldivmod.o)
 .ARM.attributes
                0x00000bf4       0x38 C:/ST/STM32CubeIDE_1.19.0/STM32CubeIDE/plugins/com.st.stm32cube.ide.mcu.externaltools.gnu-tools-for-stm32.13.3.rel1.win32_1.0.0.202411081344/tools/bin/../lib/gcc/arm-none-eabi/13.3.1/thumb/v8-m.main+fp/hard\libgcc.a(_udivmoddi4.o)
 .ARM.attributes
                0x00000c2c       0x26 C:/ST/STM32CubeIDE_1.19.0/STM32CubeIDE/plugins/com.st.stm32cube.ide.mcu.externaltools.gnu-tools-for-stm32.13.3.rel1.win32_1.0.0.202411081344/tools/bin/../lib/gcc/arm-none-eabi/13.3.1/thumb/v8-m.main+fp/hard\libgcc.a(_dvmd_tls.o)
 .ARM.attributes
                0x00000c52       0x26 C:/ST/STM32CubeIDE_1.19.0/STM32CubeIDE/plugins/com.st.stm32cube.ide.mcu.externaltools.gnu-tools-for-stm32.13.3.rel1.win32_1.0.0.202411081344/tools/bin/../lib/gcc/arm-none-eabi/13.3.1/thumb/v8-m.main+fp/hard/crtn.o
OUTPUT(Microphone.elf elf32-littlearm)
LOAD linker stubs
LOAD C:/ST/STM32CubeIDE_1.19.0/STM32CubeIDE/plugins/com.st.stm32cube.ide.mcu.externaltools.gnu-tools-for-stm32.13.3.rel1.win32_1.0.0.202411081344/tools/bin/../lib/gcc/arm-none-eabi/13.3.1/../../../../arm-none-eabi/lib/thumb/v8-m.main+fp/hard\libc.a
LOAD C:/ST/STM32CubeIDE_1.19.0/STM32CubeIDE/plugins/com.st.stm32cube.ide.mcu.externaltools.gnu-tools-for-stm32.13.3.rel1.win32_1.0.0.202411081344/tools/bin/../lib/gcc/arm-none-eabi/13.3.1/../../../../arm-none-eabi/lib/thumb/v8-m.main+fp/hard\libm.a
LOAD C:/ST/STM32CubeIDE_1.19.0/STM32CubeIDE/plugins/com.st.stm32cube.ide.mcu.externaltools.gnu-tools-for-stm32.13.3.rel1.win32_1.0.0.202411081344/tools/bin/../lib/gcc/arm-none-eabi/13.3.1/thumb/v8-m.main+fp/hard\libgcc.a

.debug_info     0x00000000    0x10ae1
 .debug_info    0x00000000     0x1b9f ./Core/Src/main.o
 .debug_info    0x00001b9f     0x16b6 ./Core/Src/stm32h5xx_hal_msp.o
 .debug_info    0x00003255      0x128 ./Core/Src/stm32h5xx_it.o
 .debug_info    0x0000337d      0x6a3 ./Core/Src/syscalls.o
 .debug_info    0x00003a20      0x168 ./Core/Src/sysmem.o
 .debug_info    0x00003b88      0xd8e ./Core/Src/system_stm32h5xx.o
 .debug_info    0x00004916       0x30 ./Core/Startup/startup_stm32h573iikxq.o
 .debug_info    0x00004946     0x13b1 ./Drivers/STM32H5xx_HAL_Driver/Src/stm32h5xx_hal.o
 .debug_info    0x00005cf7     0x166a ./Drivers/STM32H5xx_HAL_Driver/Src/stm32h5xx_hal_cortex.o
 .debug_info    0x00007361      0x6b6 ./Drivers/STM32H5xx_HAL_Driver/Src/stm32h5xx_hal_gpio.o
 .debug_info    0x00007a17      0x4d6 ./Drivers/STM32H5xx_HAL_Driver/Src/stm32h5xx_hal_icache.o
 .debug_info    0x00007eed     0x109f ./Drivers/STM32H5xx_HAL_Driver/Src/stm32h5xx_hal_rcc.o
 .debug_info    0x00008f8c     0x12d7 ./Drivers/STM32H5xx_HAL_Driver/Src/stm32h5xx_hal_rcc_ex.o
 .debug_info    0x0000a263     0x150b ./Drivers/STM32H5xx_HAL_Driver/Src/stm32h5xx_hal_sai.o
 .debug_info    0x0000b76e     0x4066 ./Drivers/STM32H5xx_HAL_Driver/Src/stm32h5xx_hal_uart.o
 .debug_info    0x0000f7d4     0x10ec ./Drivers/STM32H5xx_HAL_Driver/Src/stm32h5xx_hal_uart_ex.o
 .debug_info    0x000108c0      0x221 ./PDM2PCM/pdm2pcm.o

.debug_abbrev   0x00000000     0x2195
 .debug_abbrev  0x00000000      0x330 ./Core/Src/main.o
 .debug_abbrev  0x00000330      0x209 ./Core/Src/stm32h5xx_hal_msp.o
 .debug_abbrev  0x00000539       0x73 ./Core/Src/stm32h5xx_it.o
 .debug_abbrev  0x000005ac      0x1b6 ./Core/Src/syscalls.o
 .debug_abbrev  0x00000762       0xbc ./Core/Src/sysmem.o
 .debug_abbrev  0x0000081e      0x13a ./Core/Src/system_stm32h5xx.o
 .debug_abbrev  0x00000958       0x24 ./Core/Startup/startup_stm32h573iikxq.o
 .debug_abbrev  0x0000097c      0x2af ./Drivers/STM32H5xx_HAL_Driver/Src/stm32h5xx_hal.o
 .debug_abbrev  0x00000c2b      0x311 ./Drivers/STM32H5xx_HAL_Driver/Src/stm32h5xx_hal_cortex.o
 .debug_abbrev  0x00000f3c      0x1db ./Drivers/STM32H5xx_HAL_Driver/Src/stm32h5xx_hal_gpio.o
 .debug_abbrev  0x00001117      0x228 ./Drivers/STM32H5xx_HAL_Driver/Src/stm32h5xx_hal_icache.o
 .debug_abbrev  0x0000133f      0x290 ./Drivers/STM32H5xx_HAL_Driver/Src/stm32h5xx_hal_rcc.o
 .debug_abbrev  0x000015cf      0x269 ./Drivers/STM32H5xx_HAL_Driver/Src/stm32h5xx_hal_rcc_ex.o
 .debug_abbrev  0x00001838      0x28c ./Drivers/STM32H5xx_HAL_Driver/Src/stm32h5xx_hal_sai.o
 .debug_abbrev  0x00001ac4      0x305 ./Drivers/STM32H5xx_HAL_Driver/Src/stm32h5xx_hal_uart.o
 .debug_abbrev  0x00001dc9      0x2d4 ./Drivers/STM32H5xx_HAL_Driver/Src/stm32h5xx_hal_uart_ex.o
 .debug_abbrev  0x0000209d       0xf8 ./PDM2PCM/pdm2pcm.o

.debug_aranges  0x00000000      0xca8
 .debug_aranges
                0x00000000       0x58 ./Core/Src/main.o
 .debug_aranges
                0x00000058       0x40 ./Core/Src/stm32h5xx_hal_msp.o
 .debug_aranges
                0x00000098       0x60 ./Core/Src/stm32h5xx_it.o
 .debug_aranges
                0x000000f8       0xa8 ./Core/Src/syscalls.o
 .debug_aranges
                0x000001a0       0x20 ./Core/Src/sysmem.o
 .debug_aranges
                0x000001c0       0x28 ./Core/Src/system_stm32h5xx.o
 .debug_aranges
                0x000001e8       0x28 ./Core/Startup/startup_stm32h573iikxq.o
 .debug_aranges
                0x00000210      0x200 ./Drivers/STM32H5xx_HAL_Driver/Src/stm32h5xx_hal.o
 .debug_aranges
                0x00000410      0x140 ./Drivers/STM32H5xx_HAL_Driver/Src/stm32h5xx_hal_cortex.o
 .debug_aranges
                0x00000550       0x78 ./Drivers/STM32H5xx_HAL_Driver/Src/stm32h5xx_hal_gpio.o
 .debug_aranges
                0x000005c8       0xa8 ./Drivers/STM32H5xx_HAL_Driver/Src/stm32h5xx_hal_icache.o
 .debug_aranges
                0x00000670       0xa0 ./Drivers/STM32H5xx_HAL_Driver/Src/stm32h5xx_hal_rcc.o
 .debug_aranges
                0x00000710      0x108 ./Drivers/STM32H5xx_HAL_Driver/Src/stm32h5xx_hal_rcc_ex.o
 .debug_aranges
                0x00000818      0x178 ./Drivers/STM32H5xx_HAL_Driver/Src/stm32h5xx_hal_sai.o
 .debug_aranges
                0x00000990      0x248 ./Drivers/STM32H5xx_HAL_Driver/Src/stm32h5xx_hal_uart.o
 .debug_aranges
                0x00000bd8       0xa8 ./Drivers/STM32H5xx_HAL_Driver/Src/stm32h5xx_hal_uart_ex.o
 .debug_aranges
                0x00000c80       0x28 ./PDM2PCM/pdm2pcm.o

.debug_rnglists
                0x00000000      0x9bb
 .debug_rnglists
                0x00000000       0x40 ./Core/Src/main.o
 .debug_rnglists
                0x00000040       0x2d ./Core/Src/stm32h5xx_hal_msp.o
 .debug_rnglists
                0x0000006d       0x43 ./Core/Src/stm32h5xx_it.o
 .debug_rnglists
                0x000000b0       0x79 ./Core/Src/syscalls.o
 .debug_rnglists
                0x00000129       0x13 ./Core/Src/sysmem.o
 .debug_rnglists
                0x0000013c       0x1b ./Core/Src/system_stm32h5xx.o
 .debug_rnglists
                0x00000157       0x19 ./Core/Startup/startup_stm32h573iikxq.o
 .debug_rnglists
                0x00000170      0x17d ./Drivers/STM32H5xx_HAL_Driver/Src/stm32h5xx_hal.o
 .debug_rnglists
                0x000002ed       0xec ./Drivers/STM32H5xx_HAL_Driver/Src/stm32h5xx_hal_cortex.o
 .debug_rnglists
                0x000003d9       0x57 ./Drivers/STM32H5xx_HAL_Driver/Src/stm32h5xx_hal_gpio.o
 .debug_rnglists
                0x00000430       0x7a ./Drivers/STM32H5xx_HAL_Driver/Src/stm32h5xx_hal_icache.o
 .debug_rnglists
                0x000004aa       0x79 ./Drivers/STM32H5xx_HAL_Driver/Src/stm32h5xx_hal_rcc.o
 .debug_rnglists
                0x00000523       0xcf ./Drivers/STM32H5xx_HAL_Driver/Src/stm32h5xx_hal_rcc_ex.o
 .debug_rnglists
                0x000005f2      0x136 ./Drivers/STM32H5xx_HAL_Driver/Src/stm32h5xx_hal_sai.o
 .debug_rnglists
                0x00000728      0x1fb ./Drivers/STM32H5xx_HAL_Driver/Src/stm32h5xx_hal_uart.o
 .debug_rnglists
                0x00000923       0x7f ./Drivers/STM32H5xx_HAL_Driver/Src/stm32h5xx_hal_uart_ex.o
 .debug_rnglists
                0x000009a2       0x19 ./PDM2PCM/pdm2pcm.o

.debug_macro    0x00000000    0x32aba
 .debug_macro   0x00000000      0x2df ./Core/Src/main.o
 .debug_macro   0x000002df      0xade ./Core/Src/main.o
 .debug_macro   0x00000dbd      0x1ec ./Core/Src/main.o
 .debug_macro   0x00000fa9       0x22 ./Core/Src/main.o
 .debug_macro   0x00000fcb       0x5b ./Core/Src/main.o
 .debug_macro   0x00001026       0x2a ./Core/Src/main.o
 .debug_macro   0x00001050       0x94 ./Core/Src/main.o
 .debug_macro   0x000010e4       0x43 ./Core/Src/main.o
 .debug_macro   0x00001127       0x34 ./Core/Src/main.o
 .debug_macro   0x0000115b      0x190 ./Core/Src/main.o
 .debug_macro   0x000012eb       0x57 ./Core/Src/main.o
 .debug_macro   0x00001342      0x370 ./Core/Src/main.o
 .debug_macro   0x000016b2       0x16 ./Core/Src/main.o
 .debug_macro   0x000016c8       0x4a ./Core/Src/main.o
 .debug_macro   0x00001712       0x34 ./Core/Src/main.o
 .debug_macro   0x00001746       0x10 ./Core/Src/main.o
 .debug_macro   0x00001756       0x58 ./Core/Src/main.o
 .debug_macro   0x000017ae       0x8e ./Core/Src/main.o
 .debug_macro   0x0000183c       0x1c ./Core/Src/main.o
 .debug_macro   0x00001858      0x185 ./Core/Src/main.o
 .debug_macro   0x000019dd      0x19b ./Core/Src/main.o
 .debug_macro   0x00001b78       0x28 ./Core/Src/main.o
 .debug_macro   0x00001ba0       0x49 ./Core/Src/main.o
 .debug_macro   0x00001be9      0x103 ./Core/Src/main.o
 .debug_macro   0x00001cec       0x6a ./Core/Src/main.o
 .debug_macro   0x00001d56      0x1df ./Core/Src/main.o
 .debug_macro   0x00001f35       0x1c ./Core/Src/main.o
 .debug_macro   0x00001f51       0x29 ./Core/Src/main.o
 .debug_macro   0x00001f7a       0xfb ./Core/Src/main.o
 .debug_macro   0x00002075     0x1685 ./Core/Src/main.o
 .debug_macro   0x000036fa       0x5e ./Core/Src/main.o
 .debug_macro   0x00003758    0x21f07 ./Core/Src/main.o
 .debug_macro   0x0002565f       0x6d ./Core/Src/main.o
 .debug_macro   0x000256cc     0x388a ./Core/Src/main.o
 .debug_macro   0x00028f56       0x63 ./Core/Src/main.o
 .debug_macro   0x00028fb9     0x1fae ./Core/Src/main.o
 .debug_macro   0x0002af67      0xe96 ./Core/Src/main.o
 .debug_macro   0x0002bdfd      0x166 ./Core/Src/main.o
 .debug_macro   0x0002bf63      0x300 ./Core/Src/main.o
 .debug_macro   0x0002c263       0xca ./Core/Src/main.o
 .debug_macro   0x0002c32d      0x94f ./Core/Src/main.o
 .debug_macro   0x0002cc7c      0x478 ./Core/Src/main.o
 .debug_macro   0x0002d0f4       0xd6 ./Core/Src/main.o
 .debug_macro   0x0002d1ca      0x1cd ./Core/Src/main.o
 .debug_macro   0x0002d397      0x55b ./Core/Src/main.o
 .debug_macro   0x0002d8f2      0x638 ./Core/Src/main.o
 .debug_macro   0x0002df2a       0x7b ./Core/Src/main.o
 .debug_macro   0x0002dfa5      0x313 ./Core/Src/main.o
 .debug_macro   0x0002e2b8      0x1bb ./Core/Src/main.o
 .debug_macro   0x0002e473      0x3ad ./Core/Src/main.o
 .debug_macro   0x0002e820       0x10 ./Core/Src/main.o
 .debug_macro   0x0002e830       0xe4 ./Core/Src/main.o
 .debug_macro   0x0002e914      0x693 ./Core/Src/main.o
 .debug_macro   0x0002efa7       0xa6 ./Core/Src/main.o
 .debug_macro   0x0002f04d      0x2a7 ./Core/Src/main.o
 .debug_macro   0x0002f2f4      0x4ee ./Core/Src/main.o
 .debug_macro   0x0002f7e2       0x82 ./Core/Src/main.o
 .debug_macro   0x0002f864       0x1c ./Core/Src/main.o
 .debug_macro   0x0002f880       0x3c ./Core/Src/main.o
 .debug_macro   0x0002f8bc       0x10 ./Core/Src/main.o
 .debug_macro   0x0002f8cc       0x1c ./Core/Src/main.o
 .debug_macro   0x0002f8e8       0x16 ./Core/Src/main.o
 .debug_macro   0x0002f8fe      0x146 ./Core/Src/main.o
 .debug_macro   0x0002fa44      0x286 ./Core/Src/stm32h5xx_hal_msp.o
 .debug_macro   0x0002fcca      0x290 ./Core/Src/stm32h5xx_it.o
 .debug_macro   0x0002ff5a      0x274 ./Core/Src/syscalls.o
 .debug_macro   0x000301ce       0x10 ./Core/Src/syscalls.o
 .debug_macro   0x000301de       0x10 ./Core/Src/syscalls.o
 .debug_macro   0x000301ee       0x10 ./Core/Src/syscalls.o
 .debug_macro   0x000301fe       0x10 ./Core/Src/syscalls.o
 .debug_macro   0x0003020e       0x1c ./Core/Src/syscalls.o
 .debug_macro   0x0003022a       0x52 ./Core/Src/syscalls.o
 .debug_macro   0x0003027c       0x22 ./Core/Src/syscalls.o
 .debug_macro   0x0003029e       0x10 ./Core/Src/syscalls.o
 .debug_macro   0x000302ae       0x52 ./Core/Src/syscalls.o
 .debug_macro   0x00030300       0xcf ./Core/Src/syscalls.o
 .debug_macro   0x000303cf       0x1c ./Core/Src/syscalls.o
 .debug_macro   0x000303eb       0x3d ./Core/Src/syscalls.o
 .debug_macro   0x00030428       0x35 ./Core/Src/syscalls.o
 .debug_macro   0x0003045d      0x12c ./Core/Src/syscalls.o
 .debug_macro   0x00030589       0x16 ./Core/Src/syscalls.o
 .debug_macro   0x0003059f       0x16 ./Core/Src/syscalls.o
 .debug_macro   0x000305b5       0x29 ./Core/Src/syscalls.o
 .debug_macro   0x000305de       0x10 ./Core/Src/syscalls.o
 .debug_macro   0x000305ee      0x242 ./Core/Src/syscalls.o
 .debug_macro   0x00030830       0x10 ./Core/Src/syscalls.o
 .debug_macro   0x00030840      0x18a ./Core/Src/syscalls.o
 .debug_macro   0x000309ca       0x16 ./Core/Src/syscalls.o
 .debug_macro   0x000309e0       0xce ./Core/Src/syscalls.o
 .debug_macro   0x00030aae      0x112 ./Core/Src/sysmem.o
 .debug_macro   0x00030bc0      0x23c ./Core/Src/sysmem.o
 .debug_macro   0x00030dfc      0x283 ./Core/Src/system_stm32h5xx.o
 .debug_macro   0x0003107f      0x2b2 ./Drivers/STM32H5xx_HAL_Driver/Src/stm32h5xx_hal.o
 .debug_macro   0x00031331      0x27c ./Drivers/STM32H5xx_HAL_Driver/Src/stm32h5xx_hal_cortex.o
 .debug_macro   0x000315ad      0x2b2 ./Drivers/STM32H5xx_HAL_Driver/Src/stm32h5xx_hal_gpio.o
 .debug_macro   0x0003185f      0x2ae ./Drivers/STM32H5xx_HAL_Driver/Src/stm32h5xx_hal_icache.o
 .debug_macro   0x00031b0d      0x2be ./Drivers/STM32H5xx_HAL_Driver/Src/stm32h5xx_hal_rcc.o
 .debug_macro   0x00031dcb      0x28e ./Drivers/STM32H5xx_HAL_Driver/Src/stm32h5xx_hal_rcc_ex.o
 .debug_macro   0x00032059      0x299 ./Drivers/STM32H5xx_HAL_Driver/Src/stm32h5xx_hal_sai.o
 .debug_macro   0x000322f2      0x2a7 ./Drivers/STM32H5xx_HAL_Driver/Src/stm32h5xx_hal_uart.o
 .debug_macro   0x00032599      0x288 ./Drivers/STM32H5xx_HAL_Driver/Src/stm32h5xx_hal_uart_ex.o
 .debug_macro   0x00032821      0x299 ./PDM2PCM/pdm2pcm.o

.debug_line     0x00000000    0x11b02
 .debug_line    0x00000000      0xb4e ./Core/Src/main.o
 .debug_line    0x00000b4e      0x97f ./Core/Src/stm32h5xx_hal_msp.o
 .debug_line    0x000014cd      0x943 ./Core/Src/stm32h5xx_it.o
 .debug_line    0x00001e10      0x8ac ./Core/Src/syscalls.o
 .debug_line    0x000026bc      0x588 ./Core/Src/sysmem.o
 .debug_line    0x00002c44      0xa18 ./Core/Src/system_stm32h5xx.o
 .debug_line    0x0000365c       0x7b ./Core/Startup/startup_stm32h573iikxq.o
 .debug_line    0x000036d7      0xfb8 ./Drivers/STM32H5xx_HAL_Driver/Src/stm32h5xx_hal.o
 .debug_line    0x0000468f      0xee7 ./Drivers/STM32H5xx_HAL_Driver/Src/stm32h5xx_hal_cortex.o