../Core/Src/main.c:82:5:__io_putchar	16	static
../Core/Src/main.c:93:5:main	8	static
../Core/Src/main.c:155:6:SystemClock_Config	120	static
../Core/Src/main.c:206:13:MX_GPDMA1_Init	16	static
../Core/Src/main.c:235:13:MX_ICACHE_Init	8	static
../Core/Src/main.c:263:13:MX_SAI1_Init	8	static
../Core/Src/main.c:314:13:MX_USART1_UART_Init	8	static
../Core/Src/main.c:362:13:MX_GPIO_Init	48	static
../Core/Src/main.c:391:6:HAL_SAI_RxCpltCallback	16	static
../Core/Src/main.c:417:6:Error_Handler	4	static,ignoring_inline_asm
