../Core/Src/main.c:73:5:_write	24	static
../Core/Src/main.c:84:5:main	16	static
../Core/Src/main.c:174:6:SystemClock_Config	120	static
../Core/Src/main.c:231:13:MX_FDCAN1_Init	8	static
../Core/Src/main.c:274:13:MX_ICACHE_Init	8	static
../Core/Src/main.c:306:13:MX_USART1_UART_Init	8	static
../Core/Src/main.c:354:13:MX_GPIO_Init	48	static
../Core/Src/main.c:383:6:HAL_FDCAN_TxBufferCompleteCallback	16	static
../Core/Src/main.c:387:6:HAL_FDCAN_TxEventFifoCallback	16	static
../Core/Src/main.c:391:6:HAL_FDCAN_RxFifo0Callback	24	static
../Core/Src/main.c:402:6:HAL_FDCAN_RxFifo1Callback	16	static
../Core/Src/main.c:412:6:Error_Handler	4	static,ignoring_inline_asm
