../USBD/Core/Src/usbd_conf.c:49:20:USBD_LL_Init	16	static
../USBD/Core/Src/usbd_conf.c:94:6:HAL_PCD_SetupStageCallback	16	static
../USBD/Core/Src/usbd_conf.c:101:6:HAL_PCD_DataOutStageCallback	16	static
../USBD/Core/Src/usbd_conf.c:107:6:HAL_PCD_DataInStageCallback	16	static
../USBD/Core/Src/usbd_conf.c:113:6:HAL_PCD_ResetCallback	24	static
../USBD/Core/Src/usbd_conf.c:121:6:HAL_PCD_SuspendCallback	16	static
../USBD/Core/Src/usbd_conf.c:126:6:HAL_PCD_ResumeCallback	16	static
../USBD/Core/Src/usbd_conf.c:131:6:HAL_PCD_SOFCallback	16	static
../USBD/Core/Src/usbd_conf.c:141:20:USBD_LL_DeInit	16	static
../USBD/Core/Src/usbd_conf.c:153:20:USBD_LL_Start	16	static
../USBD/Core/Src/usbd_conf.c:165:20:USBD_LL_Stop	16	static
../USBD/Core/Src/usbd_conf.c:180:20:USBD_LL_OpenEP	16	static
../USBD/Core/Src/usbd_conf.c:194:20:USBD_LL_CloseEP	16	static
../USBD/Core/Src/usbd_conf.c:207:20:USBD_LL_FlushEP	16	static
../USBD/Core/Src/usbd_conf.c:221:20:USBD_LL_StallEP	16	static
../USBD/Core/Src/usbd_conf.c:234:20:USBD_LL_ClearStallEP	16	static
../USBD/Core/Src/usbd_conf.c:248:9:USBD_LL_IsStallEP	24	static
../USBD/Core/Src/usbd_conf.c:263:20:USBD_LL_SetUSBAddress	16	static
../USBD/Core/Src/usbd_conf.c:279:20:USBD_LL_Transmit	24	static
../USBD/Core/Src/usbd_conf.c:297:20:USBD_LL_PrepareReceive	24	static
../USBD/Core/Src/usbd_conf.c:312:10:USBD_LL_GetRxDataSize	16	static
../USBD/Core/Src/usbd_conf.c:338:7:USBD_static_malloc	16	static
../USBD/Core/Src/usbd_conf.c:351:6:USBD_static_free	16	static
../USBD/Core/Src/usbd_conf.c:361:6:USBD_LL_Delay	16	static
