../Drivers/BSP/STM32H573I-DK/stm32h573i_discovery_bus.c:193:9:BSP_I2C4_Init	16	static
../Drivers/BSP/STM32H573I-DK/stm32h573i_discovery_bus.c:243:9:BSP_I2C4_DeInit	16	static
../Drivers/BSP/STM32H573I-DK/stm32h573i_discovery_bus.c:271:26:MX_I2C4_Init	24	static
../Drivers/BSP/STM32H573I-DK/stm32h573i_discovery_bus.c:317:9:BSP_I2C4_WriteReg	40	static
../Drivers/BSP/STM32H573I-DK/stm32h573i_discovery_bus.c:356:9:BSP_I2C4_ReadReg	40	static
../Drivers/BSP/STM32H573I-DK/stm32h573i_discovery_bus.c:395:9:BSP_I2C4_WriteReg16	40	static
../Drivers/BSP/STM32H573I-DK/stm32h573i_discovery_bus.c:434:9:BSP_I2C4_ReadReg16	40	static
../Drivers/BSP/STM32H573I-DK/stm32h573i_discovery_bus.c:472:9:BSP_I2C4_IsReady	24	static
../Drivers/BSP/STM32H573I-DK/stm32h573i_discovery_bus.c:496:9:BSP_GetTick	8	static
../Drivers/BSP/STM32H573I-DK/stm32h573i_discovery_bus.c:588:17:I2C_GetTiming	32	static
../Drivers/BSP/STM32H573I-DK/stm32h573i_discovery_bus.c:626:13:I2C_Compute_PRESC_SCLDEL_SDADEL	64	static
../Drivers/BSP/STM32H573I-DK/stm32h573i_discovery_bus.c:706:17:I2C_Compute_SCLL_SCLH	80	static
../Drivers/BSP/STM32H573I-DK/stm32h573i_discovery_bus.c:787:13:I2C4_MspInit	48	static
../Drivers/BSP/STM32H573I-DK/stm32h573i_discovery_bus.c:832:13:I2C4_MspDeInit	40	static
../Drivers/BSP/STM32H573I-DK/stm32h573i_discovery_bus.c:858:16:I2C4_WriteReg	40	static
../Drivers/BSP/STM32H573I-DK/stm32h573i_discovery_bus.c:877:16:I2C4_ReadReg	40	static
