../lwip/target/ethernetif.c:120:13:low_level_init	16	static
../lwip/target/ethernetif.c:174:14:low_level_output	80	static
../lwip/target/ethernetif.c:229:22:low_level_input	24	static
../lwip/target/ethernetif.c:250:6:ethernetif_input	24	static
../lwip/target/ethernetif.c:281:7:ethernetif_init	16	static
../lwip/target/ethernetif.c:310:6:pbuf_free_custom	24	static
../lwip/target/ethernetif.c:328:7:sys_now	8	static
../lwip/target/ethernetif.c:340:6:HAL_ETH_MspInit	64	static
../lwip/target/ethernetif.c:404:9:ETH_PHY_IO_Init	8	static
../lwip/target/ethernetif.c:421:9:ETH_PHY_IO_DeInit	4	static
../lwip/target/ethernetif.c:433:9:ETH_PHY_IO_ReadReg	24	static
../lwip/target/ethernetif.c:450:9:ETH_PHY_IO_WriteReg	24	static
../lwip/target/ethernetif.c:464:9:ETH_PHY_IO_GetTick	8	static
../lwip/target/ethernetif.c:473:6:ethernet_link_check_state	136	static
../lwip/target/ethernetif.c:529:6:HAL_ETH_RxAllocateCallback	32	static
../lwip/target/ethernetif.c:549:6:HAL_ETH_RxLinkCallback	40	static
../lwip/target/ethernetif.c:582:6:HAL_ETH_TxFreeCallback	16	static
