Archive member included to satisfy reference by file (symbol)

C:/ST/STM32CubeIDE_1.19.0/STM32CubeIDE/plugins/com.st.stm32cube.ide.mcu.externaltools.gnu-tools-for-stm32.13.3.rel1.win32_1.0.0.202411081344/tools/bin/../lib/gcc/arm-none-eabi/13.3.1/../../../../arm-none-eabi/lib/thumb/v8-m.main+fp/hard\libc_nano.a(libc_a-exit.o)
                              C:/ST/STM32CubeIDE_1.19.0/STM32CubeIDE/plugins/com.st.stm32cube.ide.mcu.externaltools.gnu-tools-for-stm32.13.3.rel1.win32_1.0.0.202411081344/tools/bin/../lib/gcc/arm-none-eabi/13.3.1/../../../../arm-none-eabi/lib/thumb/v8-m.main+fp/hard/crt0.o (exit)
C:/ST/STM32CubeIDE_1.19.0/STM32CubeIDE/plugins/com.st.stm32cube.ide.mcu.externaltools.gnu-tools-for-stm32.13.3.rel1.win32_1.0.0.202411081344/tools/bin/../lib/gcc/arm-none-eabi/13.3.1/../../../../arm-none-eabi/lib/thumb/v8-m.main+fp/hard\libc_nano.a(libc_a-findfp.o)
                              C:/ST/STM32CubeIDE_1.19.0/STM32CubeIDE/plugins/com.st.stm32cube.ide.mcu.externaltools.gnu-tools-for-stm32.13.3.rel1.win32_1.0.0.202411081344/tools/bin/../lib/gcc/arm-none-eabi/13.3.1/../../../../arm-none-eabi/lib/thumb/v8-m.main+fp/hard\libc_nano.a(libc_a-exit.o) (__stdio_exit_handler)
C:/ST/STM32CubeIDE_1.19.0/STM32CubeIDE/plugins/com.st.stm32cube.ide.mcu.externaltools.gnu-tools-for-stm32.13.3.rel1.win32_1.0.0.202411081344/tools/bin/../lib/gcc/arm-none-eabi/13.3.1/../../../../arm-none-eabi/lib/thumb/v8-m.main+fp/hard\libc_nano.a(libc_a-fwalk.o)
                              C:/ST/STM32CubeIDE_1.19.0/STM32CubeIDE/plugins/com.st.stm32cube.ide.mcu.externaltools.gnu-tools-for-stm32.13.3.rel1.win32_1.0.0.202411081344/tools/bin/../lib/gcc/arm-none-eabi/13.3.1/../../../../arm-none-eabi/lib/thumb/v8-m.main+fp/hard\libc_nano.a(libc_a-findfp.o) (_fwalk_sglue)
C:/ST/STM32CubeIDE_1.19.0/STM32CubeIDE/plugins/com.st.stm32cube.ide.mcu.externaltools.gnu-tools-for-stm32.13.3.rel1.win32_1.0.0.202411081344/tools/bin/../lib/gcc/arm-none-eabi/13.3.1/../../../../arm-none-eabi/lib/thumb/v8-m.main+fp/hard\libc_nano.a(libc_a-printf.o)
                              ./Core/Src/main.o (printf)
C:/ST/STM32CubeIDE_1.19.0/STM32CubeIDE/plugins/com.st.stm32cube.ide.mcu.externaltools.gnu-tools-for-stm32.13.3.rel1.win32_1.0.0.202411081344/tools/bin/../lib/gcc/arm-none-eabi/13.3.1/../../../../arm-none-eabi/lib/thumb/v8-m.main+fp/hard\libc_nano.a(libc_a-puts.o)
                              ./Core/Src/main.o (puts)
C:/ST/STM32CubeIDE_1.19.0/STM32CubeIDE/plugins/com.st.stm32cube.ide.mcu.externaltools.gnu-tools-for-stm32.13.3.rel1.win32_1.0.0.202411081344/tools/bin/../lib/gcc/arm-none-eabi/13.3.1/../../../../arm-none-eabi/lib/thumb/v8-m.main+fp/hard\libc_nano.a(libc_a-stdio.o)
                              C:/ST/STM32CubeIDE_1.19.0/STM32CubeIDE/plugins/com.st.stm32cube.ide.mcu.externaltools.gnu-tools-for-stm32.13.3.rel1.win32_1.0.0.202411081344/tools/bin/../lib/gcc/arm-none-eabi/13.3.1/../../../../arm-none-eabi/lib/thumb/v8-m.main+fp/hard\libc_nano.a(libc_a-findfp.o) (__sread)
C:/ST/STM32CubeIDE_1.19.0/STM32CubeIDE/plugins/com.st.stm32cube.ide.mcu.externaltools.gnu-tools-for-stm32.13.3.rel1.win32_1.0.0.202411081344/tools/bin/../lib/gcc/arm-none-eabi/13.3.1/../../../../arm-none-eabi/lib/thumb/v8-m.main+fp/hard\libc_nano.a(libc_a-wbuf.o)
                              C:/ST/STM32CubeIDE_1.19.0/STM32CubeIDE/plugins/com.st.stm32cube.ide.mcu.externaltools.gnu-tools-for-stm32.13.3.rel1.win32_1.0.0.202411081344/tools/bin/../lib/gcc/arm-none-eabi/13.3.1/../../../../arm-none-eabi/lib/thumb/v8-m.main+fp/hard\libc_nano.a(libc_a-puts.o) (__swbuf_r)
C:/ST/STM32CubeIDE_1.19.0/STM32CubeIDE/plugins/com.st.stm32cube.ide.mcu.externaltools.gnu-tools-for-stm32.13.3.rel1.win32_1.0.0.202411081344/tools/bin/../lib/gcc/arm-none-eabi/13.3.1/../../../../arm-none-eabi/lib/thumb/v8-m.main+fp/hard\libc_nano.a(libc_a-wsetup.o)
                              C:/ST/STM32CubeIDE_1.19.0/STM32CubeIDE/plugins/com.st.stm32cube.ide.mcu.externaltools.gnu-tools-for-stm32.13.3.rel1.win32_1.0.0.202411081344/tools/bin/../lib/gcc/arm-none-eabi/13.3.1/../../../../arm-none-eabi/lib/thumb/v8-m.main+fp/hard\libc_nano.a(libc_a-puts.o) (__swsetup_r)
C:/ST/STM32CubeIDE_1.19.0/STM32CubeIDE/plugins/com.st.stm32cube.ide.mcu.externaltools.gnu-tools-for-stm32.13.3.rel1.win32_1.0.0.202411081344/tools/bin/../lib/gcc/arm-none-eabi/13.3.1/../../../../arm-none-eabi/lib/thumb/v8-m.main+fp/hard\libc_nano.a(libc_a-memset.o)
                              C:/ST/STM32CubeIDE_1.19.0/STM32CubeIDE/plugins/com.st.stm32cube.ide.mcu.externaltools.gnu-tools-for-stm32.13.3.rel1.win32_1.0.0.202411081344/tools/bin/../lib/gcc/arm-none-eabi/13.3.1/../../../../arm-none-eabi/lib/thumb/v8-m.main+fp/hard/crt0.o (memset)
C:/ST/STM32CubeIDE_1.19.0/STM32CubeIDE/plugins/com.st.stm32cube.ide.mcu.externaltools.gnu-tools-for-stm32.13.3.rel1.win32_1.0.0.202411081344/tools/bin/../lib/gcc/arm-none-eabi/13.3.1/../../../../arm-none-eabi/lib/thumb/v8-m.main+fp/hard\libc_nano.a(libc_a-closer.o)
[...]
Memory Configuration

Name             Origin             Length             Attributes
RAM              0x20000000         0x000a0000         xrw
FLASH            0x08000000         0x00200000         xr
*default*        0x00000000         0xffffffff

Linker script and memory map

LOAD C:/ST/STM32CubeIDE_1.19.0/STM32CubeIDE/plugins/com.st.stm32cube.ide.mcu.externaltools.gnu-tools-for-stm32.13.3.rel1.win32_1.0.0.202411081344/tools/bin/../lib/gcc/arm-none-eabi/13.3.1/thumb/v8-m.main+fp/hard/crti.o
LOAD C:/ST/STM32CubeIDE_1.19.0/STM32CubeIDE/plugins/com.st.stm32cube.ide.mcu.externaltools.gnu-tools-for-stm32.13.3.rel1.win32_1.0.0.202411081344/tools/bin/../lib/gcc/arm-none-eabi/13.3.1/thumb/v8-m.main+fp/hard/crtbegin.o
LOAD C:/ST/STM32CubeIDE_1.19.0/STM32CubeIDE/plugins/com.st.stm32cube.ide.mcu.externaltools.gnu-tools-for-stm32.13.3.rel1.win32_1.0.0.202411081344/tools/bin/../lib/gcc/arm-none-eabi/13.3.1/../../../../arm-none-eabi/lib/thumb/v8-m.main+fp/hard/crt0.o
LOAD ./Core/Src/main.o
LOAD ./Core/Src/stm32h5xx_hal_msp.o
LOAD ./Core/Src/stm32h5xx_it.o
LOAD ./Core/Src/syscalls.o
LOAD ./Core/Src/sysmem.o
LOAD ./Core/Src/system_stm32h5xx.o
LOAD ./Core/Startup/startup_stm32h573iikxq.o
LOAD ./Drivers/STM32H5xx_HAL_Driver/Src/stm32h5xx_hal.o
LOAD ./Drivers/STM32H5xx_HAL_Driver/Src/stm32h5xx_hal_cortex.o
LOAD ./Drivers/STM32H5xx_HAL_Driver/Src/stm32h5xx_hal_dma.o
LOAD ./Drivers/STM32H5xx_HAL_Driver/Src/stm32h5xx_hal_dma_ex.o
LOAD ./Drivers/STM32H5xx_HAL_Driver/Src/stm32h5xx_hal_exti.o
LOAD ./Drivers/STM32H5xx_HAL_Driver/Src/stm32h5xx_hal_fdcan.o
LOAD ./Drivers/STM32H5xx_HAL_Driver/Src/stm32h5xx_hal_flash.o
LOAD ./Drivers/STM32H5xx_HAL_Driver/Src/stm32h5xx_hal_flash_ex.o
LOAD ./Drivers/STM32H5xx_HAL_Driver/Src/stm32h5xx_hal_gpio.o
LOAD ./Drivers/STM32H5xx_HAL_Driver/Src/stm32h5xx_hal_icache.o
LOAD ./Drivers/STM32H5xx_HAL_Driver/Src/stm32h5xx_hal_pwr.o
LOAD ./Drivers/STM32H5xx_HAL_Driver/Src/stm32h5xx_hal_pwr_ex.o
LOAD ./Drivers/STM32H5xx_HAL_Driver/Src/stm32h5xx_hal_rcc.o
LOAD ./Drivers/STM32H5xx_HAL_Driver/Src/stm32h5xx_hal_rcc_ex.o
LOAD ./Drivers/STM32H5xx_HAL_Driver/Src/stm32h5xx_hal_uart.o
LOAD ./Drivers/STM32H5xx_HAL_Driver/Src/stm32h5xx_hal_uart_ex.o
START GROUP
LOAD C:/ST/STM32CubeIDE_1.19.0/STM32CubeIDE/plugins/com.st.stm32cube.ide.mcu.externaltools.gnu-tools-for-stm32.13.3.rel1.win32_1.0.0.202411081344/tools/bin/../lib/gcc/arm-none-eabi/13.3.1/../../../../arm-none-eabi/lib/thumb/v8-m.main+fp/hard\libc_nano.a
LOAD C:/ST/STM32CubeIDE_1.19.0/STM32CubeIDE/plugins/com.st.stm32cube.ide.mcu.externaltools.gnu-tools-for-stm32.13.3.rel1.win32_1.0.0.202411081344/tools/bin/../lib/gcc/arm-none-eabi/13.3.1/../../../../arm-none-eabi/lib/thumb/v8-m.main+fp/hard\libm.a
END GROUP
START GROUP
LOAD C:/ST/STM32CubeIDE_1.19.0/STM32CubeIDE/plugins/com.st.stm32cube.ide.mcu.externaltools.gnu-tools-for-stm32.13.3.rel1.win32_1.0.0.202411081344/tools/bin/../lib/gcc/arm-none-eabi/13.3.1/thumb/v8-m.main+fp/hard\libgcc.a
LOAD C:/ST/STM32CubeIDE_1.19.0/STM32CubeIDE/plugins/com.st.stm32cube.ide.mcu.externaltools.gnu-tools-for-stm32.13.3.rel1.win32_1.0.0.202411081344/tools/bin/../lib/gcc/arm-none-eabi/13.3.1/../../../../arm-none-eabi/lib/thumb/v8-m.main+fp/hard\libc_nano.a
END GROUP
START GROUP
LOAD C:/ST/STM32CubeIDE_1.19.0/STM32CubeIDE/plugins/com.st.stm32cube.ide.mcu.externaltools.gnu-tools-for-stm32.13.3.rel1.win32_1.0.0.202411081344/tools/bin/../lib/gcc/arm-none-eabi/13.3.1/thumb/v8-m.main+fp/hard\libgcc.a
LOAD C:/ST/STM32CubeIDE_1.19.0/STM32CubeIDE/plugins/com.st.stm32cube.ide.mcu.externaltools.gnu-tools-for-stm32.13.3.rel1.win32_1.0.0.202411081344/tools/bin/../lib/gcc/arm-none-eabi/13.3.1/../../../../arm-none-eabi/lib/thumb/v8-m.main+fp/hard\libc_nano.a
LOAD C:/ST/STM32CubeIDE_1.19.0/STM32CubeIDE/plugins/com.st.stm32cube.ide.mcu.externaltools.gnu-tools-for-stm32.13.3.rel1.win32_1.0.0.202411081344/tools/bin/../lib/gcc/arm-none-eabi/13.3.1/../../../../arm-none-eabi/lib/thumb/v8-m.main+fp/hard\libnosys.a
END GROUP
START GROUP
LOAD C:/ST/STM32CubeIDE_1.19.0/STM32CubeIDE/plugins/com.st.stm32cube.ide.mcu.externaltools.gnu-tools-for-stm32.13.3.rel1.win32_1.0.0.202411081344/tools/bin/../lib/gcc/arm-none-eabi/13.3.1/thumb/v8-m.main+fp/hard\libgcc.a
LOAD C:/ST/STM32CubeIDE_1.19.0/STM32CubeIDE/plugins/com.st.stm32cube.ide.mcu.externaltools.gnu-tools-for-stm32.13.3.rel1.win32_1.0.0.202411081344/tools/bin/../lib/gcc/arm-none-eabi/13.3.1/../../../../arm-none-eabi/lib/thumb/v8-m.main+fp/hard\libc_nano.a
LOAD C:/ST/STM32CubeIDE_1.19.0/STM32CubeIDE/plugins/com.st.stm32cube.ide.mcu.externaltools.gnu-tools-for-stm32.13.3.rel1.win32_1.0.0.202411081344/tools/bin/../lib/gcc/arm-none-eabi/13.3.1/../../../../arm-none-eabi/lib/thumb/v8-m.main+fp/hard\libnosys.a
END GROUP
LOAD C:/ST/STM32CubeIDE_1.19.0/STM32CubeIDE/plugins/com.st.stm32cube.ide.mcu.externaltools.gnu-tools-for-stm32.13.3.rel1.win32_1.0.0.202411081344/tools/bin/../lib/gcc/arm-none-eabi/13.3.1/thumb/v8-m.main+fp/hard/crtend.o
LOAD C:/ST/STM32CubeIDE_1.19.0/STM32CubeIDE/plugins/com.st.stm32cube.ide.mcu.externaltools.gnu-tools-for-stm32.13.3.rel1.win32_1.0.0.202411081344/tools/bin/../lib/gcc/arm-none-eabi/13.3.1/thumb/v8-m.main+fp/hard/crtn.o
                0x200a0000                        _estack = (ORIGIN (RAM) + LENGTH (RAM))
                0x00000200                        _Min_Heap_Size = 0x200
                0x00000400                        _Min_Stack_Size = 0x400

.isr_vector     0x08000000      0x24c
                0x08000000                        . = ALIGN (0x4)
 *(.isr_vector)
 .isr_vector    0x08000000      0x24c ./Core/Startup/startup_stm32h573iikxq.o
                0x08000000                g_pfnVectors
                0x0800024c                        . = ALIGN (0x4)

.text           0x0800024c     0x9b70
                0x0800024c                        . = ALIGN (0x4)
 *(.text)
 .text          0x0800024c       0x40 C:/ST/STM32CubeIDE_1.19.0/STM32CubeIDE/plugins/com.st.stm32cube.ide.mcu.externaltools.gnu-tools-for-stm32.13.3.rel1.win32_1.0.0.202411081344/tools/bin/../lib/gcc/arm-none-eabi/13.3.1/thumb/v8-m.main+fp/hard/crtbegin.o
 .text          0x0800028c       0x30 C:/ST/STM32CubeIDE_1.19.0/STM32CubeIDE/plugins/com.st.stm32cube.ide.mcu.externaltools.gnu-tools-for-stm32.13.3.rel1.win32_1.0.0.202411081344/tools/bin/../lib/gcc/arm-none-eabi/13.3.1/thumb/v8-m.main+fp/hard\libgcc.a(_aeabi_uldivmod.o)
                0x0800028c                __aeabi_uldivmod
 .text          0x080002bc      0x348 C:/ST/STM32CubeIDE_1.19.0/STM32CubeIDE/plugins/com.st.stm32cube.ide.mcu.externaltools.gnu-tools-for-stm32.13.3.rel1.win32_1.0.0.202411081344/tools/bin/../lib/gcc/arm-none-eabi/13.3.1/thumb/v8-m.main+fp/hard\libgcc.a(_udivmoddi4.o)
                0x080002bc                __udivmoddi4
 .text          0x08000604        0x4 C:/ST/STM32CubeIDE_1.19.0/STM32CubeIDE/plugins/com.st.stm32cube.ide.mcu.externaltools.gnu-tools-for-stm32.13.3.rel1.win32_1.0.0.202411081344/tools/bin/../lib/gcc/arm-none-eabi/13.3.1/thumb/v8-m.main+fp/hard\libgcc.a(_dvmd_tls.o)
                0x08000604                __aeabi_idiv0
                0x08000604                __aeabi_ldiv0
 *(.text*)
 .text._write   0x08000608       0x2c ./Core/Src/main.o
                0x08000608                _write
 .text.main     0x08000634       0xfc ./Core/Src/main.o
                0x08000634                main
 .text.SystemClock_Config
                0x08000730       0xe0 ./Core/Src/main.o
                0x08000730                SystemClock_Config
 .text.MX_FDCAN1_Init
                0x08000810       0x8c ./Core/Src/main.o
 .text.MX_ICACHE_Init
                0x0800089c       0x26 ./Core/Src/main.o
 *fill*         0x080008c2        0x2 
 .text.MX_USART1_UART_Init
                0x080008c4       0x98 ./Core/Src/main.o
 .text.MX_GPIO_Init
                0x0800095c       0xc8 ./Core/Src/main.o
 .text.HAL_FDCAN_TxBufferCompleteCallback
                0x08000a24       0x1c ./Core/Src/main.o
                0x08000a24                HAL_FDCAN_TxBufferCompleteCallback
 .text.HAL_FDCAN_TxEventFifoCallback
                0x08000a40       0x1c ./Core/Src/main.o
                0x08000a40                HAL_FDCAN_TxEventFifoCallback
 .text.HAL_FDCAN_RxFifo0Callback
                0x08000a5c       0x74 ./Core/Src/main.o
                0x08000a5c                HAL_FDCAN_RxFifo0Callback
 .text.HAL_FDCAN_RxFifo1Callback
                0x08000ad0       0x1c ./Core/Src/main.o
                0x08000ad0                HAL_FDCAN_RxFifo1Callback
 .text.Error_Handler
                0x08000aec        0xc ./Core/Src/main.o
                0x08000aec                Error_Handler
 .text.HAL_MspInit
                0x08000af8        0xe ./Core/Src/stm32h5xx_hal_msp.o
                0x08000af8                HAL_MspInit
 *fill*         0x08000b06        0x2 
 .text.HAL_FDCAN_MspInit
                0x08000b08      0x140 ./Core/Src/stm32h5xx_hal_msp.o
                0x08000b08                HAL_FDCAN_MspInit
 .text.HAL_UART_MspInit
                0x08000c48      0x11c ./Core/Src/stm32h5xx_hal_msp.o
                0x08000c48                HAL_UART_MspInit
 .text.NMI_Handler
                0x08000d64        0x8 ./Core/Src/stm32h5xx_it.o
                0x08000d64                NMI_Handler
 .text.HardFault_Handler
                0x08000d6c        0x8 ./Core/Src/stm32h5xx_it.o
                0x08000d6c                HardFault_Handler
 .text.MemManage_Handler
                0x08000d74        0x8 ./Core/Src/stm32h5xx_it.o
                0x08000d74                MemManage_Handler
 .text.BusFault_Handler
                0x08000d7c        0x8 ./Core/Src/stm32h5xx_it.o
                0x08000d7c                BusFault_Handler
 .text.UsageFault_Handler
                0x08000d84        0x8 ./Core/Src/stm32h5xx_it.o
                0x08000d84                UsageFault_Handler
 .text.SVC_Handler
                0x08000d8c        0xe ./Core/Src/stm32h5xx_it.o
                0x08000d8c                SVC_Handler
 .text.DebugMon_Handler
                0x08000d9a        0xe ./Core/Src/stm32h5xx_it.o
                0x08000d9a                DebugMon_Handler
 .text.PendSV_Handler
                0x08000da8        0xe ./Core/Src/stm32h5xx_it.o
                0x08000da8                PendSV_Handler
 .text.SysTick_Handler
                0x08000db6        0xc ./Core/Src/stm32h5xx_it.o
                0x08000db6                SysTick_Handler
 *fill*         0x08000dc2        0x2 
 .text.FDCAN1_IT0_IRQHandler
                0x08000dc4       0x14 ./Core/Src/stm32h5xx_it.o
                0x08000dc4                FDCAN1_IT0_IRQHandler
 .text.FDCAN1_IT1_IRQHandler
                0x08000dd8       0x14 ./Core/Src/stm32h5xx_it.o
                0x08000dd8                FDCAN1_IT1_IRQHandler
 .text._read    0x08000dec       0x3a ./Core/Src/syscalls.o
                0x08000dec                _read
 .text._close   0x08000e26       0x18 ./Core/Src/syscalls.o
                0x08000e26                _close
 .text._fstat   0x08000e3e       0x20 ./Core/Src/syscalls.o
                0x08000e3e                _fstat
 .text._isatty  0x08000e5e       0x16 ./Core/Src/syscalls.o
                0x08000e5e                _isatty
 .text._lseek   0x08000e74       0x1a ./Core/Src/syscalls.o
                0x08000e74                _lseek
 *fill*         0x08000e8e        0x2 
 .text._sbrk    0x08000e90       0x6c ./Core/Src/sysmem.o
                0x08000e90                _sbrk
 .text.SystemInit
                0x08000efc       0xf8 ./Core/Src/system_stm32h5xx.o
                0x08000efc                SystemInit
 .text.Reset_Handler
                0x08000ff4       0x50 ./Core/Startup/startup_stm32h573iikxq.o
                0x08000ff4                Reset_Handler
 .text.Default_Handler
                0x08001044        0x2 ./Core/Startup/startup_stm32h573iikxq.o
                0x08001044                EXTI2_IRQHandler
                0x08001044                TIM8_TRG_COM_IRQHandler
                0x08001044                TIM8_CC_IRQHandler
                0x08001044                EXTI5_IRQHandler
                0x08001044                I3C1_ER_IRQHandler
                0x08001044                UART8_IRQHandler
                0x08001044                SPI4_IRQHandler
                0x08001044                GPDMA2_Channel1_IRQHandler
                0x08001044                FLASH_S_IRQHandler
                0x08001044                EXTI13_IRQHandler
                0x08001044                TIM1_CC_IRQHandler
                0x08001044                GPDMA2_Channel3_IRQHandler
                0x08001044                TAMP_IRQHandler
                0x08001044                TIM6_IRQHandler
                0x08001044                EXTI12_IRQHandler
                0x08001044                CORDIC_IRQHandler
                0x08001044                USB_DRD_FS_IRQHandler
                0x08001044                EXTI3_IRQHandler
                0x08001044                LPTIM4_IRQHandler
                0x08001044                GPDMA1_Channel5_IRQHandler
                0x08001044                EXTI8_IRQHandler
                0x08001044                GPDMA2_Channel5_IRQHandler
                0x08001044                LPTIM2_IRQHandler
                0x08001044                I2C3_ER_IRQHandler
                0x08001044                GPDMA2_Channel2_IRQHandler
                0x08001044                USART10_IRQHandler
                0x08001044                LPTIM3_IRQHandler
                0x08001044                EXTI0_IRQHandler
                0x08001044                I2C2_EV_IRQHandler
                0x08001044                FPU_IRQHandler
                0x08001044                GPDMA1_Channel3_IRQHandler
                0x08001044                GPDMA1_Channel7_IRQHandler
                0x08001044                RAMCFG_IRQHandler
                0x08001044                DCACHE1_IRQHandler
                0x08001044                SPI1_IRQHandler
                0x08001044                OCTOSPI1_IRQHandler
                0x08001044                GPDMA1_Channel2_IRQHandler
                0x08001044                TIM8_UP_IRQHandler
                0x08001044                RCC_S_IRQHandler
                0x08001044                SAI2_IRQHandler
                0x08001044                ADC1_IRQHandler
                0x08001044                PKA_IRQHandler
                0x08001044                USART6_IRQHandler
                0x08001044                EXTI15_IRQHandler
                0x08001044                TIM17_IRQHandler
                0x08001044                USART3_IRQHandler
                0x08001044                RTC_IRQHandler
                0x08001044                EXTI9_IRQHandler
                0x08001044                LPTIM5_IRQHandler
                0x08001044                UART5_IRQHandler
                0x08001044                TIM4_IRQHandler
                0x08001044                I2C1_EV_IRQHandler
                0x08001044                GPDMA1_Channel1_IRQHandler
                0x08001044                TIM16_IRQHandler
                0x08001044                UART4_IRQHandler
                0x08001044                SecureFault_Handler
                0x08001044                TIM3_IRQHandler
                0x08001044                RCC_IRQHandler
                0x08001044                UART9_IRQHandler
                0x08001044                TIM1_TRG_COM_IRQHandler
                0x08001044                Default_Handler
                0x08001044                FMAC_IRQHandler
                0x08001044                CEC_IRQHandler
                0x08001044                USART11_IRQHandler
                0x08001044                TIM14_IRQHandler
                0x08001044                TIM13_IRQHandler
                0x08001044                OTFDEC1_IRQHandler
                0x08001044                GPDMA2_Channel4_IRQHandler
                0x08001044                SPI5_IRQHandler
                0x08001044                TIM12_IRQHandler
                0x08001044                TIM7_IRQHandler
                0x08001044                SDMMC1_IRQHandler
                0x08001044                SAES_IRQHandler
                0x08001044                TIM5_IRQHandler
                0x08001044                UCPD1_IRQHandler
                0x08001044                GPDMA1_Channel0_IRQHandler
                0x08001044                I3C1_EV_IRQHandler
                0x08001044                TIM15_IRQHandler
                0x08001044                PVD_AVD_IRQHandler
                0x08001044                I2C3_EV_IRQHandler
                0x08001044                ETH_WKUP_IRQHandler
                0x08001044                ADC2_IRQHandler
                0x08001044                SPI2_IRQHandler
                0x08001044                EXTI14_IRQHandler
                0x08001044                EXTI11_IRQHandler
                0x08001044                CRS_IRQHandler
                0x08001044                EXTI4_IRQHandler
                0x08001044                GPDMA2_Channel0_IRQHandler
                0x08001044                RTC_S_IRQHandler
                0x08001044                RNG_IRQHandler
                0x08001044                FDCAN2_IT1_IRQHandler
                0x08001044                ETH_IRQHandler
                0x08001044                GPDMA2_Channel6_IRQHandler
                0x08001044                TIM1_UP_IRQHandler
                0x08001044                UART12_IRQHandler
                0x08001044                WWDG_IRQHandler
                0x08001044                SPI6_IRQHandler
                0x08001044                I2C4_EV_IRQHandler
                0x08001044                FDCAN2_IT0_IRQHandler
                0x08001044                IWDG_IRQHandler
                0x08001044                LPUART1_IRQHandler
                0x08001044                TIM2_IRQHandler
                0x08001044                GPDMA1_Channel4_IRQHandler
                0x08001044                EXTI7_IRQHandler
                0x08001044                TIM1_BRK_IRQHandler
                0x08001044                EXTI1_IRQHandler
                0x08001044                SDMMC2_IRQHandler
                0x08001044                AES_IRQHandler
                0x08001044                LPTIM6_IRQHandler
                0x08001044                DAC1_IRQHandler
                0x08001044                DTS_IRQHandler
                0x08001044                UART7_IRQHandler
                0x08001044                GTZC_IRQHandler
                0x08001044                USART2_IRQHandler
                0x08001044                GPDMA1_Channel6_IRQHandler
                0x08001044                GPDMA2_Channel7_IRQHandler
                0x08001044                I2C2_ER_IRQHandler
                0x08001044                TIM8_BRK_IRQHandler
                0x08001044                FLASH_IRQHandler
                0x08001044                USART1_IRQHandler
                0x08001044                EXTI10_IRQHandler
                0x08001044                SPI3_IRQHandler
                0x08001044                I2C1_ER_IRQHandler
                0x08001044                FMC_IRQHandler
                0x08001044                EXTI6_IRQHandler
                0x08001044                LPTIM1_IRQHandler
                0x08001044                DCMI_PSSI_IRQHandler
                0x08001044                I2C4_ER_IRQHandler
                0x08001044                ICACHE_IRQHandler
                0x08001044                SAI1_IRQHandler
                0x08001044                HASH_IRQHandler
 *fill*         0x08001046        0x2 
 .text.HAL_Init
                0x08001048       0x50 ./Drivers/STM32H5xx_HAL_Driver/Src/stm32h5xx_hal.o
                0x08001048                HAL_Init
 .text.HAL_InitTick
                0x08001098       0xec ./Drivers/STM32H5xx_HAL_Driver/Src/stm32h5xx_hal.o
                0x08001098                HAL_InitTick
 .text.HAL_IncTick
                0x08001184       0x28 ./Drivers/STM32H5xx_HAL_Driver/Src/stm32h5xx_hal.o
                0x08001184                HAL_IncTick
 .text.HAL_GetTick
                0x080011ac       0x18 ./Drivers/STM32H5xx_HAL_Driver/Src/stm32h5xx_hal.o
                0x080011ac                HAL_GetTick
 .text.HAL_Delay
                0x080011c4       0x48 ./Drivers/STM32H5xx_HAL_Driver/Src/stm32h5xx_hal.o
                0x080011c4                HAL_Delay
 .text.__NVIC_SetPriorityGrouping
                0x0800120c       0x48 ./Drivers/STM32H5xx_HAL_Driver/Src/stm32h5xx_hal_cortex.o
 .text.__NVIC_GetPriorityGrouping
                0x08001254       0x1c ./Drivers/STM32H5xx_HAL_Driver/Src/stm32h5xx_hal_cortex.o
 .text.__NVIC_EnableIRQ
                0x08001270       0x3c ./Drivers/STM32H5xx_HAL_Driver/Src/stm32h5xx_hal_cortex.o
 .text.__NVIC_SetPriority
                0x080012ac       0x54 ./Drivers/STM32H5xx_HAL_Driver/Src/stm32h5xx_hal_cortex.o
 .text.NVIC_EncodePriority
                0x08001300       0x66 ./Drivers/STM32H5xx_HAL_Driver/Src/stm32h5xx_hal_cortex.o
 .text.HAL_NVIC_SetPriorityGrouping
                0x08001366       0x16 ./Drivers/STM32H5xx_HAL_Driver/Src/stm32h5xx_hal_cortex.o
                0x08001366                HAL_NVIC_SetPriorityGrouping
 .text.HAL_NVIC_SetPriority
                0x0800137c       0x34 ./Drivers/STM32H5xx_HAL_Driver/Src/stm32h5xx_hal_cortex.o
                0x0800137c                HAL_NVIC_SetPriority
 .text.HAL_NVIC_EnableIRQ
                0x080013b0       0x1c ./Drivers/STM32H5xx_HAL_Driver/Src/stm32h5xx_hal_cortex.o
                0x080013b0                HAL_NVIC_EnableIRQ
 .text.HAL_SYSTICK_Config
                0x080013cc       0x44 ./Drivers/STM32H5xx_HAL_Driver/Src/stm32h5xx_hal_cortex.o
                0x080013cc                HAL_SYSTICK_Config
 .text.HAL_SYSTICK_CLKSourceConfig
                0x08001410       0xb0 ./Drivers/STM32H5xx_HAL_Driver/Src/stm32h5xx_hal_cortex.o
                0x08001410                HAL_SYSTICK_CLKSourceConfig
 .text.HAL_SYSTICK_GetCLKSourceConfig
                0x080014c0       0x6c ./Drivers/STM32H5xx_HAL_Driver/Src/stm32h5xx_hal_cortex.o
                0x080014c0                HAL_SYSTICK_GetCLKSourceConfig
 .text.HAL_FDCAN_Init
                0x0800152c      0x2b4 ./Drivers/STM32H5xx_HAL_Driver/Src/stm32h5xx_hal_fdcan.o
                0x0800152c                HAL_FDCAN_Init
 .text.HAL_FDCAN_Start
                0x080017e0       0x50 ./Drivers/STM32H5xx_HAL_Driver/Src/stm32h5xx_hal_fdcan.o
                0x080017e0                HAL_FDCAN_Start
 .text.HAL_FDCAN_AddMessageToTxFifoQ
                0x08001830       0x88 ./Drivers/STM32H5xx_HAL_Driver/Src/stm32h5xx_hal_fdcan.o
                0x08001830                HAL_FDCAN_AddMessageToTxFifoQ
 .text.HAL_FDCAN_GetRxMessage
                0x080018b8      0x210 ./Drivers/STM32H5xx_HAL_Driver/Src/stm32h5xx_hal_fdcan.o
                0x080018b8                HAL_FDCAN_GetRxMessage
 .text.HAL_FDCAN_IRQHandler
                0x08001ac8      0x266 ./Drivers/STM32H5xx_HAL_Driver/Src/stm32h5xx_hal_fdcan.o
                0x08001ac8                HAL_FDCAN_IRQHandler
 .text.HAL_FDCAN_TxFifoEmptyCallback
                0x08001d2e       0x14 ./Drivers/STM32H5xx_HAL_Driver/Src/stm32h5xx_hal_fdcan.o
                0x08001d2e                HAL_FDCAN_TxFifoEmptyCallback
 .text.HAL_FDCAN_TxBufferAbortCallback
                0x08001d42       0x16 ./Drivers/STM32H5xx_HAL_Driver/Src/stm32h5xx_hal_fdcan.o
                0x08001d42                HAL_FDCAN_TxBufferAbortCallback
 .text.HAL_FDCAN_TimestampWraparoundCallback
                0x08001d58       0x14 ./Drivers/STM32H5xx_HAL_Driver/Src/stm32h5xx_hal_fdcan.o
                0x08001d58                HAL_FDCAN_TimestampWraparoundCallback
 .text.HAL_FDCAN_TimeoutOccurredCallback
                0x08001d6c       0x14 ./Drivers/STM32H5xx_HAL_Driver/Src/stm32h5xx_hal_fdcan.o
                0x08001d6c                HAL_FDCAN_TimeoutOccurredCallback
 .text.HAL_FDCAN_HighPriorityMessageCallback
                0x08001d80       0x14 ./Drivers/STM32H5xx_HAL_Driver/Src/stm32h5xx_hal_fdcan.o
                0x08001d80                HAL_FDCAN_HighPriorityMessageCallback
 .text.HAL_FDCAN_ErrorCallback
                0x08001d94       0x14 ./Drivers/STM32H5xx_HAL_Driver/Src/stm32h5xx_hal_fdcan.o
                0x08001d94                HAL_FDCAN_ErrorCallback
 .text.HAL_FDCAN_ErrorStatusCallback
                0x08001da8       0x16 ./Drivers/STM32H5xx_HAL_Driver/Src/stm32h5xx_hal_fdcan.o
                0x08001da8                HAL_FDCAN_ErrorStatusCallback
 *fill*         0x08001dbe        0x2 
 .text.FDCAN_CalcultateRamBlockAddresses
                0x08001dc0       0xc4 ./Drivers/STM32H5xx_HAL_Driver/Src/stm32h5xx_hal_fdcan.o
 .text.FDCAN_CopyMessageToRAM
                0x08001e84       0xf8 ./Drivers/STM32H5xx_HAL_Driver/Src/stm32h5xx_hal_fdcan.o
 .text.HAL_GPIO_Init
                0x08001f7c      0x2bc ./Drivers/STM32H5xx_HAL_Driver/Src/stm32h5xx_hal_gpio.o
                0x08001f7c                HAL_GPIO_Init
 .text.HAL_GPIO_WritePin
                0x08002238       0x30 ./Drivers/STM32H5xx_HAL_Driver/Src/stm32h5xx_hal_gpio.o
                0x08002238                HAL_GPIO_WritePin
 .text.HAL_ICACHE_ConfigAssociativityMode
                0x08002268       0x40 ./Drivers/STM32H5xx_HAL_Driver/Src/stm32h5xx_hal_icache.o
                0x08002268                HAL_ICACHE_ConfigAssociativityMode
 .text.HAL_ICACHE_Enable
                0x080022a8       0x20 ./Drivers/STM32H5xx_HAL_Driver/Src/stm32h5xx_hal_icache.o
                0x080022a8                HAL_ICACHE_Enable
 .text.HAL_RCC_OscConfig
                0x080022c8      0x870 ./Drivers/STM32H5xx_HAL_Driver/Src/stm32h5xx_hal_rcc.o
                0x080022c8                HAL_RCC_OscConfig
 .text.HAL_RCC_ClockConfig
                0x08002b38      0x370 ./Drivers/STM32H5xx_HAL_Driver/Src/stm32h5xx_hal_rcc.o
                0x08002b38                HAL_RCC_ClockConfig
 .text.HAL_RCC_GetSysClockFreq
                0x08002ea8      0x258 ./Drivers/STM32H5xx_HAL_Driver/Src/stm32h5xx_hal_rcc.o
                0x08002ea8                HAL_RCC_GetSysClockFreq
 .text.HAL_RCC_GetHCLKFreq
                0x08003100       0x38 ./Drivers/STM32H5xx_HAL_Driver/Src/stm32h5xx_hal_rcc.o
                0x08003100                HAL_RCC_GetHCLKFreq
 .text.HAL_RCC_GetPCLK1Freq
                0x08003138       0x2c ./Drivers/STM32H5xx_HAL_Driver/Src/stm32h5xx_hal_rcc.o
                0x08003138                HAL_RCC_GetPCLK1Freq
 .text.HAL_RCC_GetPCLK2Freq
                0x08003164       0x2c ./Drivers/STM32H5xx_HAL_Driver/Src/stm32h5xx_hal_rcc.o
                0x08003164                HAL_RCC_GetPCLK2Freq
 .text.HAL_RCC_GetPCLK3Freq
                0x08003190       0x2c ./Drivers/STM32H5xx_HAL_Driver/Src/stm32h5xx_hal_rcc.o
                0x08003190                HAL_RCC_GetPCLK3Freq
 .text.HAL_RCCEx_PeriphCLKConfig
                0x080031bc     0x1f14 ./Drivers/STM32H5xx_HAL_Driver/Src/stm32h5xx_hal_rcc_ex.o
                0x080031bc                HAL_RCCEx_PeriphCLKConfig
 .text.HAL_RCCEx_GetPLL1ClockFreq
                0x080050d0      0x2d8 ./Drivers/STM32H5xx_HAL_Driver/Src/stm32h5xx_hal_rcc_ex.o
                0x080050d0                HAL_RCCEx_GetPLL1ClockFreq
 .text.HAL_RCCEx_GetPLL2ClockFreq
                0x080053a8      0x2d8 ./Drivers/STM32H5xx_HAL_Driver/Src/stm32h5xx_hal_rcc_ex.o
                0x080053a8                HAL_RCCEx_GetPLL2ClockFreq
 .text.HAL_RCCEx_GetPLL3ClockFreq
                0x08005680      0x2d8 ./Drivers/STM32H5xx_HAL_Driver/Src/stm32h5xx_hal_rcc_ex.o
                0x08005680                HAL_RCCEx_GetPLL3ClockFreq
 .text.HAL_RCCEx_GetPeriphCLKFreq
                0x08005958     0x26b4 ./Drivers/STM32H5xx_HAL_Driver/Src/stm32h5xx_hal_rcc_ex.o
                0x08005958                HAL_RCCEx_GetPeriphCLKFreq
 .text.RCCEx_PLL2_Config
                0x0800800c      0x130 ./Drivers/STM32H5xx_HAL_Driver/Src/stm32h5xx_hal_rcc_ex.o
 .text.RCCEx_PLL3_Config
                0x0800813c      0x130 ./Drivers/STM32H5xx_HAL_Driver/Src/stm32h5xx_hal_rcc_ex.o
 .text.HAL_UART_Init
                0x0800826c       0xa0 ./Drivers/STM32H5xx_HAL_Driver/Src/stm32h5xx_hal_uart.o
                0x0800826c                HAL_UART_Init
 .text.HAL_UART_Transmit
                0x0800830c      0x13c ./Drivers/STM32H5xx_HAL_Driver/Src/stm32h5xx_hal_uart.o
                0x0800830c                HAL_UART_Transmit
 .text.UART_SetConfig
                0x08008448      0x3dc ./Drivers/STM32H5xx_HAL_Driver/Src/stm32h5xx_hal_uart.o
                0x08008448                UART_SetConfig
 .text.UART_AdvFeatureConfig
                0x08008824      0x144 ./Drivers/STM32H5xx_HAL_Driver/Src/stm32h5xx_hal_uart.o
                0x08008824                UART_AdvFeatureConfig
 .text.UART_CheckIdleState
                0x08008968      0x154 ./Drivers/STM32H5xx_HAL_Driver/Src/stm32h5xx_hal_uart.o
                0x08008968                UART_CheckIdleState
 .text.UART_WaitOnFlagUntilTimeout
                0x08008abc       0xda ./Drivers/STM32H5xx_HAL_Driver/Src/stm32h5xx_hal_uart.o
                0x08008abc                UART_WaitOnFlagUntilTimeout
 .text.UART_EndRxTransfer
                0x08008b96       0xcc ./Drivers/STM32H5xx_HAL_Driver/Src/stm32h5xx_hal_uart.o
 .text.HAL_UARTEx_DisableFifoMode
                0x08008c62       0x72 ./Drivers/STM32H5xx_HAL_Driver/Src/stm32h5xx_hal_uart_ex.o
                0x08008c62                HAL_UARTEx_DisableFifoMode
 .text.HAL_UARTEx_SetTxFifoThreshold
                0x08008cd4       0x7c ./Drivers/STM32H5xx_HAL_Driver/Src/stm32h5xx_hal_uart_ex.o
                0x08008cd4                HAL_UARTEx_SetTxFifoThreshold
 .text.HAL_UARTEx_SetRxFifoThreshold
                0x08008d50       0x7c ./Drivers/STM32H5xx_HAL_Driver/Src/stm32h5xx_hal_uart_ex.o
                0x08008d50                HAL_UARTEx_SetRxFifoThreshold
 .text.UARTEx_SetNbDataToProcess
                0x08008dcc       0x9c ./Drivers/STM32H5xx_HAL_Driver/Src/stm32h5xx_hal_uart_ex.o
 .text.std      0x08008e68       0x6c C:/ST/STM32CubeIDE_1.19.0/STM32CubeIDE/plugins/com.st.stm32cube.ide.mcu.externaltools.gnu-tools-for-stm32.13.3.rel1.win32_1.0.0.202411081344/tools/bin/../lib/gcc/arm-none-eabi/13.3.1/../../../../arm-none-eabi/lib/thumb/v8-m.main+fp/hard\libc_nano.a(libc_a-findfp.o)
 .text.stdio_exit_handler
                0x08008ed4       0x18 C:/ST/STM32CubeIDE_1.19.0/STM32CubeIDE/plugins/com.st.stm32cube.ide.mcu.externaltools.gnu-tools-for-stm32.13.3.rel1.win32_1.0.0.202411081344/tools/bin/../lib/gcc/arm-none-eabi/13.3.1/../../../../arm-none-eabi/lib/thumb/v8-m.main+fp/hard\libc_nano.a(libc_a-findfp.o)
 .text.cleanup_stdio
                0x08008eec       0x40 C:/ST/STM32CubeIDE_1.19.0/STM32CubeIDE/plugins/com.st.stm32cube.ide.mcu.externaltools.gnu-tools-for-stm32.13.3.rel1.win32_1.0.0.202411081344/tools/bin/../lib/gcc/arm-none-eabi/13.3.1/../../../../arm-none-eabi/lib/thumb/v8-m.main+fp/hard\libc_nano.a(libc_a-findfp.o)
 .text.global_stdio_init.part.0
                0x08008f2c       0x3c C:/ST/STM32CubeIDE_1.19.0/STM32CubeIDE/plugins/com.st.stm32cube.ide.mcu.externaltools.gnu-tools-for-stm32.13.3.rel1.win32_1.0.0.202411081344/tools/bin/../lib/gcc/arm-none-eabi/13.3.1/../../../../arm-none-eabi/lib/thumb/v8-m.main+fp/hard\libc_nano.a(libc_a-findfp.o)
 .text.__sfp_lock_acquire
                0x08008f68        0xc C:/ST/STM32CubeIDE_1.19.0/STM32CubeIDE/plugins/com.st.stm32cube.ide.mcu.externaltools.gnu-tools-for-stm32.13.3.rel1.win32_1.0.0.202411081344/tools/bin/../lib/gcc/arm-none-eabi/13.3.1/../../../../arm-none-eabi/lib/thumb/v8-m.main+fp/hard\libc_nano.a(libc_a-findfp.o)
                0x08008f68                __sfp_lock_acquire
 .text.__sfp_lock_release
                0x08008f74        0xc C:/ST/STM32CubeIDE_1.19.0/STM32CubeIDE/plugins/com.st.stm32cube.ide.mcu.externaltools.gnu-tools-for-stm32.13.3.rel1.win32_1.0.0.202411081344/tools/bin/../lib/gcc/arm-none-eabi/13.3.1/../../../../arm-none-eabi/lib/thumb/v8-m.main+fp/hard\libc_nano.a(libc_a-findfp.o)
                0x08008f74                __sfp_lock_release
 .text.__sinit  0x08008f80       0x30 C:/ST/STM32CubeIDE_1.19.0/STM32CubeIDE/plugins/com.st.stm32cube.ide.mcu.externaltools.gnu-tools-for-stm32.13.3.rel1.win32_1.0.0.202411081344/tools/bin/../lib/gcc/arm-none-eabi/13.3.1/../../../../arm-none-eabi/lib/thumb/v8-m.main+fp/hard\libc_nano.a(libc_a-findfp.o)
                0x08008f80                __sinit
 .text._fwalk_sglue
                0x08008fb0       0x3c C:/ST/STM32CubeIDE_1.19.0/STM32CubeIDE/plugins/com.st.stm32cube.ide.mcu.externaltools.gnu-tools-for-stm32.13.3.rel1.win32_1.0.0.202411081344/tools/bin/../lib/gcc/arm-none-eabi/13.3.1/../../../../arm-none-eabi/lib/thumb/v8-m.main+fp/hard\libc_nano.a(libc_a-fwalk.o)
                0x08008fb0                _fwalk_sglue
 .text.printf   0x08008fec       0x24 C:/ST/STM32CubeIDE_1.19.0/STM32CubeIDE/plugins/com.st.stm32cube.ide.mcu.externaltools.gnu-tools-for-stm32.13.3.rel1.win32_1.0.0.202411081344/tools/bin/../lib/gcc/arm-none-eabi/13.3.1/../../../../arm-none-eabi/lib/thumb/v8-m.main+fp/hard\libc_nano.a(libc_a-printf.o)
                0x08008fec                iprintf
                0x08008fec                printf
 .text._puts_r  0x08009010       0xaa C:/ST/STM32CubeIDE_1.19.0/STM32CubeIDE/plugins/com.st.stm32cube.ide.mcu.externaltools.gnu-tools-for-stm32.13.3.rel1.win32_1.0.0.202411081344/tools/bin/../lib/gcc/arm-none-eabi/13.3.1/../../../../arm-none-eabi/lib/thumb/v8-m.main+fp/hard\libc_nano.a(libc_a-puts.o)
                0x08009010                _puts_r
 *fill*         0x080090ba        0x2 
 .text.puts     0x080090bc       0x10 C:/ST/STM32CubeIDE_1.19.0/STM32CubeIDE/plugins/com.st.stm32cube.ide.mcu.externaltools.gnu-tools-for-stm32.13.3.rel1.win32_1.0.0.202411081344/tools/bin/../lib/gcc/arm-none-eabi/13.3.1/../../../../arm-none-eabi/lib/thumb/v8-m.main+fp/hard\libc_nano.a(libc_a-puts.o)
                0x080090bc                puts
 .text.__sread  0x080090cc       0x22 C:/ST/STM32CubeIDE_1.19.0/STM32CubeIDE/plugins/com.st.stm32cube.ide.mcu.externaltools.gnu-tools-for-stm32.13.3.rel1.win32_1.0.0.202411081344/tools/bin/../lib/gcc/arm-none-eabi/13.3.1/../../../../arm-none-eabi/lib/thumb/v8-m.main+fp/hard\libc_nano.a(libc_a-stdio.o)
                0x080090cc                __sread
 .text.__swrite
                0x080090ee       0x38 C:/ST/STM32CubeIDE_1.19.0/STM32CubeIDE/plugins/com.st.stm32cube.ide.mcu.externaltools.gnu-tools-for-stm32.13.3.rel1.win32_1.0.0.202411081344/tools/bin/../lib/gcc/arm-none-eabi/13.3.1/../../../../arm-none-eabi/lib/thumb/v8-m.main+fp/hard\libc_nano.a(libc_a-stdio.o)
                0x080090ee                __swrite
 .text.__sseek  0x08009126       0x24 C:/ST/STM32CubeIDE_1.19.0/STM32CubeIDE/plugins/com.st.stm32cube.ide.mcu.externaltools.gnu-tools-for-stm32.13.3.rel1.win32_1.0.0.202411081344/tools/bin/../lib/gcc/arm-none-eabi/13.3.1/../../../../arm-none-eabi/lib/thumb/v8-m.main+fp/hard\libc_nano.a(libc_a-stdio.o)
                0x08009126                __sseek
 .text.__sclose
                0x0800914a        0x8 C:/ST/STM32CubeIDE_1.19.0/STM32CubeIDE/plugins/com.st.stm32cube.ide.mcu.externaltools.gnu-tools-for-stm32.13.3.rel1.win32_1.0.0.202411081344/tools/bin/../lib/gcc/arm-none-eabi/13.3.1/../../../../arm-none-eabi/lib/thumb/v8-m.main+fp/hard\libc_nano.a(libc_a-stdio.o)
                0x0800914a                __sclose
 .text.__swbuf_r
                0x08009152       0x7c C:/ST/STM32CubeIDE_1.19.0/STM32CubeIDE/plugins/com.st.stm32cube.ide.mcu.externaltools.gnu-tools-for-stm32.13.3.rel1.win32_1.0.0.202411081344/tools/bin/../lib/gcc/arm-none-eabi/13.3.1/../../../../arm-none-eabi/lib/thumb/v8-m.main+fp/hard\libc_nano.a(libc_a-wbuf.o)
                0x08009152                __swbuf_r
 *fill*         0x080091ce        0x2 
 .text.__swsetup_r
                0x080091d0       0xac C:/ST/STM32CubeIDE_1.19.0/STM32CubeIDE/plugins/com.st.stm32cube.ide.mcu.externaltools.gnu-tools-for-stm32.13.3.rel1.win32_1.0.0.202411081344/tools/bin/../lib/gcc/arm-none-eabi/13.3.1/../../../../arm-none-eabi/lib/thumb/v8-m.main+fp/hard\libc_nano.a(libc_a-wsetup.o)
                0x080091d0                __swsetup_r
 .text.memset   0x0800927c       0x10 C:/ST/STM32CubeIDE_1.19.0/STM32CubeIDE/plugins/com.st.stm32cube.ide.mcu.externaltools.gnu-tools-for-stm32.13.3.rel1.win32_1.0.0.202411081344/tools/bin/../lib/gcc/arm-none-eabi/13.3.1/../../../../arm-none-eabi/lib/thumb/v8-m.main+fp/hard\libc_nano.a(libc_a-memset.o)
                0x0800927c                memset
 .text._close_r
                0x0800928c       0x20 C:/ST/STM32CubeIDE_1.19.0/STM32CubeIDE/plugins/com.st.stm32cube.ide.mcu.externaltools.gnu-tools-for-stm32.13.3.rel1.win32_1.0.0.202411081344/tools/bin/../lib/gcc/arm-none-eabi/13.3.1/../../../../arm-none-eabi/lib/thumb/v8-m.main+fp/hard\libc_nano.a(libc_a-closer.o)
                0x0800928c                _close_r
 .text._lseek_r
                0x080092ac       0x24 C:/ST/STM32CubeIDE_1.19.0/STM32CubeIDE/plugins/com.st.stm32cube.ide.mcu.externaltools.gnu-tools-for-stm32.13.3.rel1.win32_1.0.0.202411081344/tools/bin/../lib/gcc/arm-none-eabi/13.3.1/../../../../arm-none-eabi/lib/thumb/v8-m.main+fp/hard\libc_nano.a(libc_a-lseekr.o)
                0x080092ac                _lseek_r
 .text._read_r  0x080092d0       0x24 C:/ST/STM32CubeIDE_1.19.0/STM32CubeIDE/plugins/com.st.stm32cube.ide.mcu.externaltools.gnu-tools-for-stm32.13.3.rel1.win32_1.0.0.202411081344/tools/bin/../lib/gcc/arm-none-eabi/13.3.1/../../../../arm-none-eabi/lib/thumb/v8-m.main+fp/hard\libc_nano.a(libc_a-readr.o)
                0x080092d0                _read_r
 .text._write_r
                0x080092f4       0x24 C:/ST/STM32CubeIDE_1.19.0/STM32CubeIDE/plugins/com.st.stm32cube.ide.mcu.externaltools.gnu-tools-for-stm32.13.3.rel1.win32_1.0.0.202411081344/tools/bin/../lib/gcc/arm-none-eabi/13.3.1/../../../../arm-none-eabi/lib/thumb/v8-m.main+fp/hard\libc_nano.a(libc_a-writer.o)
                0x080092f4                _write_r
 .text.__errno  0x08009318        0xc C:/ST/STM32CubeIDE_1.19.0/STM32CubeIDE/plugins/com.st.stm32cube.ide.mcu.externaltools.gnu-tools-for-stm32.13.3.rel1.win32_1.0.0.202411081344/tools/bin/../lib/gcc/arm-none-eabi/13.3.1/../../../../arm-none-eabi/lib/thumb/v8-m.main+fp/hard\libc_nano.a(libc_a-errno.o)
                0x08009318                __errno
 .text.__libc_init_array
                0x08009324       0x48 C:/ST/STM32CubeIDE_1.19.0/STM32CubeIDE/plugins/com.st.stm32cube.ide.mcu.externaltools.gnu-tools-for-stm32.13.3.rel1.win32_1.0.0.202411081344/tools/bin/../lib/gcc/arm-none-eabi/13.3.1/../../../../arm-none-eabi/lib/thumb/v8-m.main+fp/hard\libc_nano.a(libc_a-init.o)
                0x08009324                __libc_init_array
 .text.__retarget_lock_init_recursive
                0x0800936c        0x2 C:/ST/STM32CubeIDE_1.19.0/STM32CubeIDE/plugins/com.st.stm32cube.ide.mcu.externaltools.gnu-tools-for-stm32.13.3.rel1.win32_1.0.0.202411081344/tools/bin/../lib/gcc/arm-none-eabi/13.3.1/../../../../arm-none-eabi/lib/thumb/v8-m.main+fp/hard\libc_nano.a(libc_a-lock.o)
                0x0800936c                __retarget_lock_init_recursive
 .text.__retarget_lock_acquire_recursive
                0x0800936e        0x2 C:/ST/STM32CubeIDE_1.19.0/STM32CubeIDE/plugins/com.st.stm32cube.ide.mcu.externaltools.gnu-tools-for-stm32.13.3.rel1.win32_1.0.0.202411081344/tools/bin/../lib/gcc/arm-none-eabi/13.3.1/../../../../arm-none-eabi/lib/thumb/v8-m.main+fp/hard\libc_nano.a(libc_a-lock.o)
                0x0800936e                __retarget_lock_acquire_recursive
 .text.__retarget_lock_release_recursive
                0x08009370        0x2 C:/ST/STM32CubeIDE_1.19.0/STM32CubeIDE/plugins/com.st.stm32cube.ide.mcu.externaltools.gnu-tools-for-stm32.13.3.rel1.win32_1.0.0.202411081344/tools/bin/../lib/gcc/arm-none-eabi/13.3.1/../../../../arm-none-eabi/lib/thumb/v8-m.main+fp/hard\libc_nano.a(libc_a-lock.o)
                0x08009370                __retarget_lock_release_recursive
 *fill*         0x08009372        0x2 
 .text._free_r  0x08009374       0x94 C:/ST/STM32CubeIDE_1.19.0/STM32CubeIDE/plugins/com.st.stm32cube.ide.mcu.externaltools.gnu-tools-for-stm32.13.3.rel1.win32_1.0.0.202411081344/tools/bin/../lib/gcc/arm-none-eabi/13.3.1/../../../../arm-none-eabi/lib/thumb/v8-m.main+fp/hard\libc_nano.a(libc_a-freer.o)
                0x08009374                _free_r
 .text.sbrk_aligned
                0x08009408       0x44 C:/ST/STM32CubeIDE_1.19.0/STM32CubeIDE/plugins/com.st.stm32cube.ide.mcu.externaltools.gnu-tools-for-stm32.13.3.rel1.win32_1.0.0.202411081344/tools/bin/../lib/gcc/arm-none-eabi/13.3.1/../../../../arm-none-eabi/lib/thumb/v8-m.main+fp/hard\libc_nano.a(libc_a-mallocr.o)
 .text._malloc_r
                0x0800944c      0x100 C:/ST/STM32CubeIDE_1.19.0/STM32CubeIDE/plugins/com.st.stm32cube.ide.mcu.externaltools.gnu-tools-for-stm32.13.3.rel1.win32_1.0.0.202411081344/tools/bin/../lib/gcc/arm-none-eabi/13.3.1/../../../../arm-none-eabi/lib/thumb/v8-m.main+fp/hard\libc_nano.a(libc_a-mallocr.o)
                0x0800944c                _malloc_r
 .text.__malloc_lock
                0x0800954c        0xc C:/ST/STM32CubeIDE_1.19.0/STM32CubeIDE/plugins/com.st.stm32cube.ide.mcu.externaltools.gnu-tools-for-stm32.13.3.rel1.win32_1.0.0.202411081344/tools/bin/../lib/gcc/arm-none-eabi/13.3.1/../../../../arm-none-eabi/lib/thumb/v8-m.main+fp/hard\libc_nano.a(libc_a-mlock.o)
                0x0800954c                __malloc_lock
 .text.__malloc_unlock
                0x08009558        0xc C:/ST/STM32CubeIDE_1.19.0/STM32CubeIDE/plugins/com.st.stm32cube.ide.mcu.externaltools.gnu-tools-for-stm32.13.3.rel1.win32_1.0.0.202411081344/tools/bin/../lib/gcc/arm-none-eabi/13.3.1/../../../../arm-none-eabi/lib/thumb/v8-m.main+fp/hard\libc_nano.a(libc_a-mlock.o)
                0x08009558                __malloc_unlock
 .text.__sfputc_r
                0x08009564       0x2e C:/ST/STM32CubeIDE_1.19.0/STM32CubeIDE/plugins/com.st.stm32cube.ide.mcu.externaltools.gnu-tools-for-stm32.13.3.rel1.win32_1.0.0.202411081344/tools/bin/../lib/gcc/arm-none-eabi/13.3.1/../../../../arm-none-eabi/lib/thumb/v8-m.main+fp/hard\libc_nano.a(libc_a-nano-vfprintf.o)
 .text.__sfputs_r
                0x08009592       0x24 C:/ST/STM32CubeIDE_1.19.0/STM32CubeIDE/plugins/com.st.stm32cube.ide.mcu.externaltools.gnu-tools-for-stm32.13.3.rel1.win32_1.0.0.202411081344/tools/bin/../lib/gcc/arm-none-eabi/13.3.1/../../../../arm-none-eabi/lib/thumb/v8-m.main+fp/hard\libc_nano.a(libc_a-nano-vfprintf.o)
                0x08009592                __sfputs_r
 *fill*         0x080095b6        0x2 
 .text._vfprintf_r
                0x080095b8      0x230 C:/ST/STM32CubeIDE_1.19.0/STM32CubeIDE/plugins/com.st.stm32cube.ide.mcu.externaltools.gnu-tools-for-stm32.13.3.rel1.win32_1.0.0.202411081344/tools/bin/../lib/gcc/arm-none-eabi/13.3.1/../../../../arm-none-eabi/lib/thumb/v8-m.main+fp/hard\libc_nano.a(libc_a-nano-vfprintf.o)
                0x080095b8                _vfprintf_r
                0x080095b8                _vfiprintf_r
 .text._printf_common
                0x080097e8       0xe4 C:/ST/STM32CubeIDE_1.19.0/STM32CubeIDE/plugins/com.st.stm32cube.ide.mcu.externaltools.gnu-tools-for-stm32.13.3.rel1.win32_1.0.0.202411081344/tools/bin/../lib/gcc/arm-none-eabi/13.3.1/../../../../arm-none-eabi/lib/thumb/v8-m.main+fp/hard\libc_nano.a(libc_a-nano-vfprintf_i.o)
                0x080097e8                _printf_common
 .text._printf_i
                0x080098cc      0x23c C:/ST/STM32CubeIDE_1.19.0/STM32CubeIDE/plugins/com.st.stm32cube.ide.mcu.externaltools.gnu-tools-for-stm32.13.3.rel1.win32_1.0.0.202411081344/tools/bin/../lib/gcc/arm-none-eabi/13.3.1/../../../../arm-none-eabi/lib/thumb/v8-m.main+fp/hard\libc_nano.a(libc_a-nano-vfprintf_i.o)
                0x080098cc                _printf_i
 .text.__sflush_r
                0x08009b08      0x108 C:/ST/STM32CubeIDE_1.19.0/STM32CubeIDE/plugins/com.st.stm32cube.ide.mcu.externaltools.gnu-tools-for-stm32.13.3.rel1.win32_1.0.0.202411081344/tools/bin/../lib/gcc/arm-none-eabi/13.3.1/../../../../arm-none-eabi/lib/thumb/v8-m.main+fp/hard\libc_nano.a(libc_a-fflush.o)
                0x08009b08                __sflush_r
 .text._fflush_r
                0x08009c10       0x50 C:/ST/STM32CubeIDE_1.19.0/STM32CubeIDE/plugins/com.st.stm32cube.ide.mcu.externaltools.gnu-tools-for-stm32.13.3.rel1.win32_1.0.0.202411081344/tools/bin/../lib/gcc/arm-none-eabi/13.3.1/../../../../arm-none-eabi/lib/thumb/v8-m.main+fp/hard\libc_nano.a(libc_a-fflush.o)
                0x08009c10                _fflush_r
 .text.__swhatbuf_r
                0x08009c60       0x4a C:/ST/STM32CubeIDE_1.19.0/STM32CubeIDE/plugins/com.st.stm32cube.ide.mcu.externaltools.gnu-tools-for-stm32.13.3.rel1.win32_1.0.0.202411081344/tools/bin/../lib/gcc/arm-none-eabi/13.3.1/../../../../arm-none-eabi/lib/thumb/v8-m.main+fp/hard\libc_nano.a(libc_a-makebuf.o)
                0x08009c60                __swhatbuf_r
 .text.__smakebuf_r
                0x08009caa       0x78 C:/ST/STM32CubeIDE_1.19.0/STM32CubeIDE/plugins/com.st.stm32cube.ide.mcu.externaltools.gnu-tools-for-stm32.13.3.rel1.win32_1.0.0.202411081344/tools/bin/../lib/gcc/arm-none-eabi/13.3.1/../../../../arm-none-eabi/lib/thumb/v8-m.main+fp/hard\libc_nano.a(libc_a-makebuf.o)
                0x08009caa                __smakebuf_r
 *fill*         0x08009d22        0x2 
 .text._fstat_r
                0x08009d24       0x24 C:/ST/STM32CubeIDE_1.19.0/STM32CubeIDE/plugins/com.st.stm32cube.ide.mcu.externaltools.gnu-tools-for-stm32.13.3.rel1.win32_1.0.0.202411081344/tools/bin/../lib/gcc/arm-none-eabi/13.3.1/../../../../arm-none-eabi/lib/thumb/v8-m.main+fp/hard\libc_nano.a(libc_a-fstatr.o)
                0x08009d24                _fstat_r
 .text._isatty_r
                0x08009d48       0x20 C:/ST/STM32CubeIDE_1.19.0/STM32CubeIDE/plugins/com.st.stm32cube.ide.mcu.externaltools.gnu-tools-for-stm32.13.3.rel1.win32_1.0.0.202411081344/tools/bin/../lib/gcc/arm-none-eabi/13.3.1/../../../../arm-none-eabi/lib/thumb/v8-m.main+fp/hard\libc_nano.a(libc_a-isattyr.o)
                0x08009d48                _isatty_r
 .text._sbrk_r  0x08009d68       0x20 C:/ST/STM32CubeIDE_1.19.0/STM32CubeIDE/plugins/com.st.stm32cube.ide.mcu.externaltools.gnu-tools-for-stm32.13.3.rel1.win32_1.0.0.202411081344/tools/bin/../lib/gcc/arm-none-eabi/13.3.1/../../../../arm-none-eabi/lib/thumb/v8-m.main+fp/hard\libc_nano.a(libc_a-sbrkr.o)
                0x08009d68                _sbrk_r
 .text.memchr   0x08009d88       0x1c C:/ST/STM32CubeIDE_1.19.0/STM32CubeIDE/plugins/com.st.stm32cube.ide.mcu.externaltools.gnu-tools-for-stm32.13.3.rel1.win32_1.0.0.202411081344/tools/bin/../lib/gcc/arm-none-eabi/13.3.1/../../../../arm-none-eabi/lib/thumb/v8-m.main+fp/hard\libc_nano.a(libc_a-memchr-stub.o)
                0x08009d88                memchr
 *(.glue_7)
 .glue_7        0x08009da4        0x0 linker stubs
 *(.glue_7t)
 .glue_7t       0x08009da4        0x0 linker stubs
 *(.eh_frame)
 .eh_frame      0x08009da4        0x0 C:/ST/STM32CubeIDE_1.19.0/STM32CubeIDE/plugins/com.st.stm32cube.ide.mcu.externaltools.gnu-tools-for-stm32.13.3.rel1.win32_1.0.0.202411081344/tools/bin/../lib/gcc/arm-none-eabi/13.3.1/thumb/v8-m.main+fp/hard/crtbegin.o
 *(.init)
 .init          0x08009da4        0x4 C:/ST/STM32CubeIDE_1.19.0/STM32CubeIDE/plugins/com.st.stm32cube.ide.mcu.externaltools.gnu-tools-for-stm32.13.3.rel1.win32_1.0.0.202411081344/tools/bin/../lib/gcc/arm-none-eabi/13.3.1/thumb/v8-m.main+fp/hard/crti.o
                0x08009da4                _init
 .init          0x08009da8        0x8 C:/ST/STM32CubeIDE_1.19.0/STM32CubeIDE/plugins/com.st.stm32cube.ide.mcu.externaltools.gnu-tools-for-stm32.13.3.rel1.win32_1.0.0.202411081344/tools/bin/../lib/gcc/arm-none-eabi/13.3.1/thumb/v8-m.main+fp/hard/crtn.o
 *(.fini)
 .fini          0x08009db0        0x4 C:/ST/STM32CubeIDE_1.19.0/STM32CubeIDE/plugins/com.st.stm32cube.ide.mcu.externaltools.gnu-tools-for-stm32.13.3.rel1.win32_1.0.0.202411081344/tools/bin/../lib/gcc/arm-none-eabi/13.3.1/thumb/v8-m.main+fp/hard/crti.o
                0x08009db0                _fini
 .fini          0x08009db4        0x8 C:/ST/STM32CubeIDE_1.19.0/STM32CubeIDE/plugins/com.st.stm32cube.ide.mcu.externaltools.gnu-tools-for-stm32.13.3.rel1.win32_1.0.0.202411081344/tools/bin/../lib/gcc/arm-none-eabi/13.3.1/thumb/v8-m.main+fp/hard/crtn.o
                0x08009dbc                        . = ALIGN (0x4)
                0x08009dbc                        _etext = .

.vfp11_veneer   0x08009dbc        0x0
 .vfp11_veneer  0x08009dbc        0x0 linker stubs

.v4_bx          0x08009dbc        0x0
 .v4_bx         0x08009dbc        0x0 linker stubs

.iplt           0x08009dbc        0x0
 .iplt          0x08009dbc        0x0 C:/ST/STM32CubeIDE_1.19.0/STM32CubeIDE/plugins/com.st.stm32cube.ide.mcu.externaltools.gnu-tools-for-stm32.13.3.rel1.win32_1.0.0.202411081344/tools/bin/../lib/gcc/arm-none-eabi/13.3.1/thumb/v8-m.main+fp/hard/crtbegin.o

.rodata         0x08009dbc       0xf8
                0x08009dbc                        . = ALIGN (0x4)
 *(.rodata)
 .rodata        0x08009dbc       0x74 ./Core/Src/main.o
 *(.rodata*)
 .rodata.AHBPrescTable
                0x08009e30       0x10 ./Core/Src/system_stm32h5xx.o
                0x08009e30                AHBPrescTable
 .rodata.APBPrescTable
                0x08009e40        0x8 ./Core/Src/system_stm32h5xx.o
                0x08009e40                APBPrescTable
 .rodata.DLCtoBytes
                0x08009e48       0x10 ./Drivers/STM32H5xx_HAL_Driver/Src/stm32h5xx_hal_fdcan.o
 .rodata.UARTPrescTable
                0x08009e58       0x18 ./Drivers/STM32H5xx_HAL_Driver/Src/stm32h5xx_hal_uart.o
                0x08009e58                UARTPrescTable
 .rodata.numerator.1
                0x08009e70        0x8 ./Drivers/STM32H5xx_HAL_Driver/Src/stm32h5xx_hal_uart_ex.o
 .rodata.denominator.0
                0x08009e78        0x8 ./Drivers/STM32H5xx_HAL_Driver/Src/stm32h5xx_hal_uart_ex.o
 .rodata._vfprintf_r.str1.1
                0x08009e80       0x33 C:/ST/STM32CubeIDE_1.19.0/STM32CubeIDE/plugins/com.st.stm32cube.ide.mcu.externaltools.gnu-tools-for-stm32.13.3.rel1.win32_1.0.0.202411081344/tools/bin/../lib/gcc/arm-none-eabi/13.3.1/../../../../arm-none-eabi/lib/thumb/v8-m.main+fp/hard\libc_nano.a(libc_a-nano-vfprintf.o)
                                 0x11 (size before relaxing)
 .rodata._printf_i.str1.1
                0x08009eb3       0x22 C:/ST/STM32CubeIDE_1.19.0/STM32CubeIDE/plugins/com.st.stm32cube.ide.mcu.externaltools.gnu-tools-for-stm32.13.3.rel1.win32_1.0.0.202411081344/tools/bin/../lib/gcc/arm-none-eabi/13.3.1/../../../../arm-none-eabi/lib/thumb/v8-m.main+fp/hard\libc_nano.a(libc_a-nano-vfprintf_i.o)
                0x08009ed8                        . = ALIGN (0x4)
 *fill*         0x08009eb3        0x1 

.ARM.extab      0x08009eb4        0x0
                0x08009eb4                        . = ALIGN (0x4)
 *(.ARM.extab* .gnu.linkonce.armextab.*)
                0x08009eb4                        . = ALIGN (0x4)

.ARM            0x08009eb4        0x8
                0x08009eb4                        . = ALIGN (0x4)
                0x08009eb4                        __exidx_start = .
 *(.ARM.exidx*)
 .ARM.exidx     0x08009eb4        0x8 C:/ST/STM32CubeIDE_1.19.0/STM32CubeIDE/plugins/com.st.stm32cube.ide.mcu.externaltools.gnu-tools-for-stm32.13.3.rel1.win32_1.0.0.202411081344/tools/bin/../lib/gcc/arm-none-eabi/13.3.1/thumb/v8-m.main+fp/hard\libgcc.a(_udivmoddi4.o)
                0x08009ebc                        __exidx_end = .
                0x08009ebc                        . = ALIGN (0x4)

.preinit_array  0x08009ebc        0x0
                0x08009ebc                        . = ALIGN (0x4)
                0x08009ebc                        PROVIDE (__preinit_array_start = .)
 *(.preinit_array*)
                0x08009ebc                        PROVIDE (__preinit_array_end = .)
                0x08009ebc                        . = ALIGN (0x4)

.init_array     0x08009ebc        0x4
                0x08009ebc                        . = ALIGN (0x4)
                0x08009ebc                        PROVIDE (__init_array_start = .)
 *(SORT_BY_NAME(.init_array.*))
 *(.init_array*)
 .init_array    0x08009ebc        0x4 C:/ST/STM32CubeIDE_1.19.0/STM32CubeIDE/plugins/com.st.stm32cube.ide.mcu.externaltools.gnu-tools-for-stm32.13.3.rel1.win32_1.0.0.202411081344/tools/bin/../lib/gcc/arm-none-eabi/13.3.1/thumb/v8-m.main+fp/hard/crtbegin.o
                0x08009ec0                        PROVIDE (__init_array_end = .)
                0x08009ec0                        . = ALIGN (0x4)

.fini_array     0x08009ec0        0x4
                0x08009ec0                        . = ALIGN (0x4)
                [!provide]                        PROVIDE (__fini_array_start = .)
 *(SORT_BY_NAME(.fini_array.*))
 *(.fini_array*)
 .fini_array    0x08009ec0        0x4 C:/ST/STM32CubeIDE_1.19.0/STM32CubeIDE/plugins/com.st.stm32cube.ide.mcu.externaltools.gnu-tools-for-stm32.13.3.rel1.win32_1.0.0.202411081344/tools/bin/../lib/gcc/arm-none-eabi/13.3.1/thumb/v8-m.main+fp/hard/crtbegin.o
                [!provide]                        PROVIDE (__fini_array_end = .)
                0x08009ec4                        . = ALIGN (0x4)
                0x08009ec4                        _sidata = LOADADDR (.data)

.rel.dyn        0x08009ec4        0x0
 .rel.iplt      0x08009ec4        0x0 C:/ST/STM32CubeIDE_1.19.0/STM32CubeIDE/plugins/com.st.stm32cube.ide.mcu.externaltools.gnu-tools-for-stm32.13.3.rel1.win32_1.0.0.202411081344/tools/bin/../lib/gcc/arm-none-eabi/13.3.1/thumb/v8-m.main+fp/hard/crtbegin.o

.data           0x20000000       0x70 load address 0x08009ec4
                0x20000000                        . = ALIGN (0x4)
                0x20000000                        _sdata = .
 *(.data)
 *(.data*)
 .data.TxData   0x20000000        0x8 ./Core/Src/main.o
                0x20000000                TxData
 .data.SystemCoreClock
                0x20000008        0x4 ./Core/Src/system_stm32h5xx.o
                0x20000008                SystemCoreClock
 .data.uwTickPrio
                0x2000000c        0x4 ./Drivers/STM32H5xx_HAL_Driver/Src/stm32h5xx_hal.o
                0x2000000c                uwTickPrio
 .data.uwTickFreq
                0x20000010        0x1 ./Drivers/STM32H5xx_HAL_Driver/Src/stm32h5xx_hal.o
                0x20000010                uwTickFreq
 *fill*         0x20000011        0x3 
 .data.__sglue  0x20000014        0xc C:/ST/STM32CubeIDE_1.19.0/STM32CubeIDE/plugins/com.st.stm32cube.ide.mcu.externaltools.gnu-tools-for-stm32.13.3.rel1.win32_1.0.0.202411081344/tools/bin/../lib/gcc/arm-none-eabi/13.3.1/../../../../arm-none-eabi/lib/thumb/v8-m.main+fp/hard\libc_nano.a(libc_a-findfp.o)
                0x20000014                __sglue
 .data._impure_ptr
                0x20000020        0x4 C:/ST/STM32CubeIDE_1.19.0/STM32CubeIDE/plugins/com.st.stm32cube.ide.mcu.externaltools.gnu-tools-for-stm32.13.3.rel1.win32_1.0.0.202411081344/tools/bin/../lib/gcc/arm-none-eabi/13.3.1/../../../../arm-none-eabi/lib/thumb/v8-m.main+fp/hard\libc_nano.a(libc_a-impure.o)
                0x20000020                _impure_ptr
 .data._impure_data
                0x20000024       0x4c C:/ST/STM32CubeIDE_1.19.0/STM32CubeIDE/plugins/com.st.stm32cube.ide.mcu.externaltools.gnu-tools-for-stm32.13.3.rel1.win32_1.0.0.202411081344/tools/bin/../lib/gcc/arm-none-eabi/13.3.1/../../../../arm-none-eabi/lib/thumb/v8-m.main+fp/hard\libc_nano.a(libc_a-impure.o)
                0x20000024                _impure_data
 *(.RamFunc)
 *(.RamFunc*)
                0x20000070                        . = ALIGN (0x4)
                0x20000070                        _edata = .

.igot.plt       0x20000070        0x0 load address 0x08009f34
 .igot.plt      0x20000070        0x0 C:/ST/STM32CubeIDE_1.19.0/STM32CubeIDE/plugins/com.st.stm32cube.ide.mcu.externaltools.gnu-tools-for-stm32.13.3.rel1.win32_1.0.0.202411081344/tools/bin/../lib/gcc/arm-none-eabi/13.3.1/thumb/v8-m.main+fp/hard/crtbegin.o
                0x20000070                        . = ALIGN (0x4)

.bss            0x20000070      0x2bc load address 0x08009f34
                0x20000070                        _sbss = .
                0x20000070                        __bss_start__ = _sbss
 *(.bss)
 .bss           0x20000070       0x1c C:/ST/STM32CubeIDE_1.19.0/STM32CubeIDE/plugins/com.st.stm32cube.ide.mcu.externaltools.gnu-tools-for-stm32.13.3.rel1.win32_1.0.0.202411081344/tools/bin/../lib/gcc/arm-none-eabi/13.3.1/thumb/v8-m.main+fp/hard/crtbegin.o
 *(.bss*)
 .bss.hfdcan1   0x2000008c       0x64 ./Core/Src/main.o
                0x2000008c                hfdcan1
 .bss.huart1    0x200000f0       0x94 ./Core/Src/main.o
                0x200000f0                huart1
 .bss.RxData    0x20000184        0x8 ./Core/Src/main.o
                0x20000184                RxData
 .bss.TxHeader  0x2000018c       0x24 ./Core/Src/main.o
                0x2000018c                TxHeader
 .bss.RxHeader  0x200001b0       0x28 ./Core/Src/main.o
                0x200001b0                RxHeader
 .bss.__sbrk_heap_end
                0x200001d8        0x4 ./Core/Src/sysmem.o
 .bss.uwTick    0x200001dc        0x4 ./Drivers/STM32H5xx_HAL_Driver/Src/stm32h5xx_hal.o
                0x200001dc                uwTick
 .bss.__sf      0x200001e0      0x138 C:/ST/STM32CubeIDE_1.19.0/STM32CubeIDE/plugins/com.st.stm32cube.ide.mcu.externaltools.gnu-tools-for-stm32.13.3.rel1.win32_1.0.0.202411081344/tools/bin/../lib/gcc/arm-none-eabi/13.3.1/../../../../arm-none-eabi/lib/thumb/v8-m.main+fp/hard\libc_nano.a(libc_a-findfp.o)
                0x200001e0                __sf
 .bss.__stdio_exit_handler
                0x20000318        0x4 C:/ST/STM32CubeIDE_1.19.0/STM32CubeIDE/plugins/com.st.stm32cube.ide.mcu.externaltools.gnu-tools-for-stm32.13.3.rel1.win32_1.0.0.202411081344/tools/bin/../lib/gcc/arm-none-eabi/13.3.1/../../../../arm-none-eabi/lib/thumb/v8-m.main+fp/hard\libc_nano.a(libc_a-findfp.o)
                0x20000318                __stdio_exit_handler
 .bss.errno     0x2000031c        0x4 C:/ST/STM32CubeIDE_1.19.0/STM32CubeIDE/plugins/com.st.stm32cube.ide.mcu.externaltools.gnu-tools-for-stm32.13.3.rel1.win32_1.0.0.202411081344/tools/bin/../lib/gcc/arm-none-eabi/13.3.1/../../../../arm-none-eabi/lib/thumb/v8-m.main+fp/hard\libc_nano.a(libc_a-reent.o)
                0x2000031c                errno
 .bss.__lock___malloc_recursive_mutex
                0x20000320        0x1 C:/ST/STM32CubeIDE_1.19.0/STM32CubeIDE/plugins/com.st.stm32cube.ide.mcu.externaltools.gnu-tools-for-stm32.13.3.rel1.win32_1.0.0.202411081344/tools/bin/../lib/gcc/arm-none-eabi/13.3.1/../../../../arm-none-eabi/lib/thumb/v8-m.main+fp/hard\libc_nano.a(libc_a-lock.o)
                0x20000320                __lock___malloc_recursive_mutex
 .bss.__lock___sfp_recursive_mutex
                0x20000321        0x1 C:/ST/STM32CubeIDE_1.19.0/STM32CubeIDE/plugins/com.st.stm32cube.ide.mcu.externaltools.gnu-tools-for-stm32.13.3.rel1.win32_1.0.0.202411081344/tools/bin/../lib/gcc/arm-none-eabi/13.3.1/../../../../arm-none-eabi/lib/thumb/v8-m.main+fp/hard\libc_nano.a(libc_a-lock.o)
                0x20000321                __lock___sfp_recursive_mutex
 *fill*         0x20000322        0x2 
 .bss.__malloc_sbrk_start
                0x20000324        0x4 C:/ST/STM32CubeIDE_1.19.0/STM32CubeIDE/plugins/com.st.stm32cube.ide.mcu.externaltools.gnu-tools-for-stm32.13.3.rel1.win32_1.0.0.202411081344/tools/bin/../lib/gcc/arm-none-eabi/13.3.1/../../../../arm-none-eabi/lib/thumb/v8-m.main+fp/hard\libc_nano.a(libc_a-mallocr.o)
                0x20000324                __malloc_sbrk_start
 .bss.__malloc_free_list
                0x20000328        0x4 C:/ST/STM32CubeIDE_1.19.0/STM32CubeIDE/plugins/com.st.stm32cube.ide.mcu.externaltools.gnu-tools-for-stm32.13.3.rel1.win32_1.0.0.202411081344/tools/bin/../lib/gcc/arm-none-eabi/13.3.1/../../../../arm-none-eabi/lib/thumb/v8-m.main+fp/hard\libc_nano.a(libc_a-mallocr.o)
                0x20000328                __malloc_free_list
 *(COMMON)
                0x2000032c                        . = ALIGN (0x4)
                0x2000032c                        _ebss = .
                0x2000032c                        __bss_end__ = _ebss

._user_heap_stack
                0x2000032c      0x604 load address 0x08009f34
                0x20000330                        . = ALIGN (0x8)
 *fill*         0x2000032c        0x4 
                [!provide]                        PROVIDE (end = .)
                0x20000330                        PROVIDE (_end = .)
                0x20000530                        . = (. + _Min_Heap_Size)
 *fill*         0x20000330      0x200 
                0x20000930                        . = (. + _Min_Stack_Size)
 *fill*         0x20000530      0x400 
                0x20000930                        . = ALIGN (0x8)

/DISCARD/
 libc.a(*)
 libm.a(*)
 libgcc.a(*)

.ARM.attributes
                0x00000000       0x36
 *(.ARM.attributes)
 .ARM.attributes
                0x00000000       0x26 C:/ST/STM32CubeIDE_1.19.0/STM32CubeIDE/plugins/com.st.stm32cube.ide.mcu.externaltools.gnu-tools-for-stm32.13.3.rel1.win32_1.0.0.202411081344/tools/bin/../lib/gcc/arm-none-eabi/13.3.1/thumb/v8-m.main+fp/hard/crti.o
 .ARM.attributes
                0x00000026       0x38 C:/ST/STM32CubeIDE_1.19.0/STM32CubeIDE/plugins/com.st.stm32cube.ide.mcu.externaltools.gnu-tools-for-stm32.13.3.rel1.win32_1.0.0.202411081344/tools/bin/../lib/gcc/arm-none-eabi/13.3.1/thumb/v8-m.main+fp/hard/crtbegin.o
 .ARM.attributes
                0x0000005e       0x3a ./Core/Src/main.o
 .ARM.attributes
                0x00000098       0x3a ./Core/Src/stm32h5xx_hal_msp.o
 .ARM.attributes
                0x000000d2       0x3a ./Core/Src/stm32h5xx_it.o
 .ARM.attributes
                0x0000010c       0x3a ./Core/Src/syscalls.o
 .ARM.attributes
                0x00000146       0x3a ./Core/Src/sysmem.o
 .ARM.attributes
                0x00000180       0x3a ./Core/Src/system_stm32h5xx.o
 .ARM.attributes
                0x000001ba       0x24 ./Core/Startup/startup_stm32h573iikxq.o
 .ARM.attributes
                0x000001de       0x3a ./Drivers/STM32H5xx_HAL_Driver/Src/stm32h5xx_hal.o
 .ARM.attributes
                0x00000218       0x3a ./Drivers/STM32H5xx_HAL_Driver/Src/stm32h5xx_hal_cortex.o
 .ARM.attributes
                0x00000252       0x3a ./Drivers/STM32H5xx_HAL_Driver/Src/stm32h5xx_hal_fdcan.o
 .ARM.attributes
                0x0000028c       0x3a ./Drivers/STM32H5xx_HAL_Driver/Src/stm32h5xx_hal_gpio.o
 .ARM.attributes
                0x000002c6       0x3a ./Drivers/STM32H5xx_HAL_Driver/Src/stm32h5xx_hal_icache.o
 .ARM.attributes
                0x00000300       0x3a ./Drivers/STM32H5xx_HAL_Driver/Src/stm32h5xx_hal_rcc.o
 .ARM.attributes
                0x0000033a       0x3a ./Drivers/STM32H5xx_HAL_Driver/Src/stm32h5xx_hal_rcc_ex.o
 .ARM.attributes
                0x00000374       0x3a ./Drivers/STM32H5xx_HAL_Driver/Src/stm32h5xx_hal_uart.o
 .ARM.attributes
                0x000003ae       0x3a ./Drivers/STM32H5xx_HAL_Driver/Src/stm32h5xx_hal_uart_ex.o
 .ARM.attributes
                0x000003e8       0x38 C:/ST/STM32CubeIDE_1.19.0/STM32CubeIDE/plugins/com.st.stm32cube.ide.mcu.externaltools.gnu-tools-for-stm32.13.3.rel1.win32_1.0.0.202411081344/tools/bin/../lib/gcc/arm-none-eabi/13.3.1/../../../../arm-none-eabi/lib/thumb/v8-m.main+fp/hard\libc_nano.a(libc_a-findfp.o)
 .ARM.attributes
                0x00000420       0x38 C:/ST/STM32CubeIDE_1.19.0/STM32CubeIDE/plugins/com.st.stm32cube.ide.mcu.externaltools.gnu-tools-for-stm32.13.3.rel1.win32_1.0.0.202411081344/tools/bin/../lib/gcc/arm-none-eabi/13.3.1/../../../../arm-none-eabi/lib/thumb/v8-m.main+fp/hard\libc_nano.a(libc_a-fwalk.o)
 .ARM.attributes
                0x00000458       0x38 C:/ST/STM32CubeIDE_1.19.0/STM32CubeIDE/plugins/com.st.stm32cube.ide.mcu.externaltools.gnu-tools-for-stm32.13.3.rel1.win32_1.0.0.202411081344/tools/bin/../lib/gcc/arm-none-eabi/13.3.1/../../../../arm-none-eabi/lib/thumb/v8-m.main+fp/hard\libc_nano.a(libc_a-printf.o)
 .ARM.attributes
                0x00000490       0x38 C:/ST/STM32CubeIDE_1.19.0/STM32CubeIDE/plugins/com.st.stm32cube.ide.mcu.externaltools.gnu-tools-for-stm32.13.3.rel1.win32_1.0.0.202411081344/tools/bin/../lib/gcc/arm-none-eabi/13.3.1/../../../../arm-none-eabi/lib/thumb/v8-m.main+fp/hard\libc_nano.a(libc_a-puts.o)
 .ARM.attributes
                0x000004c8       0x38 C:/ST/STM32CubeIDE_1.19.0/STM32CubeIDE/plugins/com.st.stm32cube.ide.mcu.externaltools.gnu-tools-for-stm32.13.3.rel1.win32_1.0.0.202411081344/tools/bin/../lib/gcc/arm-none-eabi/13.3.1/../../../../arm-none-eabi/lib/thumb/v8-m.main+fp/hard\libc_nano.a(libc_a-stdio.o)
 .ARM.attributes
                0x00000500       0x38 C:/ST/STM32CubeIDE_1.19.0/STM32CubeIDE/plugins/com.st.stm32cube.ide.mcu.externaltools.gnu-tools-for-stm32.13.3.rel1.win32_1.0.0.202411081344/tools/bin/../lib/gcc/arm-none-eabi/13.3.1/../../../../arm-none-eabi/lib/thumb/v8-m.main+fp/hard\libc_nano.a(libc_a-wbuf.o)
 .ARM.attributes
                0x00000538       0x38 C:/ST/STM32CubeIDE_1.19.0/STM32CubeIDE/plugins/com.st.stm32cube.ide.mcu.externaltools.gnu-tools-for-stm32.13.3.rel1.win32_1.0.0.202411081344/tools/bin/../lib/gcc/arm-none-eabi/13.3.1/../../../../arm-none-eabi/lib/thumb/v8-m.main+fp/hard\libc_nano.a(libc_a-wsetup.o)
 .ARM.attributes
                0x00000570       0x38 C:/ST/STM32CubeIDE_1.19.0/STM32CubeIDE/plugins/com.st.stm32cube.ide.mcu.externaltools.gnu-tools-for-stm32.13.3.rel1.win32_1.0.0.202411081344/tools/bin/../lib/gcc/arm-none-eabi/13.3.1/../../../../arm-none-eabi/lib/thumb/v8-m.main+fp/hard\libc_nano.a(libc_a-memset.o)
 .ARM.attributes
                0x000005a8       0x38 C:/ST/STM32CubeIDE_1.19.0/STM32CubeIDE/plugins/com.st.stm32cube.ide.mcu.externaltools.gnu-tools-for-stm32.13.3.rel1.win32_1.0.0.202411081344/tools/bin/../lib/gcc/arm-none-eabi/13.3.1/../../../../arm-none-eabi/lib/thumb/v8-m.main+fp/hard\libc_nano.a(libc_a-closer.o)
 .ARM.attributes
                0x000005e0       0x38 C:/ST/STM32CubeIDE_1.19.0/STM32CubeIDE/plugins/com.st.stm32cube.ide.mcu.externaltools.gnu-tools-for-stm32.13.3.rel1.win32_1.0.0.202411081344/tools/bin/../lib/gcc/arm-none-eabi/13.3.1/../../../../arm-none-eabi/lib/thumb/v8-m.main+fp/hard\libc_nano.a(libc_a-reent.o)
 .ARM.attributes
                0x00000618       0x38 C:/ST/STM32CubeIDE_1.19.0/STM32CubeIDE/plugins/com.st.stm32cube.ide.mcu.externaltools.gnu-tools-for-stm32.13.3.rel1.win32_1.0.0.202411081344/tools/bin/../lib/gcc/arm-none-eabi/13.3.1/../../../../arm-none-eabi/lib/thumb/v8-m.main+fp/hard\libc_nano.a(libc_a-impure.o)
 .ARM.attributes
                0x00000650       0x38 C:/ST/STM32CubeIDE_1.19.0/STM32CubeIDE/plugins/com.st.stm32cube.ide.mcu.externaltools.gnu-tools-for-stm32.13.3.rel1.win32_1.0.0.202411081344/tools/bin/../lib/gcc/arm-none-eabi/13.3.1/../../../../arm-none-eabi/lib/thumb/v8-m.main+fp/hard\libc_nano.a(libc_a-lseekr.o)
 .ARM.attributes
                0x00000688       0x38 C:/ST/STM32CubeIDE_1.19.0/STM32CubeIDE/plugins/com.st.stm32cube.ide.mcu.externaltools.gnu-tools-for-stm32.13.3.rel1.win32_1.0.0.202411081344/tools/bin/../lib/gcc/arm-none-eabi/13.3.1/../../../../arm-none-eabi/lib/thumb/v8-m.main+fp/hard\libc_nano.a(libc_a-readr.o)
 .ARM.attributes
                0x000006c0       0x38 C:/ST/STM32CubeIDE_1.19.0/STM32CubeIDE/plugins/com.st.stm32cube.ide.mcu.externaltools.gnu-tools-for-stm32.13.3.rel1.win32_1.0.0.202411081344/tools/bin/../lib/gcc/arm-none-eabi/13.3.1/../../../../arm-none-eabi/lib/thumb/v8-m.main+fp/hard\libc_nano.a(libc_a-writer.o)
 .ARM.attributes
                0x000006f8       0x38 C:/ST/STM32CubeIDE_1.19.0/STM32CubeIDE/plugins/com.st.stm32cube.ide.mcu.externaltools.gnu-tools-for-stm32.13.3.rel1.win32_1.0.0.202411081344/tools/bin/../lib/gcc/arm-none-eabi/13.3.1/../../../../arm-none-eabi/lib/thumb/v8-m.main+fp/hard\libc_nano.a(libc_a-errno.o)
 .ARM.attributes
                0x00000730       0x38 C:/ST/STM32CubeIDE_1.19.0/STM32CubeIDE/plugins/com.st.stm32cube.ide.mcu.externaltools.gnu-tools-for-stm32.13.3.rel1.win32_1.0.0.202411081344/tools/bin/../lib/gcc/arm-none-eabi/13.3.1/../../../../arm-none-eabi/lib/thumb/v8-m.main+fp/hard\libc_nano.a(libc_a-init.o)
 .ARM.attributes
                0x00000768       0x38 C:/ST/STM32CubeIDE_1.19.0/STM32CubeIDE/plugins/com.st.stm32cube.ide.mcu.externaltools.gnu-tools-for-stm32.13.3.rel1.win32_1.0.0.202411081344/tools/bin/../lib/gcc/arm-none-eabi/13.3.1/../../../../arm-none-eabi/lib/thumb/v8-m.main+fp/hard\libc_nano.a(libc_a-lock.o)
 .ARM.attributes
                0x000007a0       0x38 C:/ST/STM32CubeIDE_1.19.0/STM32CubeIDE/plugins/com.st.stm32cube.ide.mcu.externaltools.gnu-tools-for-stm32.13.3.rel1.win32_1.0.0.202411081344/tools/bin/../lib/gcc/arm-none-eabi/13.3.1/../../../../arm-none-eabi/lib/thumb/v8-m.main+fp/hard\libc_nano.a(libc_a-freer.o)
 .ARM.attributes
                0x000007d8       0x38 C:/ST/STM32CubeIDE_1.19.0/STM32CubeIDE/plugins/com.st.stm32cube.ide.mcu.externaltools.gnu-tools-for-stm32.13.3.rel1.win32_1.0.0.202411081344/tools/bin/../lib/gcc/arm-none-eabi/13.3.1/../../../../arm-none-eabi/lib/thumb/v8-m.main+fp/hard\libc_nano.a(libc_a-mallocr.o)
 .ARM.attributes
                0x00000810       0x38 C:/ST/STM32CubeIDE_1.19.0/STM32CubeIDE/plugins/com.st.stm32cube.ide.mcu.externaltools.gnu-tools-for-stm32.13.3.rel1.win32_1.0.0.202411081344/tools/bin/../lib/gcc/arm-none-eabi/13.3.1/../../../../arm-none-eabi/lib/thumb/v8-m.main+fp/hard\libc_nano.a(libc_a-mlock.o)
 .ARM.attributes
                0x00000848       0x38 C:/ST/STM32CubeIDE_1.19.0/STM32CubeIDE/plugins/com.st.stm32cube.ide.mcu.externaltools.gnu-tools-for-stm32.13.3.rel1.win32_1.0.0.202411081344/tools/bin/../lib/gcc/arm-none-eabi/13.3.1/../../../../arm-none-eabi/lib/thumb/v8-m.main+fp/hard\libc_nano.a(libc_a-nano-vfprintf.o)
 .ARM.attributes
                0x00000880       0x38 C:/ST/STM32CubeIDE_1.19.0/STM32CubeIDE/plugins/com.st.stm32cube.ide.mcu.externaltools.gnu-tools-for-stm32.13.3.rel1.win32_1.0.0.202411081344/tools/bin/../lib/gcc/arm-none-eabi/13.3.1/../../../../arm-none-eabi/lib/thumb/v8-m.main+fp/hard\libc_nano.a(libc_a-nano-vfprintf_i.o)
 .ARM.attributes
                0x000008b8       0x38 C:/ST/STM32CubeIDE_1.19.0/STM32CubeIDE/plugins/com.st.stm32cube.ide.mcu.externaltools.gnu-tools-for-stm32.13.3.rel1.win32_1.0.0.202411081344/tools/bin/../lib/gcc/arm-none-eabi/13.3.1/../../../../arm-none-eabi/lib/thumb/v8-m.main+fp/hard\libc_nano.a(libc_a-fflush.o)
 .ARM.attributes
                0x000008f0       0x38 C:/ST/STM32CubeIDE_1.19.0/STM32CubeIDE/plugins/com.st.stm32cube.ide.mcu.externaltools.gnu-tools-for-stm32.13.3.rel1.win32_1.0.0.202411081344/tools/bin/../lib/gcc/arm-none-eabi/13.3.1/../../../../arm-none-eabi/lib/thumb/v8-m.main+fp/hard\libc_nano.a(libc_a-makebuf.o)
 .ARM.attributes
                0x00000928       0x38 C:/ST/STM32CubeIDE_1.19.0/STM32CubeIDE/plugins/com.st.stm32cube.ide.mcu.externaltools.gnu-tools-for-stm32.13.3.rel1.win32_1.0.0.202411081344/tools/bin/../lib/gcc/arm-none-eabi/13.3.1/../../../../arm-none-eabi/lib/thumb/v8-m.main+fp/hard\libc_nano.a(libc_a-fstatr.o)
 .ARM.attributes
                0x00000960       0x38 C:/ST/STM32CubeIDE_1.19.0/STM32CubeIDE/plugins/com.st.stm32cube.ide.mcu.externaltools.gnu-tools-for-stm32.13.3.rel1.win32_1.0.0.202411081344/tools/bin/../lib/gcc/arm-none-eabi/13.3.1/../../../../arm-none-eabi/lib/thumb/v8-m.main+fp/hard\libc_nano.a(libc_a-isattyr.o)
 .ARM.attributes
                0x00000998       0x38 C:/ST/STM32CubeIDE_1.19.0/STM32CubeIDE/plugins/com.st.stm32cube.ide.mcu.externaltools.gnu-tools-for-stm32.13.3.rel1.win32_1.0.0.202411081344/tools/bin/../lib/gcc/arm-none-eabi/13.3.1/../../../../arm-none-eabi/lib/thumb/v8-m.main+fp/hard\libc_nano.a(libc_a-sbrkr.o)
 .ARM.attributes
                0x000009d0       0x38 C:/ST/STM32CubeIDE_1.19.0/STM32CubeIDE/plugins/com.st.stm32cube.ide.mcu.externaltools.gnu-tools-for-stm32.13.3.rel1.win32_1.0.0.202411081344/tools/bin/../lib/gcc/arm-none-eabi/13.3.1/../../../../arm-none-eabi/lib/thumb/v8-m.main+fp/hard\libc_nano.a(libc_a-memchr-stub.o)
 .ARM.attributes
                0x00000a08       0x26 C:/ST/STM32CubeIDE_1.19.0/STM32CubeIDE/plugins/com.st.stm32cube.ide.mcu.externaltools.gnu-tools-for-stm32.13.3.rel1.win32_1.0.0.202411081344/tools/bin/../lib/gcc/arm-none-eabi/13.3.1/thumb/v8-m.main+fp/hard\libgcc.a(_aeabi_uldivmod.o)
 .ARM.attributes
                0x00000a2e       0x38 C:/ST/STM32CubeIDE_1.19.0/STM32CubeIDE/plugins/com.st.stm32cube.ide.mcu.externaltools.gnu-tools-for-stm32.13.3.rel1.win32_1.0.0.202411081344/tools/bin/../lib/gcc/arm-none-eabi/13.3.1/thumb/v8-m.main+fp/hard\libgcc.a(_udivmoddi4.o)
 .ARM.attributes
                0x00000a66       0x26 C:/ST/STM32CubeIDE_1.19.0/STM32CubeIDE/plugins/com.st.stm32cube.ide.mcu.externaltools.gnu-tools-for-stm32.13.3.rel1.win32_1.0.0.202411081344/tools/bin/../lib/gcc/arm-none-eabi/13.3.1/thumb/v8-m.main+fp/hard\libgcc.a(_dvmd_tls.o)
 .ARM.attributes
                0x00000a8c       0x26 C:/ST/STM32CubeIDE_1.19.0/STM32CubeIDE/plugins/com.st.stm32cube.ide.mcu.externaltools.gnu-tools-for-stm32.13.3.rel1.win32_1.0.0.202411081344/tools/bin/../lib/gcc/arm-none-eabi/13.3.1/thumb/v8-m.main+fp/hard/crtn.o
OUTPUT(can.elf elf32-littlearm)
LOAD linker stubs
LOAD C:/ST/STM32CubeIDE_1.19.0/STM32CubeIDE/plugins/com.st.stm32cube.ide.mcu.externaltools.gnu-tools-for-stm32.13.3.rel1.win32_1.0.0.202411081344/tools/bin/../lib/gcc/arm-none-eabi/13.3.1/../../../../arm-none-eabi/lib/thumb/v8-m.main+fp/hard\libc.a
LOAD C:/ST/STM32CubeIDE_1.19.0/STM32CubeIDE/plugins/com.st.stm32cube.ide.mcu.externaltools.gnu-tools-for-stm32.13.3.rel1.win32_1.0.0.202411081344/tools/bin/../lib/gcc/arm-none-eabi/13.3.1/../../../../arm-none-eabi/lib/thumb/v8-m.main+fp/hard\libm.a
LOAD C:/ST/STM32CubeIDE_1.19.0/STM32CubeIDE/plugins/com.st.stm32cube.ide.mcu.externaltools.gnu-tools-for-stm32.13.3.rel1.win32_1.0.0.202411081344/tools/bin/../lib/gcc/arm-none-eabi/13.3.1/thumb/v8-m.main+fp/hard\libgcc.a

.debug_info     0x00000000    0x11ac5
 .debug_info    0x00000000     0x1fc1 ./Core/Src/main.o
 .debug_info    0x00001fc1     0x1b6d ./Core/Src/stm32h5xx_hal_msp.o
 .debug_info    0x00003b2e      0x63f ./Core/Src/stm32h5xx_it.o
 .debug_info    0x0000416d      0x6a3 ./Core/Src/syscalls.o
 .debug_info    0x00004810      0x168 ./Core/Src/sysmem.o
 .debug_info    0x00004978      0xd8e ./Core/Src/system_stm32h5xx.o
 .debug_info    0x00005706       0x30 ./Core/Startup/startup_stm32h573iikxq.o
 .debug_info    0x00005736     0x13b1 ./Drivers/STM32H5xx_HAL_Driver/Src/stm32h5xx_hal.o
 .debug_info    0x00006ae7     0x166a ./Drivers/STM32H5xx_HAL_Driver/Src/stm32h5xx_hal_cortex.o
 .debug_info    0x00008151     0x1920 ./Drivers/STM32H5xx_HAL_Driver/Src/stm32h5xx_hal_fdcan.o
 .debug_info    0x00009a71      0x6b6 ./Drivers/STM32H5xx_HAL_Driver/Src/stm32h5xx_hal_gpio.o
 .debug_info    0x0000a127      0x4d6 ./Drivers/STM32H5xx_HAL_Driver/Src/stm32h5xx_hal_icache.o
 .debug_info    0x0000a5fd     0x109f ./Drivers/STM32H5xx_HAL_Driver/Src/stm32h5xx_hal_rcc.o
 .debug_info    0x0000b69c     0x12d7 ./Drivers/STM32H5xx_HAL_Driver/Src/stm32h5xx_hal_rcc_ex.o
 .debug_info    0x0000c973     0x4066 ./Drivers/STM32H5xx_HAL_Driver/Src/stm32h5xx_hal_uart.o
 .debug_info    0x000109d9     0x10ec ./Drivers/STM32H5xx_HAL_Driver/Src/stm32h5xx_hal_uart_ex.o

.debug_abbrev   0x00000000     0x2109
 .debug_abbrev  0x00000000      0x339 ./Core/Src/main.o
 .debug_abbrev  0x00000339      0x206 ./Core/Src/stm32h5xx_hal_msp.o
 .debug_abbrev  0x0000053f      0x15a ./Core/Src/stm32h5xx_it.o
 .debug_abbrev  0x00000699      0x1b6 ./Core/Src/syscalls.o
 .debug_abbrev  0x0000084f       0xbc ./Core/Src/sysmem.o
 .debug_abbrev  0x0000090b      0x13a ./Core/Src/system_stm32h5xx.o
 .debug_abbrev  0x00000a45       0x24 ./Core/Startup/startup_stm32h573iikxq.o
 .debug_abbrev  0x00000a69      0x2af ./Drivers/STM32H5xx_HAL_Driver/Src/stm32h5xx_hal.o
 .debug_abbrev  0x00000d18      0x311 ./Drivers/STM32H5xx_HAL_Driver/Src/stm32h5xx_hal_cortex.o
 .debug_abbrev  0x00001029      0x20b ./Drivers/STM32H5xx_HAL_Driver/Src/stm32h5xx_hal_fdcan.o
 .debug_abbrev  0x00001234      0x1db ./Drivers/STM32H5xx_HAL_Driver/Src/stm32h5xx_hal_gpio.o
 .debug_abbrev  0x0000140f      0x228 ./Drivers/STM32H5xx_HAL_Driver/Src/stm32h5xx_hal_icache.o
 .debug_abbrev  0x00001637      0x290 ./Drivers/STM32H5xx_HAL_Driver/Src/stm32h5xx_hal_rcc.o
 .debug_abbrev  0x000018c7      0x269 ./Drivers/STM32H5xx_HAL_Driver/Src/stm32h5xx_hal_rcc_ex.o
 .debug_abbrev  0x00001b30      0x305 ./Drivers/STM32H5xx_HAL_Driver/Src/stm32h5xx_hal_uart.o
 .debug_abbrev  0x00001e35      0x2d4 ./Drivers/STM32H5xx_HAL_Driver/Src/stm32h5xx_hal_uart_ex.o

.debug_aranges  0x00000000      0xd40
 .debug_aranges
                0x00000000       0x78 ./Core/Src/main.o
 .debug_aranges
                0x00000078       0x40 ./Core/Src/stm32h5xx_hal_msp.o
 .debug_aranges
                0x000000b8       0x70 ./Core/Src/stm32h5xx_it.o
 .debug_aranges
                0x00000128       0xa8 ./Core/Src/syscalls.o
 .debug_aranges
                0x000001d0       0x20 ./Core/Src/sysmem.o
 .debug_aranges
                0x000001f0       0x28 ./Core/Src/system_stm32h5xx.o
 .debug_aranges
                0x00000218       0x28 ./Core/Startup/startup_stm32h573iikxq.o
 .debug_aranges
                0x00000240      0x200 ./Drivers/STM32H5xx_HAL_Driver/Src/stm32h5xx_hal.o
 .debug_aranges
                0x00000440      0x140 ./Drivers/STM32H5xx_HAL_Driver/Src/stm32h5xx_hal_cortex.o
 .debug_aranges
                0x00000580      0x208 ./Drivers/STM32H5xx_HAL_Driver/Src/stm32h5xx_hal_fdcan.o
 .debug_aranges
                0x00000788       0x78 ./Drivers/STM32H5xx_HAL_Driver/Src/stm32h5xx_hal_gpio.o
 .debug_aranges
                0x00000800       0xa8 ./Drivers/STM32H5xx_HAL_Driver/Src/stm32h5xx_hal_icache.o
 .debug_aranges
                0x000008a8       0xa0 ./Drivers/STM32H5xx_HAL_Driver/Src/stm32h5xx_hal_rcc.o
 .debug_aranges
                0x00000948      0x108 ./Drivers/STM32H5xx_HAL_Driver/Src/stm32h5xx_hal_rcc_ex.o
 .debug_aranges
                0x00000a50      0x248 ./Drivers/STM32H5xx_HAL_Driver/Src/stm32h5xx_hal_uart.o
 .debug_aranges
                0x00000c98       0xa8 ./Drivers/STM32H5xx_HAL_Driver/Src/stm32h5xx_hal_uart_ex.o

.debug_rnglists
                0x00000000      0xa1f
 .debug_rnglists
                0x00000000       0x5a ./Core/Src/main.o
 .debug_rnglists
                0x0000005a       0x2d ./Core/Src/stm32h5xx_hal_msp.o
 .debug_rnglists
                0x00000087       0x4f ./Core/Src/stm32h5xx_it.o
 .debug_rnglists
                0x000000d6       0x79 ./Core/Src/syscalls.o
 .debug_rnglists
                0x0000014f       0x13 ./Core/Src/sysmem.o
 .debug_rnglists
                0x00000162       0x1b ./Core/Src/system_stm32h5xx.o
 .debug_rnglists
                0x0000017d       0x19 ./Core/Startup/startup_stm32h573iikxq.o
 .debug_rnglists
                0x00000196      0x17d ./Drivers/STM32H5xx_HAL_Driver/Src/stm32h5xx_hal.o
 .debug_rnglists
                0x00000313       0xec ./Drivers/STM32H5xx_HAL_Driver/Src/stm32h5xx_hal_cortex.o
 .debug_rnglists
                0x000003ff      0x18d ./Drivers/STM32H5xx_HAL_Driver/Src/stm32h5xx_hal_fdcan.o
 .debug_rnglists
                0x0000058c       0x57 ./Drivers/STM32H5xx_HAL_Driver/Src/stm32h5xx_hal_gpio.o
 .debug_rnglists
                0x000005e3       0x7a ./Drivers/STM32H5xx_HAL_Driver/Src/stm32h5xx_hal_icache.o
 .debug_rnglists
                0x0000065d       0x79 ./Drivers/STM32H5xx_HAL_Driver/Src/stm32h5xx_hal_rcc.o
 .debug_rnglists
                0x000006d6       0xcf ./Drivers/STM32H5xx_HAL_Driver/Src/stm32h5xx_hal_rcc_ex.o
 .debug_rnglists
                0x000007a5      0x1fb ./Drivers/STM32H5xx_HAL_Driver/Src/stm32h5xx_hal_uart.o
 .debug_rnglists
                0x000009a0       0x7f ./Drivers/STM32H5xx_HAL_Driver/Src/stm32h5xx_hal_uart_ex.o

.debug_macro    0x00000000    0x329c8
 .debug_macro   0x00000000      0x2ab ./Core/Src/main.o
 .debug_macro   0x000002ab      0xade ./Core/Src/main.o
 .debug_macro   0x00000d89      0x1ec ./Core/Src/main.o
 .debug_macro   0x00000f75       0x22 ./Core/Src/main.o
 .debug_macro   0x00000f97       0x5b ./Core/Src/main.o
 .debug_macro   0x00000ff2       0x2a ./Core/Src/main.o
 .debug_macro   0x0000101c       0x94 ./Core/Src/main.o
 .debug_macro   0x000010b0       0x43 ./Core/Src/main.o
 .debug_macro   0x000010f3       0x34 ./Core/Src/main.o
 .debug_macro   0x00001127      0x190 ./Core/Src/main.o
 .debug_macro   0x000012b7       0x57 ./Core/Src/main.o
 .debug_macro   0x0000130e      0x370 ./Core/Src/main.o
 .debug_macro   0x0000167e       0x16 ./Core/Src/main.o
 .debug_macro   0x00001694       0x4a ./Core/Src/main.o
 .debug_macro   0x000016de       0x34 ./Core/Src/main.o
 .debug_macro   0x00001712       0x10 ./Core/Src/main.o
 .debug_macro   0x00001722       0x58 ./Core/Src/main.o
 .debug_macro   0x0000177a       0x8e ./Core/Src/main.o
 .debug_macro   0x00001808       0x1c ./Core/Src/main.o
 .debug_macro   0x00001824      0x185 ./Core/Src/main.o
 .debug_macro   0x000019a9      0x19b ./Core/Src/main.o
 .debug_macro   0x00001b44       0x28 ./Core/Src/main.o
 .debug_macro   0x00001b6c       0x49 ./Core/Src/main.o
 .debug_macro   0x00001bb5      0x103 ./Core/Src/main.o
 .debug_macro   0x00001cb8       0x6a ./Core/Src/main.o
 .debug_macro   0x00001d22      0x1df ./Core/Src/main.o
 .debug_macro   0x00001f01       0x1c ./Core/Src/main.o
 .debug_macro   0x00001f1d       0x29 ./Core/Src/main.o
 .debug_macro   0x00001f46       0xfb ./Core/Src/main.o
 .debug_macro   0x00002041     0x1685 ./Core/Src/main.o
 .debug_macro   0x000036c6       0x5e ./Core/Src/main.o
 .debug_macro   0x00003724    0x21f07 ./Core/Src/main.o
 .debug_macro   0x0002562b       0x6d ./Core/Src/main.o
 .debug_macro   0x00025698     0x388a ./Core/Src/main.o
 .debug_macro   0x00028f22       0x63 ./Core/Src/main.o
 .debug_macro   0x00028f85     0x1fae ./Core/Src/main.o
 .debug_macro   0x0002af33      0xe96 ./Core/Src/main.o
 .debug_macro   0x0002bdc9      0x166 ./Core/Src/main.o
 .debug_macro   0x0002bf2f      0x300 ./Core/Src/main.o
 .debug_macro   0x0002c22f       0xca ./Core/Src/main.o
 .debug_macro   0x0002c2f9      0x94f ./Core/Src/main.o
 .debug_macro   0x0002cc48      0x478 ./Core/Src/main.o
 .debug_macro   0x0002d0c0       0xd6 ./Core/Src/main.o
 .debug_macro   0x0002d196      0x1cd ./Core/Src/main.o
 .debug_macro   0x0002d363      0x55b ./Core/Src/main.o
 .debug_macro   0x0002d8be      0x638 ./Core/Src/main.o
 .debug_macro   0x0002def6       0x7b ./Core/Src/main.o
 .debug_macro   0x0002df71      0x313 ./Core/Src/main.o
 .debug_macro   0x0002e284      0x1bb ./Core/Src/main.o
 .debug_macro   0x0002e43f      0x693 ./Core/Src/main.o
 .debug_macro   0x0002ead2       0xa6 ./Core/Src/main.o
 .debug_macro   0x0002eb78      0x2a7 ./Core/Src/main.o
 .debug_macro   0x0002ee1f      0x6bd ./Core/Src/main.o
 .debug_macro   0x0002f4dc      0x4ee ./Core/Src/main.o
 .debug_macro   0x0002f9ca       0x1c ./Core/Src/main.o
 .debug_macro   0x0002f9e6       0x3c ./Core/Src/main.o
 .debug_macro   0x0002fa22       0x10 ./Core/Src/main.o
 .debug_macro   0x0002fa32       0x1c ./Core/Src/main.o
 .debug_macro   0x0002fa4e       0x16 ./Core/Src/main.o
 .debug_macro   0x0002fa64      0x146 ./Core/Src/main.o
 .debug_macro   0x0002fbaa      0x277 ./Core/Src/stm32h5xx_hal_msp.o
 .debug_macro   0x0002fe21      0x281 ./Core/Src/stm32h5xx_it.o
 .debug_macro   0x000300a2      0x274 ./Core/Src/syscalls.o
 .debug_macro   0x00030316       0x10 ./Core/Src/syscalls.o
 .debug_macro   0x00030326       0x10 ./Core/Src/syscalls.o
 .debug_macro   0x00030336       0x10 ./Core/Src/syscalls.o
 .debug_macro   0x00030346       0x10 ./Core/Src/syscalls.o
 .debug_macro   0x00030356       0x1c ./Core/Src/syscalls.o
 .debug_macro   0x00030372       0x52 ./Core/Src/syscalls.o
 .debug_macro   0x000303c4       0x22 ./Core/Src/syscalls.o
 .debug_macro   0x000303e6       0x10 ./Core/Src/syscalls.o
 .debug_macro   0x000303f6       0x52 ./Core/Src/syscalls.o
 .debug_macro   0x00030448       0xcf ./Core/Src/syscalls.o
 .debug_macro   0x00030517       0x1c ./Core/Src/syscalls.o
 .debug_macro   0x00030533       0x3d ./Core/Src/syscalls.o
 .debug_macro   0x00030570       0x35 ./Core/Src/syscalls.o
 .debug_macro   0x000305a5      0x12c ./Core/Src/syscalls.o
 .debug_macro   0x000306d1       0x16 ./Core/Src/syscalls.o
 .debug_macro   0x000306e7       0x16 ./Core/Src/syscalls.o
 .debug_macro   0x000306fd       0x29 ./Core/Src/syscalls.o
 .debug_macro   0x00030726       0x10 ./Core/Src/syscalls.o
 .debug_macro   0x00030736      0x242 ./Core/Src/syscalls.o
 .debug_macro   0x00030978       0x10 ./Core/Src/syscalls.o
 .debug_macro   0x00030988      0x18a ./Core/Src/syscalls.o
 .debug_macro   0x00030b12       0x16 ./Core/Src/syscalls.o
 .debug_macro   0x00030b28       0xce ./Core/Src/syscalls.o
 .debug_macro   0x00030bf6      0x112 ./Core/Src/sysmem.o
 .debug_macro   0x00030d08      0x23c ./Core/Src/sysmem.o
 .debug_macro   0x00030f44      0x274 ./Core/Src/system_stm32h5xx.o
 .debug_macro   0x000311b8      0x2a3 ./Drivers/STM32H5xx_HAL_Driver/Src/stm32h5xx_hal.o
 .debug_macro   0x0003145b      0x26d ./Drivers/STM32H5xx_HAL_Driver/Src/stm32h5xx_hal_cortex.o
 .debug_macro   0x000316c8      0x37f ./Drivers/STM32H5xx_HAL_Driver/Src/stm32h5xx_hal_fdcan.o
 .debug_macro   0x00031a47      0x2a3 ./Drivers/STM32H5xx_HAL_Driver/Src/stm32h5xx_hal_gpio.o
 .debug_macro   0x00031cea      0x29f ./Drivers/STM32H5xx_HAL_Driver/Src/stm32h5xx_hal_icache.o
 .debug_macro   0x00031f89      0x2af ./Drivers/STM32H5xx_HAL_Driver/Src/stm32h5xx_hal_rcc.o
 .debug_macro   0x00032238      0x27f ./Drivers/STM32H5xx_HAL_Driver/Src/stm32h5xx_hal_rcc_ex.o
 .debug_macro   0x000324b7      0x298 ./Drivers/STM32H5xx_HAL_Driver/Src/stm32h5xx_hal_uart.o
 .debug_macro   0x0003274f      0x279 ./Drivers/STM32H5xx_HAL_Driver/Src/stm32h5xx_hal_uart_ex.o

.debug_line     0x00000000    0x10d0f
 .debug_line    0x00000000      0xb4b ./Core/Src/main.o
 .debug_line    0x00000b4b      0x94a ./Core/Src/stm32h5xx_hal_msp.o
 .debug_line    0x00001495      0x95b ./Core/Src/stm32h5xx_it.o
 .debug_line    0x00001df0      0x8ac ./Core/Src/syscalls.o
 .debug_line    0x0000269c      0x588 ./Core/Src/sysmem.o
 .debug_line    0x00002c24      0xa00 ./Core/Src/system_stm32h5xx.o
 .debug_line    0x00003624       0x7b ./Core/Startup/startup_stm32h573iikxq.o
 .debug_line    0x0000369f      0xfa0 ./Drivers/STM32H5xx_HAL_Driver/Src/stm32h5xx_hal.o
 .debug_line    0x0000463f      0xecf ./Drivers/STM32H5xx_HAL_Driver/Src/stm32h5xx_hal_cortex.o
 .debug_line    0x0000550e     0x19fd ./Drivers/STM32H5xx_HAL_Driver/Src/stm32h5xx_hal_fdcan.o
 .debug_line    0x00006f0b      0xc89 ./Drivers/STM32H5xx_HAL_Driver/Src/stm32h5xx_hal_gpio.o
 .debug_line    0x00007b94      0xb72 ./Drivers/STM32H5xx_HAL_Driver/Src/stm32h5xx_hal_icache.o
 .debug_line    0x00008706     0x1418 ./Drivers/STM32H5xx_HAL_Driver/Src/stm32h5xx_hal_rcc.o
 .debug_line    0x00009b1e     0x2ea4 ./Drivers/STM32H5xx_HAL_Driver/Src/stm32h5xx_hal_rcc_ex.o
 .debug_line    0x0000c9c2     0x355b ./Drivers/STM32H5xx_HAL_Driver/Src/stm32h5xx_hal_uart.o
 .debug_line    0x0000ff1d      0xdf2 ./Drivers/STM32H5xx_HAL_Driver/Src/stm32h5xx_hal_uart_ex.o

.debug_str      0x00000000   0x13cfa6
 .debug_str     0x00000000   0x13cfa6 ./Core/Src/main.o
                             0x1364d9 (size before relaxing)
 .debug_str     0x0013cfa6   0x13635a ./Core/Src/stm32h5xx_hal_msp.o
 .debug_str     0x0013cfa6   0x134f14 ./Core/Src/stm32h5xx_it.o
 .debug_str     0x0013cfa6     0x9a02 ./Core/Src/syscalls.o
 .debug_str     0x0013cfa6     0x77a0 ./Core/Src/sysmem.o
 .debug_str     0x0013cfa6   0x13512e ./Core/Src/system_stm32h5xx.o
 .debug_str     0x0013cfa6       0x81 ./Core/Startup/startup_stm32h573iikxq.o
 .debug_str     0x0013cfa6   0x135f9a ./Drivers/STM32H5xx_HAL_Driver/Src/stm32h5xx_hal.o
 .debug_str     0x0013cfa6   0x135b29 ./Drivers/STM32H5xx_HAL_Driver/Src/stm32h5xx_hal_cortex.o
 .debug_str     0x0013cfa6   0x13628e ./Drivers/STM32H5xx_HAL_Driver/Src/stm32h5xx_hal_fdcan.o
 .debug_str     0x0013cfa6   0x134e93 ./Drivers/STM32H5xx_HAL_Driver/Src/stm32h5xx_hal_gpio.o
 .debug_str     0x0013cfa6   0x1351bc ./Drivers/STM32H5xx_HAL_Driver/Src/stm32h5xx_hal_icache.o
 .debug_str     0x0013cfa6   0x135673 ./Drivers/STM32H5xx_HAL_Driver/Src/stm32h5xx_hal_rcc.o
 .debug_str     0x0013cfa6   0x1359bd ./Drivers/STM32H5xx_HAL_Driver/Src/stm32h5xx_hal_rcc_ex.o
 .debug_str     0x0013cfa6   0x135b74 ./Drivers/STM32H5xx_HAL_Driver/Src/stm32h5xx_hal_uart.o
 .debug_str     0x0013cfa6   0x135545 ./Drivers/STM32H5xx_HAL_Driver/Src/stm32h5xx_hal_uart_ex.o

.comment        0x00000000       0x43
 .comment       0x00000000       0x43 ./Core/Src/main.o
                                 0x44 (size before relaxing)
 .comment       0x00000043       0x44 ./Core/Src/stm32h5xx_hal_msp.o
 .comment       0x00000043       0x44 ./Core/Src/stm32h5xx_it.o
 .comment       0x00000043       0x44 ./Core/Src/syscalls.o
 .comment       0x00000043       0x44 ./Core/Src/sysmem.o
 .comment       0x00000043       0x44 ./Core/Src/system_stm32h5xx.o
 .comment       0x00000043       0x44 ./Drivers/STM32H5xx_HAL_Driver/Src/stm32h5xx_hal.o
 .comment       0x00000043       0x44 ./Drivers/STM32H5xx_HAL_Driver/Src/stm32h5xx_hal_cortex.o
 .comment       0x00000043       0x44 ./Drivers/STM32H5xx_HAL_Driver/Src/stm32h5xx_hal_fdcan.o
 .comment       0x00000043       0x44 ./Drivers/STM32H5xx_HAL_Driver/Src/stm32h5xx_hal_gpio.o
 .comment       0x00000043       0x44 ./Drivers/STM32H5xx_HAL_Driver/Src/stm32h5xx_hal_icache.o
 .comment       0x00000043       0x44 ./Drivers/STM32H5xx_HAL_Driver/Src/stm32h5xx_hal_rcc.o
 .comment       0x00000043       0x44 ./Drivers/STM32H5xx_HAL_Driver/Src/stm32h5xx_hal_rcc_ex.o
 .comment       0x00000043       0x44 ./Drivers/STM32H5xx_HAL_Driver/Src/stm32h5xx_hal_uart.o
 .comment       0x00000043       0x44 ./Drivers/STM32H5xx_HAL_Driver/Src/stm32h5xx_hal_uart_ex.o

.debug_frame    0x00000000     0x3f54
 .debug_frame   0x00000000      0x198 ./Core/Src/main.o
 .debug_frame   0x00000198       0xc8 ./Core/Src/stm32h5xx_hal_msp.o
 .debug_frame   0x00000260      0x13c ./Core/Src/stm32h5xx_it.o
 .debug_frame   0x0000039c      0x2ac ./Core/Src/syscalls.o
 .debug_frame   0x00000648       0x34 ./Core/Src/sysmem.o
 .debug_frame   0x0000067c       0x60 ./Core/Src/system_stm32h5xx.o
 .debug_frame   0x000006dc      0x828 ./Drivers/STM32H5xx_HAL_Driver/Src/stm32h5xx_hal.o
 .debug_frame   0x00000f04      0x560 ./Drivers/STM32H5xx_HAL_Driver/Src/stm32h5xx_hal_cortex.o
 .debug_frame   0x00001464      0x9b0 ./Drivers/STM32H5xx_HAL_Driver/Src/stm32h5xx_hal_fdcan.o
 .debug_frame   0x00001e14      0x1ec ./Drivers/STM32H5xx_HAL_Driver/Src/stm32h5xx_hal_gpio.o
 .debug_frame   0x00002000      0x298 ./Drivers/STM32H5xx_HAL_Driver/Src/stm32h5xx_hal_icache.o
 .debug_frame   0x00002298      0x268 ./Drivers/STM32H5xx_HAL_Driver/Src/stm32h5xx_hal_rcc.o
 .debug_frame   0x00002500      0x470 ./Drivers/STM32H5xx_HAL_Driver/Src/stm32h5xx_hal_rcc_ex.o
 .debug_frame   0x00002970      0xa84 ./Drivers/STM32H5xx_HAL_Driver/Src/stm32h5xx_hal_uart.o
 .debug_frame   0x000033f4      0x2c4 ./Drivers/STM32H5xx_HAL_Driver/Src/stm32h5xx_hal_uart_ex.o
 .debug_frame   0x000036b8      0x144 C:/ST/STM32CubeIDE_1.19.0/STM32CubeIDE/plugins/com.st.stm32cube.ide.mcu.externaltools.gnu-tools-for-stm32.13.3.rel1.win32_1.0.0.202411081344/tools/bin/../lib/gcc/arm-none-eabi/13.3.1/../../../../arm-none-eabi/lib/thumb/v8-m.main+fp/hard\libc_nano.a(libc_a-findfp.o)
 .debug_frame   0x000037fc       0x34 C:/ST/STM32CubeIDE_1.19.0/STM32CubeIDE/plugins/com.st.stm32cube.ide.mcu.externaltools.gnu-tools-for-stm32.13.3.rel1.win32_1.0.0.202411081344/tools/bin/../lib/gcc/arm-none-eabi/13.3.1/../../../../arm-none-eabi/lib/thumb/v8-m.main+fp/hard\libc_nano.a(libc_a-fwalk.o)
 .debug_frame   0x00003830       0x6c C:/ST/STM32CubeIDE_1.19.0/STM32CubeIDE/plugins/com.st.stm32cube.ide.mcu.externaltools.gnu-tools-for-stm32.13.3.rel1.win32_1.0.0.202411081344/tools/bin/../lib/gcc/arm-none-eabi/13.3.1/../../../../arm-none-eabi/lib/thumb/v8-m.main+fp/hard\libc_nano.a(libc_a-printf.o)
 .debug_frame   0x0000389c       0x3c C:/ST/STM32CubeIDE_1.19.0/STM32CubeIDE/plugins/com.st.stm32cube.ide.mcu.externaltools.gnu-tools-for-stm32.13.3.rel1.win32_1.0.0.202411081344/tools/bin/../lib/gcc/arm-none-eabi/13.3.1/../../../../arm-none-eabi/lib/thumb/v8-m.main+fp/hard\libc_nano.a(libc_a-puts.o)
 .debug_frame   0x000038d8       0x88 C:/ST/STM32CubeIDE_1.19.0/STM32CubeIDE/plugins/com.st.stm32cube.ide.mcu.externaltools.gnu-tools-for-stm32.13.3.rel1.win32_1.0.0.202411081344/tools/bin/../lib/gcc/arm-none-eabi/13.3.1/../../../../arm-none-eabi/lib/thumb/v8-m.main+fp/hard\libc_nano.a(libc_a-stdio.o)
 .debug_frame   0x00003960       0x40 C:/ST/STM32CubeIDE_1.19.0/STM32CubeIDE/plugins/com.st.stm32cube.ide.mcu.externaltools.gnu-tools-for-stm32.13.3.rel1.win32_1.0.0.202411081344/tools/bin/../lib/gcc/arm-none-eabi/13.3.1/../../../../arm-none-eabi/lib/thumb/v8-m.main+fp/hard\libc_nano.a(libc_a-wbuf.o)
 .debug_frame   0x000039a0       0x2c C:/ST/STM32CubeIDE_1.19.0/STM32CubeIDE/plugins/com.st.stm32cube.ide.mcu.externaltools.gnu-tools-for-stm32.13.3.rel1.win32_1.0.0.202411081344/tools/bin/../lib/gcc/arm-none-eabi/13.3.1/../../../../arm-none-eabi/lib/thumb/v8-m.main+fp/hard\libc_nano.a(libc_a-wsetup.o)
 .debug_frame   0x000039cc       0x20 C:/ST/STM32CubeIDE_1.19.0/STM32CubeIDE/plugins/com.st.stm32cube.ide.mcu.externaltools.gnu-tools-for-stm32.13.3.rel1.win32_1.0.0.202411081344/tools/bin/../lib/gcc/arm-none-eabi/13.3.1/../../../../arm-none-eabi/lib/thumb/v8-m.main+fp/hard\libc_nano.a(libc_a-memset.o)
 .debug_frame   0x000039ec       0x2c C:/ST/STM32CubeIDE_1.19.0/STM32CubeIDE/plugins/com.st.stm32cube.ide.mcu.externaltools.gnu-tools-for-stm32.13.3.rel1.win32_1.0.0.202411081344/tools/bin/../lib/gcc/arm-none-eabi/13.3.1/../../../../arm-none-eabi/lib/thumb/v8-m.main+fp/hard\libc_nano.a(libc_a-closer.o)
 .debug_frame   0x00003a18       0x38 C:/ST/STM32CubeIDE_1.19.0/STM32CubeIDE/plugins/com.st.stm32cube.ide.mcu.externaltools.gnu-tools-for-stm32.13.3.rel1.win32_1.0.0.202411081344/tools/bin/../lib/gcc/arm-none-eabi/13.3.1/../../../../arm-none-eabi/lib/thumb/v8-m.main+fp/hard\libc_nano.a(libc_a-reent.o)
 .debug_frame   0x00003a50       0x2c C:/ST/STM32CubeIDE_1.19.0/STM32CubeIDE/plugins/com.st.stm32cube.ide.mcu.externaltools.gnu-tools-for-stm32.13.3.rel1.win32_1.0.0.202411081344/tools/bin/../lib/gcc/arm-none-eabi/13.3.1/../../../../arm-none-eabi/lib/thumb/v8-m.main+fp/hard\libc_nano.a(libc_a-lseekr.o)