../Core/Src/main.c:85:5:__io_putchar	16	static
../Core/Src/main.c:96:5:main	8	static
../Core/Src/main.c:169:6:SystemClock_Config	120	static
../Core/Src/main.c:226:13:MX_ADC1_Init	40	static
../Core/Src/main.c:285:6:MX_ETH_Init	8	static
../Core/Src/main.c:334:13:MX_ICACHE_Init	8	static
../Core/Src/main.c:366:13:MX_USART1_UART_Init	8	static
../Core/Src/main.c:414:13:MX_GPIO_Init	24	static
../Core/Src/main.c:432:13:Netif_Config	40	static
../Core/Src/main.c:463:6:Error_Handler	4	static,ignoring_inline_asm
