../Drivers/STM32H5xx_HAL_Driver/Src/stm32h5xx_hal_nor.c:234:19:HAL_NOR_Init	32	static,ignoring_inline_asm
../Drivers/STM32H5xx_HAL_Driver/Src/stm32h5xx_hal_nor.c:346:19:HAL_NOR_DeInit	16	static
../Drivers/STM32H5xx_HAL_Driver/Src/stm32h5xx_hal_nor.c:379:13:HAL_NOR_MspInit	16	static
../Drivers/STM32H5xx_HAL_Driver/Src/stm32h5xx_hal_nor.c:395:13:HAL_NOR_MspDeInit	16	static
../Drivers/STM32H5xx_HAL_Driver/Src/stm32h5xx_hal_nor.c:412:13:HAL_NOR_MspWait	16	static
../Drivers/STM32H5xx_HAL_Driver/Src/stm32h5xx_hal_nor.c:448:19:HAL_NOR_Read_ID	24	static,ignoring_inline_asm
../Drivers/STM32H5xx_HAL_Driver/Src/stm32h5xx_hal_nor.c:552:19:HAL_NOR_ReturnToReadMode	24	static,ignoring_inline_asm
../Drivers/STM32H5xx_HAL_Driver/Src/stm32h5xx_hal_nor.c:630:19:HAL_NOR_Read	32	static,ignoring_inline_asm
../Drivers/STM32H5xx_HAL_Driver/Src/stm32h5xx_hal_nor.c:730:19:HAL_NOR_Program	32	static,ignoring_inline_asm
../Drivers/STM32H5xx_HAL_Driver/Src/stm32h5xx_hal_nor.c:824:19:HAL_NOR_ReadBuffer	48	static,ignoring_inline_asm
../Drivers/STM32H5xx_HAL_Driver/Src/stm32h5xx_hal_nor.c:935:19:HAL_NOR_ProgramBuffer	48	static,ignoring_inline_asm
../Drivers/STM32H5xx_HAL_Driver/Src/stm32h5xx_hal_nor.c:1055:19:HAL_NOR_Erase_Block	32	static,ignoring_inline_asm
../Drivers/STM32H5xx_HAL_Driver/Src/stm32h5xx_hal_nor.c:1151:19:HAL_NOR_Erase_Chip	24	static,ignoring_inline_asm
../Drivers/STM32H5xx_HAL_Driver/Src/stm32h5xx_hal_nor.c:1241:19:HAL_NOR_Read_CFI	24	static,ignoring_inline_asm
../Drivers/STM32H5xx_HAL_Driver/Src/stm32h5xx_hal_nor.c:1428:19:HAL_NOR_WriteOperation_Enable	16	static
../Drivers/STM32H5xx_HAL_Driver/Src/stm32h5xx_hal_nor.c:1462:19:HAL_NOR_WriteOperation_Disable	16	static
../Drivers/STM32H5xx_HAL_Driver/Src/stm32h5xx_hal_nor.c:1515:22:HAL_NOR_GetState	16	static
../Drivers/STM32H5xx_HAL_Driver/Src/stm32h5xx_hal_nor.c:1529:23:HAL_NOR_GetStatus	40	static,ignoring_inline_asm
