Archive member included to satisfy reference by file (symbol)

C:\Users\aiXtrusion\STM32CubeIDE\workspace_1.19.0\new_workspace_2\PM_ANOMALY\Drivers\NANOEDGEAI\libneai.a(NanoEdgeAI.o)
                              ./Core/Src/main.o (neai_anomalydetection_learn)
C:/ST/STM32CubeIDE_1.19.0/STM32CubeIDE/plugins/com.st.stm32cube.ide.mcu.externaltools.gnu-tools-for-stm32.13.3.rel1.win32_1.0.0.202411081344/tools/bin/../lib/gcc/arm-none-eabi/13.3.1/../../../../arm-none-eabi/lib/thumb/v8-m.main+fp/hard\libc_nano.a(libc_a-exit.o)
                              C:/ST/STM32CubeIDE_1.19.0/STM32CubeIDE/plugins/com.st.stm32cube.ide.mcu.externaltools.gnu-tools-for-stm32.13.3.rel1.win32_1.0.0.202411081344/tools/bin/../lib/gcc/arm-none-eabi/13.3.1/../../../../arm-none-eabi/lib/thumb/v8-m.main+fp/hard/crt0.o (exit)
C:/ST/STM32CubeIDE_1.19.0/STM32CubeIDE/plugins/com.st.stm32cube.ide.mcu.externaltools.gnu-tools-for-stm32.13.3.rel1.win32_1.0.0.202411081344/tools/bin/../lib/gcc/arm-none-eabi/13.3.1/../../../../arm-none-eabi/lib/thumb/v8-m.main+fp/hard\libc_nano.a(libc_a-nano-vfprintf_float.o)
                              (_printf_float)
C:/ST/STM32CubeIDE_1.19.0/STM32CubeIDE/plugins/com.st.stm32cube.ide.mcu.externaltools.gnu-tools-for-stm32.13.3.rel1.win32_1.0.0.202411081344/tools/bin/../lib/gcc/arm-none-eabi/13.3.1/../../../../arm-none-eabi/lib/thumb/v8-m.main+fp/hard\libc_nano.a(libc_a-nano-vfprintf_i.o)
                              C:/ST/STM32CubeIDE_1.19.0/STM32CubeIDE/plugins/com.st.stm32cube.ide.mcu.externaltools.gnu-tools-for-stm32.13.3.rel1.win32_1.0.0.202411081344/tools/bin/../lib/gcc/arm-none-eabi/13.3.1/../../../../arm-none-eabi/lib/thumb/v8-m.main+fp/hard\libc_nano.a(libc_a-nano-vfprintf_float.o) (_printf_common)
C:/ST/STM32CubeIDE_1.19.0/STM32CubeIDE/plugins/com.st.stm32cube.ide.mcu.externaltools.gnu-tools-for-stm32.13.3.rel1.win32_1.0.0.202411081344/tools/bin/../lib/gcc/arm-none-eabi/13.3.1/../../../../arm-none-eabi/lib/thumb/v8-m.main+fp/hard\libc_nano.a(libc_a-findfp.o)
                              C:/ST/STM32CubeIDE_1.19.0/STM32CubeIDE/plugins/com.st.stm32cube.ide.mcu.externaltools.gnu-tools-for-stm32.13.3.rel1.win32_1.0.0.202411081344/tools/bin/../lib/gcc/arm-none-eabi/13.3.1/../../../../arm-none-eabi/lib/thumb/v8-m.main+fp/hard\libc_nano.a(libc_a-exit.o) (__stdio_exit_handler)
C:/ST/STM32CubeIDE_1.19.0/STM32CubeIDE/plugins/com.st.stm32cube.ide.mcu.externaltools.gnu-tools-for-stm32.13.3.rel1.win32_1.0.0.202411081344/tools/bin/../lib/gcc/arm-none-eabi/13.3.1/../../../../arm-none-eabi/lib/thumb/v8-m.main+fp/hard\libc_nano.a(libc_a-fwalk.o)
                              C:/ST/STM32CubeIDE_1.19.0/STM32CubeIDE/plugins/com.st.stm32cube.ide.mcu.externaltools.gnu-tools-for-stm32.13.3.rel1.win32_1.0.0.202411081344/tools/bin/../lib/gcc/arm-none-eabi/13.3.1/../../../../arm-none-eabi/lib/thumb/v8-m.main+fp/hard\libc_nano.a(libc_a-findfp.o) (_fwalk_sglue)
C:/ST/STM32CubeIDE_1.19.0/STM32CubeIDE/plugins/com.st.stm32cube.ide.mcu.externaltools.gnu-tools-for-stm32.13.3.rel1.win32_1.0.0.202411081344/tools/bin/../lib/gcc/arm-none-eabi/13.3.1/../../../../arm-none-eabi/lib/thumb/v8-m.main+fp/hard\libc_nano.a(libc_a-printf.o)
                              ./Core/Src/main.o (printf)
C:/ST/STM32CubeIDE_1.19.0/STM32CubeIDE/plugins/com.st.stm32cube.ide.mcu.externaltools.gnu-tools-for-stm32.13.3.rel1.win32_1.0.0.202411081344/tools/bin/../lib/gcc/arm-none-eabi/13.3.1/../../../../arm-none-eabi/lib/thumb/v8-m.main+fp/hard\libc_nano.a(libc_a-puts.o)
                              ./Core/Src/main.o (puts)
C:/ST/STM32CubeIDE_1.19.0/STM32CubeIDE/plugins/com.st.stm32cube.ide.mcu.externaltools.gnu-tools-for-stm32.13.3.rel1.win32_1.0.0.202411081344/tools/bin/../lib/gcc/arm-none-eabi/13.3.1/../../../../arm-none-eabi/lib/thumb/v8-m.main+fp/hard\libc_nano.a(libc_a-snprintf.o)
                              ./Core/Src/main.o (snprintf)
C:/ST/STM32CubeIDE_1.19.0/STM32CubeIDE/plugins/com.st.stm32cube.ide.mcu.externaltools.gnu-tools-for-stm32.13.3.rel1.win32_1.0.0.202411081344/tools/bin/../lib/gcc/arm-none-eabi/13.3.1/../../../../arm-none-eabi/lib/thumb/v8-m.main+fp/hard\libc_nano.a(libc_a-stdio.o)
                              C:/ST/STM32CubeIDE_1.19.0/STM32CubeIDE/plugins/com.st.stm32cube.ide.mcu.externaltools.gnu-tools-for-stm32.13.3.rel1.win32_1.0.0.202411081344/tools/bin/../lib/gcc/arm-none-eabi/13.3.1/../../../../arm-none-eabi/lib/thumb/v8-m.main+fp/hard\libc_nano.a(libc_a-findfp.o) (__sread)
C:/ST/STM32CubeIDE_1.19.0/STM32CubeIDE/plugins/com.st.stm32cube.ide.mcu.externaltools.gnu-tools-for-stm32.13.3.rel1.win32_1.0.0.202411081344/tools/bin/../lib/gcc/arm-none-eabi/13.3.1/../../../../arm-none-eabi/lib/thumb/v8-m.main+fp/hard\libc_nano.a(libc_a-wbuf.o)
[...]
Memory Configuration

Name             Origin             Length             Attributes
RAM              0x20000000         0x000a0000         xrw
FLASH            0x08000000         0x00200000         xr
*default*        0x00000000         0xffffffff

Linker script and memory map

LOAD C:/ST/STM32CubeIDE_1.19.0/STM32CubeIDE/plugins/com.st.stm32cube.ide.mcu.externaltools.gnu-tools-for-stm32.13.3.rel1.win32_1.0.0.202411081344/tools/bin/../lib/gcc/arm-none-eabi/13.3.1/thumb/v8-m.main+fp/hard/crti.o
LOAD C:/ST/STM32CubeIDE_1.19.0/STM32CubeIDE/plugins/com.st.stm32cube.ide.mcu.externaltools.gnu-tools-for-stm32.13.3.rel1.win32_1.0.0.202411081344/tools/bin/../lib/gcc/arm-none-eabi/13.3.1/thumb/v8-m.main+fp/hard/crtbegin.o
LOAD C:/ST/STM32CubeIDE_1.19.0/STM32CubeIDE/plugins/com.st.stm32cube.ide.mcu.externaltools.gnu-tools-for-stm32.13.3.rel1.win32_1.0.0.202411081344/tools/bin/../lib/gcc/arm-none-eabi/13.3.1/../../../../arm-none-eabi/lib/thumb/v8-m.main+fp/hard/crt0.o
LOAD ./Core/Src/main.o
LOAD ./Core/Src/stm32h5xx_hal_msp.o
LOAD ./Core/Src/stm32h5xx_it.o
LOAD ./Core/Src/syscalls.o
LOAD ./Core/Src/sysmem.o
LOAD ./Core/Src/system_stm32h5xx.o
LOAD ./Core/Startup/startup_stm32h573iikxq.o
LOAD ./Drivers/BSP/Components/ft6x06/ft6x06.o
LOAD ./Drivers/BSP/Components/ft6x06/ft6x06_reg.o
LOAD ./Drivers/BSP/Components/mx25lm51245g/mx25lm51245g.o
LOAD ./Drivers/BSP/Components/st7789h2/st7789h2.o
LOAD ./Drivers/BSP/Components/st7789h2/st7789h2_reg.o
LOAD ./Drivers/BSP/STM32H573I-DK/stm32h573i_discovery.o
LOAD ./Drivers/BSP/STM32H573I-DK/stm32h573i_discovery_bus.o
LOAD ./Drivers/BSP/STM32H573I-DK/stm32h573i_discovery_lcd.o
LOAD ./Drivers/BSP/STM32H573I-DK/stm32h573i_discovery_ospi.o
LOAD ./Drivers/BSP/STM32H573I-DK/stm32h573i_discovery_ts.o
LOAD ./Drivers/STM32H5xx_HAL_Driver/Src/stm32h5xx_hal.o
LOAD ./Drivers/STM32H5xx_HAL_Driver/Src/stm32h5xx_hal_adc.o
LOAD ./Drivers/STM32H5xx_HAL_Driver/Src/stm32h5xx_hal_adc_ex.o
LOAD ./Drivers/STM32H5xx_HAL_Driver/Src/stm32h5xx_hal_cortex.o
LOAD ./Drivers/STM32H5xx_HAL_Driver/Src/stm32h5xx_hal_dma.o
LOAD ./Drivers/STM32H5xx_HAL_Driver/Src/stm32h5xx_hal_dma_ex.o
LOAD ./Drivers/STM32H5xx_HAL_Driver/Src/stm32h5xx_hal_exti.o
LOAD ./Drivers/STM32H5xx_HAL_Driver/Src/stm32h5xx_hal_flash.o
LOAD ./Drivers/STM32H5xx_HAL_Driver/Src/stm32h5xx_hal_flash_ex.o
LOAD ./Drivers/STM32H5xx_HAL_Driver/Src/stm32h5xx_hal_gpio.o
LOAD ./Drivers/STM32H5xx_HAL_Driver/Src/stm32h5xx_hal_i2c.o
LOAD ./Drivers/STM32H5xx_HAL_Driver/Src/stm32h5xx_hal_i2c_ex.o
LOAD ./Drivers/STM32H5xx_HAL_Driver/Src/stm32h5xx_hal_icache.o
LOAD ./Drivers/STM32H5xx_HAL_Driver/Src/stm32h5xx_hal_nor.o
LOAD ./Drivers/STM32H5xx_HAL_Driver/Src/stm32h5xx_hal_pwr.o
LOAD ./Drivers/STM32H5xx_HAL_Driver/Src/stm32h5xx_hal_pwr_ex.o
LOAD ./Drivers/STM32H5xx_HAL_Driver/Src/stm32h5xx_hal_rcc.o
LOAD ./Drivers/STM32H5xx_HAL_Driver/Src/stm32h5xx_hal_rcc_ex.o
LOAD ./Drivers/STM32H5xx_HAL_Driver/Src/stm32h5xx_hal_sai.o
LOAD ./Drivers/STM32H5xx_HAL_Driver/Src/stm32h5xx_hal_sai_ex.o
LOAD ./Drivers/STM32H5xx_HAL_Driver/Src/stm32h5xx_hal_sd.o
LOAD ./Drivers/STM32H5xx_HAL_Driver/Src/stm32h5xx_hal_sd_ex.o
LOAD ./Drivers/STM32H5xx_HAL_Driver/Src/stm32h5xx_hal_sram.o
LOAD ./Drivers/STM32H5xx_HAL_Driver/Src/stm32h5xx_hal_uart.o
LOAD ./Drivers/STM32H5xx_HAL_Driver/Src/stm32h5xx_hal_uart_ex.o
LOAD ./Drivers/STM32H5xx_HAL_Driver/Src/stm32h5xx_hal_usart.o
LOAD ./Drivers/STM32H5xx_HAL_Driver/Src/stm32h5xx_hal_usart_ex.o
LOAD ./Drivers/STM32H5xx_HAL_Driver/Src/stm32h5xx_hal_xspi.o
LOAD ./Drivers/STM32H5xx_HAL_Driver/Src/stm32h5xx_ll_dlyb.o
LOAD ./Drivers/STM32H5xx_HAL_Driver/Src/stm32h5xx_ll_fmc.o
LOAD ./Drivers/STM32H5xx_HAL_Driver/Src/stm32h5xx_ll_sdmmc.o
LOAD ./Utilities/lcd/stm32_lcd.o
LOAD C:\Users\aiXtrusion\STM32CubeIDE\workspace_1.19.0\new_workspace_2\PM_ANOMALY\Drivers\NANOEDGEAI\libneai.a
START GROUP
LOAD C:/ST/STM32CubeIDE_1.19.0/STM32CubeIDE/plugins/com.st.stm32cube.ide.mcu.externaltools.gnu-tools-for-stm32.13.3.rel1.win32_1.0.0.202411081344/tools/bin/../lib/gcc/arm-none-eabi/13.3.1/../../../../arm-none-eabi/lib/thumb/v8-m.main+fp/hard\libc_nano.a
LOAD C:/ST/STM32CubeIDE_1.19.0/STM32CubeIDE/plugins/com.st.stm32cube.ide.mcu.externaltools.gnu-tools-for-stm32.13.3.rel1.win32_1.0.0.202411081344/tools/bin/../lib/gcc/arm-none-eabi/13.3.1/../../../../arm-none-eabi/lib/thumb/v8-m.main+fp/hard\libm.a
END GROUP
START GROUP
LOAD C:/ST/STM32CubeIDE_1.19.0/STM32CubeIDE/plugins/com.st.stm32cube.ide.mcu.externaltools.gnu-tools-for-stm32.13.3.rel1.win32_1.0.0.202411081344/tools/bin/../lib/gcc/arm-none-eabi/13.3.1/thumb/v8-m.main+fp/hard\libgcc.a
LOAD C:/ST/STM32CubeIDE_1.19.0/STM32CubeIDE/plugins/com.st.stm32cube.ide.mcu.externaltools.gnu-tools-for-stm32.13.3.rel1.win32_1.0.0.202411081344/tools/bin/../lib/gcc/arm-none-eabi/13.3.1/../../../../arm-none-eabi/lib/thumb/v8-m.main+fp/hard\libc_nano.a
END GROUP
START GROUP
LOAD C:/ST/STM32CubeIDE_1.19.0/STM32CubeIDE/plugins/com.st.stm32cube.ide.mcu.externaltools.gnu-tools-for-stm32.13.3.rel1.win32_1.0.0.202411081344/tools/bin/../lib/gcc/arm-none-eabi/13.3.1/thumb/v8-m.main+fp/hard\libgcc.a
LOAD C:/ST/STM32CubeIDE_1.19.0/STM32CubeIDE/plugins/com.st.stm32cube.ide.mcu.externaltools.gnu-tools-for-stm32.13.3.rel1.win32_1.0.0.202411081344/tools/bin/../lib/gcc/arm-none-eabi/13.3.1/../../../../arm-none-eabi/lib/thumb/v8-m.main+fp/hard\libc_nano.a
LOAD C:/ST/STM32CubeIDE_1.19.0/STM32CubeIDE/plugins/com.st.stm32cube.ide.mcu.externaltools.gnu-tools-for-stm32.13.3.rel1.win32_1.0.0.202411081344/tools/bin/../lib/gcc/arm-none-eabi/13.3.1/../../../../arm-none-eabi/lib/thumb/v8-m.main+fp/hard\libnosys.a
END GROUP
START GROUP
LOAD C:/ST/STM32CubeIDE_1.19.0/STM32CubeIDE/plugins/com.st.stm32cube.ide.mcu.externaltools.gnu-tools-for-stm32.13.3.rel1.win32_1.0.0.202411081344/tools/bin/../lib/gcc/arm-none-eabi/13.3.1/thumb/v8-m.main+fp/hard\libgcc.a
LOAD C:/ST/STM32CubeIDE_1.19.0/STM32CubeIDE/plugins/com.st.stm32cube.ide.mcu.externaltools.gnu-tools-for-stm32.13.3.rel1.win32_1.0.0.202411081344/tools/bin/../lib/gcc/arm-none-eabi/13.3.1/../../../../arm-none-eabi/lib/thumb/v8-m.main+fp/hard\libc_nano.a
LOAD C:/ST/STM32CubeIDE_1.19.0/STM32CubeIDE/plugins/com.st.stm32cube.ide.mcu.externaltools.gnu-tools-for-stm32.13.3.rel1.win32_1.0.0.202411081344/tools/bin/../lib/gcc/arm-none-eabi/13.3.1/../../../../arm-none-eabi/lib/thumb/v8-m.main+fp/hard\libnosys.a
END GROUP
LOAD C:/ST/STM32CubeIDE_1.19.0/STM32CubeIDE/plugins/com.st.stm32cube.ide.mcu.externaltools.gnu-tools-for-stm32.13.3.rel1.win32_1.0.0.202411081344/tools/bin/../lib/gcc/arm-none-eabi/13.3.1/thumb/v8-m.main+fp/hard/crtend.o
LOAD C:/ST/STM32CubeIDE_1.19.0/STM32CubeIDE/plugins/com.st.stm32cube.ide.mcu.externaltools.gnu-tools-for-stm32.13.3.rel1.win32_1.0.0.202411081344/tools/bin/../lib/gcc/arm-none-eabi/13.3.1/thumb/v8-m.main+fp/hard/crtn.o
                0x200a0000                        _estack = (ORIGIN (RAM) + LENGTH (RAM))
                0x00000200                        _Min_Heap_Size = 0x200
                0x00000400                        _Min_Stack_Size = 0x400

.isr_vector     0x08000000      0x24c
                0x08000000                        . = ALIGN (0x4)
 *(.isr_vector)
 .isr_vector    0x08000000      0x24c ./Core/Startup/startup_stm32h573iikxq.o
                0x08000000                g_pfnVectors
                0x0800024c                        . = ALIGN (0x4)

.text           0x08000250    0x15250
                0x08000250                        . = ALIGN (0x4)
 *(.text)
 .text          0x08000250       0x40 C:/ST/STM32CubeIDE_1.19.0/STM32CubeIDE/plugins/com.st.stm32cube.ide.mcu.externaltools.gnu-tools-for-stm32.13.3.rel1.win32_1.0.0.202411081344/tools/bin/../lib/gcc/arm-none-eabi/13.3.1/thumb/v8-m.main+fp/hard/crtbegin.o
 .text          0x08000290       0x10 C:/ST/STM32CubeIDE_1.19.0/STM32CubeIDE/plugins/com.st.stm32cube.ide.mcu.externaltools.gnu-tools-for-stm32.13.3.rel1.win32_1.0.0.202411081344/tools/bin/../lib/gcc/arm-none-eabi/13.3.1/../../../../arm-none-eabi/lib/thumb/v8-m.main+fp/hard\libc_nano.a(libc_a-strlen.o)
                0x08000290                strlen
 .text          0x080002a0      0x378 C:/ST/STM32CubeIDE_1.19.0/STM32CubeIDE/plugins/com.st.stm32cube.ide.mcu.externaltools.gnu-tools-for-stm32.13.3.rel1.win32_1.0.0.202411081344/tools/bin/../lib/gcc/arm-none-eabi/13.3.1/thumb/v8-m.main+fp/hard\libgcc.a(_arm_addsubdf3.o)
                0x080002a0                __aeabi_drsub
                0x080002a8                __aeabi_dsub
                0x080002a8                __subdf3
                0x080002ac                __aeabi_dadd
                0x080002ac                __adddf3
                0x08000524                __floatunsidf
                0x08000524                __aeabi_ui2d
                0x08000544                __floatsidf
                0x08000544                __aeabi_i2d
                0x08000568                __aeabi_f2d
                0x08000568                __extendsfdf2
                0x080005ac                __floatundidf
                0x080005ac                __aeabi_ul2d
                0x080005bc                __floatdidf
                0x080005bc                __aeabi_l2d
 .text          0x08000618      0x424 C:/ST/STM32CubeIDE_1.19.0/STM32CubeIDE/plugins/com.st.stm32cube.ide.mcu.externaltools.gnu-tools-for-stm32.13.3.rel1.win32_1.0.0.202411081344/tools/bin/../lib/gcc/arm-none-eabi/13.3.1/thumb/v8-m.main+fp/hard\libgcc.a(_arm_muldivdf3.o)
                0x08000618                __aeabi_dmul
                0x08000618                __muldf3
                0x0800086c                __divdf3
                0x0800086c                __aeabi_ddiv
 .text          0x08000a3c      0x110 C:/ST/STM32CubeIDE_1.19.0/STM32CubeIDE/plugins/com.st.stm32cube.ide.mcu.externaltools.gnu-tools-for-stm32.13.3.rel1.win32_1.0.0.202411081344/tools/bin/../lib/gcc/arm-none-eabi/13.3.1/thumb/v8-m.main+fp/hard\libgcc.a(_arm_cmpdf2.o)
                0x08000a3c                __gtdf2
                0x08000a3c                __gedf2
                0x08000a44                __ltdf2
                0x08000a44                __ledf2
                0x08000a4c                __nedf2
                0x08000a4c                __eqdf2
                0x08000a4c                __cmpdf2
                0x08000ac8                __aeabi_cdrcmple
                0x08000ad8                __aeabi_cdcmpeq
                0x08000ad8                __aeabi_cdcmple
                0x08000ae8                __aeabi_dcmpeq
                0x08000afc                __aeabi_dcmplt
                0x08000b10                __aeabi_dcmple
                0x08000b24                __aeabi_dcmpge
                0x08000b38                __aeabi_dcmpgt
 .text          0x08000b4c       0x2c C:/ST/STM32CubeIDE_1.19.0/STM32CubeIDE/plugins/com.st.stm32cube.ide.mcu.externaltools.gnu-tools-for-stm32.13.3.rel1.win32_1.0.0.202411081344/tools/bin/../lib/gcc/arm-none-eabi/13.3.1/thumb/v8-m.main+fp/hard\libgcc.a(_arm_unorddf2.o)
                0x08000b4c                __unorddf2
                0x08000b4c                __aeabi_dcmpun
 .text          0x08000b78       0x50 C:/ST/STM32CubeIDE_1.19.0/STM32CubeIDE/plugins/com.st.stm32cube.ide.mcu.externaltools.gnu-tools-for-stm32.13.3.rel1.win32_1.0.0.202411081344/tools/bin/../lib/gcc/arm-none-eabi/13.3.1/thumb/v8-m.main+fp/hard\libgcc.a(_arm_fixdfsi.o)
                0x08000b78                __aeabi_d2iz
                0x08000b78                __fixdfsi
 .text          0x08000bc8       0xa0 C:/ST/STM32CubeIDE_1.19.0/STM32CubeIDE/plugins/com.st.stm32cube.ide.mcu.externaltools.gnu-tools-for-stm32.13.3.rel1.win32_1.0.0.202411081344/tools/bin/../lib/gcc/arm-none-eabi/13.3.1/thumb/v8-m.main+fp/hard\libgcc.a(_arm_truncdfsf2.o)
                0x08000bc8                __truncdfsf2
                0x08000bc8                __aeabi_d2f
 .text          0x08000c68       0x30 C:/ST/STM32CubeIDE_1.19.0/STM32CubeIDE/plugins/com.st.stm32cube.ide.mcu.externaltools.gnu-tools-for-stm32.13.3.rel1.win32_1.0.0.202411081344/tools/bin/../lib/gcc/arm-none-eabi/13.3.1/thumb/v8-m.main+fp/hard\libgcc.a(_aeabi_uldivmod.o)
                0x08000c68                __aeabi_uldivmod
 .text          0x08000c98      0x348 C:/ST/STM32CubeIDE_1.19.0/STM32CubeIDE/plugins/com.st.stm32cube.ide.mcu.externaltools.gnu-tools-for-stm32.13.3.rel1.win32_1.0.0.202411081344/tools/bin/../lib/gcc/arm-none-eabi/13.3.1/thumb/v8-m.main+fp/hard\libgcc.a(_udivmoddi4.o)
                0x08000c98                __udivmoddi4
 .text          0x08000fe0        0x4 C:/ST/STM32CubeIDE_1.19.0/STM32CubeIDE/plugins/com.st.stm32cube.ide.mcu.externaltools.gnu-tools-for-stm32.13.3.rel1.win32_1.0.0.202411081344/tools/bin/../lib/gcc/arm-none-eabi/13.3.1/thumb/v8-m.main+fp/hard\libgcc.a(_dvmd_tls.o)
                0x08000fe0                __aeabi_idiv0
                0x08000fe0                __aeabi_ldiv0
 *(.text*)
 .text.main     0x08000fe4      0x38c ./Core/Src/main.o
                0x08000fe4                main
 .text.SystemClock_Config
                0x08001370       0xe0 ./Core/Src/main.o
                0x08001370                SystemClock_Config
 .text.MX_ADC1_Init
                0x08001450       0xc8 ./Core/Src/main.o
 .text.MX_ICACHE_Init
                0x08001518       0x16 ./Core/Src/main.o
 *fill*         0x0800152e        0x2 
 .text.MX_GPIO_Init
                0x08001530      0x5a0 ./Core/Src/main.o
 .text.Error_Handler
                0x08001ad0        0xc ./Core/Src/main.o
                0x08001ad0                Error_Handler
 .text.HAL_MspInit
                0x08001adc        0xe ./Core/Src/stm32h5xx_hal_msp.o
                0x08001adc                HAL_MspInit
 *fill*         0x08001aea        0x2 
 .text.HAL_ADC_MspInit
                0x08001aec      0x1b4 ./Core/Src/stm32h5xx_hal_msp.o
                0x08001aec                HAL_ADC_MspInit
 .text.NMI_Handler
                0x08001ca0        0x8 ./Core/Src/stm32h5xx_it.o
                0x08001ca0                NMI_Handler
 .text.HardFault_Handler
                0x08001ca8        0x8 ./Core/Src/stm32h5xx_it.o
                0x08001ca8                HardFault_Handler
 .text.MemManage_Handler
                0x08001cb0        0x8 ./Core/Src/stm32h5xx_it.o
                0x08001cb0                MemManage_Handler
 .text.BusFault_Handler
                0x08001cb8        0x8 ./Core/Src/stm32h5xx_it.o
                0x08001cb8                BusFault_Handler
 .text.UsageFault_Handler
                0x08001cc0        0x8 ./Core/Src/stm32h5xx_it.o
                0x08001cc0                UsageFault_Handler
 .text.SVC_Handler
                0x08001cc8        0xe ./Core/Src/stm32h5xx_it.o
                0x08001cc8                SVC_Handler
 .text.DebugMon_Handler
                0x08001cd6        0xe ./Core/Src/stm32h5xx_it.o
                0x08001cd6                DebugMon_Handler
 .text.PendSV_Handler
                0x08001ce4        0xe ./Core/Src/stm32h5xx_it.o
                0x08001ce4                PendSV_Handler
 .text.SysTick_Handler
                0x08001cf2        0xc ./Core/Src/stm32h5xx_it.o
                0x08001cf2                SysTick_Handler
 .text.EXTI7_IRQHandler
                0x08001cfe        0xe ./Core/Src/stm32h5xx_it.o
                0x08001cfe                EXTI7_IRQHandler
 .text.EXTI13_IRQHandler
                0x08001d0c        0xe ./Core/Src/stm32h5xx_it.o
                0x08001d0c                EXTI13_IRQHandler
 .text._getpid  0x08001d1a       0x10 ./Core/Src/syscalls.o
                0x08001d1a                _getpid
 .text._kill    0x08001d2a       0x20 ./Core/Src/syscalls.o
                0x08001d2a                _kill
 .text._exit    0x08001d4a       0x16 ./Core/Src/syscalls.o
                0x08001d4a                _exit
 .text._read    0x08001d60       0x3a ./Core/Src/syscalls.o
                0x08001d60                _read
 .text._write   0x08001d9a       0x38 ./Core/Src/syscalls.o
                0x08001d9a                _write
 .text._close   0x08001dd2       0x18 ./Core/Src/syscalls.o
                0x08001dd2                _close
 .text._fstat   0x08001dea       0x20 ./Core/Src/syscalls.o
                0x08001dea                _fstat
 .text._isatty  0x08001e0a       0x16 ./Core/Src/syscalls.o
                0x08001e0a                _isatty
 .text._lseek   0x08001e20       0x1a ./Core/Src/syscalls.o
                0x08001e20                _lseek
 *fill*         0x08001e3a        0x2 
 .text._sbrk    0x08001e3c       0x6c ./Core/Src/sysmem.o
                0x08001e3c                _sbrk
 .text.SystemInit
                0x08001ea8       0xf8 ./Core/Src/system_stm32h5xx.o
                0x08001ea8                SystemInit
 .text.Reset_Handler
                0x08001fa0       0x50 ./Core/Startup/startup_stm32h573iikxq.o
                0x08001fa0                Reset_Handler
 .text.Default_Handler
                0x08001ff0        0x2 ./Core/Startup/startup_stm32h573iikxq.o
                0x08001ff0                EXTI2_IRQHandler
                0x08001ff0                TIM8_TRG_COM_IRQHandler
                0x08001ff0                TIM8_CC_IRQHandler
                0x08001ff0                EXTI5_IRQHandler
                0x08001ff0                I3C1_ER_IRQHandler
                0x08001ff0                UART8_IRQHandler
                0x08001ff0                SPI4_IRQHandler
                0x08001ff0                GPDMA2_Channel1_IRQHandler
                0x08001ff0                FLASH_S_IRQHandler
                0x08001ff0                TIM1_CC_IRQHandler
                0x08001ff0                GPDMA2_Channel3_IRQHandler
                0x08001ff0                TAMP_IRQHandler
                0x08001ff0                TIM6_IRQHandler
                0x08001ff0                EXTI12_IRQHandler
                0x08001ff0                CORDIC_IRQHandler
                0x08001ff0                USB_DRD_FS_IRQHandler
                0x08001ff0                EXTI3_IRQHandler
                0x08001ff0                LPTIM4_IRQHandler
                0x08001ff0                GPDMA1_Channel5_IRQHandler
                0x08001ff0                EXTI8_IRQHandler
                0x08001ff0                GPDMA2_Channel5_IRQHandler
                0x08001ff0                LPTIM2_IRQHandler
                0x08001ff0                I2C3_ER_IRQHandler
                0x08001ff0                GPDMA2_Channel2_IRQHandler
                0x08001ff0                USART10_IRQHandler
                0x08001ff0                LPTIM3_IRQHandler
                0x08001ff0                EXTI0_IRQHandler
                0x08001ff0                I2C2_EV_IRQHandler
                0x08001ff0                FPU_IRQHandler
                0x08001ff0                GPDMA1_Channel3_IRQHandler
                0x08001ff0                GPDMA1_Channel7_IRQHandler
                0x08001ff0                FDCAN1_IT1_IRQHandler
                0x08001ff0                RAMCFG_IRQHandler
                0x08001ff0                DCACHE1_IRQHandler
                0x08001ff0                SPI1_IRQHandler
                0x08001ff0                OCTOSPI1_IRQHandler
                0x08001ff0                GPDMA1_Channel2_IRQHandler
                0x08001ff0                TIM8_UP_IRQHandler
                0x08001ff0                RCC_S_IRQHandler
                0x08001ff0                SAI2_IRQHandler
                0x08001ff0                ADC1_IRQHandler
                0x08001ff0                PKA_IRQHandler
                0x08001ff0                USART6_IRQHandler
                0x08001ff0                EXTI15_IRQHandler
                0x08001ff0                TIM17_IRQHandler
                0x08001ff0                USART3_IRQHandler
                0x08001ff0                RTC_IRQHandler
                0x08001ff0                EXTI9_IRQHandler
                0x08001ff0                LPTIM5_IRQHandler
                0x08001ff0                UART5_IRQHandler
                0x08001ff0                TIM4_IRQHandler
                0x08001ff0                I2C1_EV_IRQHandler
                0x08001ff0                GPDMA1_Channel1_IRQHandler
                0x08001ff0                TIM16_IRQHandler
                0x08001ff0                UART4_IRQHandler
                0x08001ff0                SecureFault_Handler
                0x08001ff0                TIM3_IRQHandler
                0x08001ff0                RCC_IRQHandler
                0x08001ff0                UART9_IRQHandler
                0x08001ff0                TIM1_TRG_COM_IRQHandler
                0x08001ff0                Default_Handler
                0x08001ff0                FMAC_IRQHandler
                0x08001ff0                CEC_IRQHandler
                0x08001ff0                USART11_IRQHandler
                0x08001ff0                TIM14_IRQHandler
                0x08001ff0                TIM13_IRQHandler
                0x08001ff0                OTFDEC1_IRQHandler
                0x08001ff0                GPDMA2_Channel4_IRQHandler
                0x08001ff0                SPI5_IRQHandler
                0x08001ff0                TIM12_IRQHandler
                0x08001ff0                TIM7_IRQHandler
                0x08001ff0                SDMMC1_IRQHandler
                0x08001ff0                SAES_IRQHandler
                0x08001ff0                TIM5_IRQHandler
                0x08001ff0                UCPD1_IRQHandler
                0x08001ff0                GPDMA1_Channel0_IRQHandler
                0x08001ff0                I3C1_EV_IRQHandler
                0x08001ff0                TIM15_IRQHandler
                0x08001ff0                PVD_AVD_IRQHandler
                0x08001ff0                I2C3_EV_IRQHandler
                0x08001ff0                ETH_WKUP_IRQHandler
                0x08001ff0                ADC2_IRQHandler
                0x08001ff0                SPI2_IRQHandler
                0x08001ff0                EXTI14_IRQHandler
                0x08001ff0                EXTI11_IRQHandler
                0x08001ff0                CRS_IRQHandler
                0x08001ff0                EXTI4_IRQHandler
                0x08001ff0                GPDMA2_Channel0_IRQHandler
                0x08001ff0                RTC_S_IRQHandler
                0x08001ff0                RNG_IRQHandler
                0x08001ff0                FDCAN2_IT1_IRQHandler
                0x08001ff0                ETH_IRQHandler
                0x08001ff0                GPDMA2_Channel6_IRQHandler
                0x08001ff0                TIM1_UP_IRQHandler
                0x08001ff0                UART12_IRQHandler
                0x08001ff0                WWDG_IRQHandler
                0x08001ff0                SPI6_IRQHandler
                0x08001ff0                I2C4_EV_IRQHandler
                0x08001ff0                FDCAN2_IT0_IRQHandler
                0x08001ff0                IWDG_IRQHandler
                0x08001ff0                LPUART1_IRQHandler
                0x08001ff0                FDCAN1_IT0_IRQHandler
                0x08001ff0                TIM2_IRQHandler
                0x08001ff0                GPDMA1_Channel4_IRQHandler
                0x08001ff0                TIM1_BRK_IRQHandler
                0x08001ff0                EXTI1_IRQHandler
                0x08001ff0                SDMMC2_IRQHandler
                0x08001ff0                AES_IRQHandler
                0x08001ff0                LPTIM6_IRQHandler
                0x08001ff0                DAC1_IRQHandler
                0x08001ff0                DTS_IRQHandler
                0x08001ff0                UART7_IRQHandler
                0x08001ff0                GTZC_IRQHandler
                0x08001ff0                USART2_IRQHandler
                0x08001ff0                GPDMA1_Channel6_IRQHandler
                0x08001ff0                GPDMA2_Channel7_IRQHandler
                0x08001ff0                I2C2_ER_IRQHandler
                0x08001ff0                TIM8_BRK_IRQHandler
                0x08001ff0                FLASH_IRQHandler
                0x08001ff0                USART1_IRQHandler
                0x08001ff0                EXTI10_IRQHandler
                0x08001ff0                SPI3_IRQHandler
                0x08001ff0                I2C1_ER_IRQHandler
                0x08001ff0                FMC_IRQHandler
                0x08001ff0                EXTI6_IRQHandler
                0x08001ff0                LPTIM1_IRQHandler
                0x08001ff0                DCMI_PSSI_IRQHandler
                0x08001ff0                I2C4_ER_IRQHandler
                0x08001ff0                ICACHE_IRQHandler
                0x08001ff0                SAI1_IRQHandler
                0x08001ff0                HASH_IRQHandler
 *fill*         0x08001ff2        0x2 
 .text.FT6X06_RegisterBusIO
                0x08001ff4       0x84 ./Drivers/BSP/Components/ft6x06/ft6x06.o
                0x08001ff4                FT6X06_RegisterBusIO
 .text.FT6X06_GetCapabilities
                0x08002078       0x36 ./Drivers/BSP/Components/ft6x06/ft6x06.o
                0x08002078                FT6X06_GetCapabilities
 .text.FT6X06_Init
                0x080020ae       0x48 ./Drivers/BSP/Components/ft6x06/ft6x06.o
                0x080020ae                FT6X06_Init
 .text.FT6X06_DeInit
                0x080020f6       0x28 ./Drivers/BSP/Components/ft6x06/ft6x06.o
                0x080020f6                FT6X06_DeInit
 .text.FT6X06_GestureConfig
                0x0800211e       0xc2 ./Drivers/BSP/Components/ft6x06/ft6x06.o
                0x0800211e                FT6X06_GestureConfig
 .text.FT6X06_ReadID
                0x080021e0       0x2e ./Drivers/BSP/Components/ft6x06/ft6x06.o
                0x080021e0                FT6X06_ReadID
 .text.FT6X06_GetState
                0x0800220e       0x66 ./Drivers/BSP/Components/ft6x06/ft6x06.o
                0x0800220e                FT6X06_GetState
 .text.FT6X06_GetMultiTouchState
                0x08002274       0xc6 ./Drivers/BSP/Components/ft6x06/ft6x06.o
                0x08002274                FT6X06_GetMultiTouchState
 .text.FT6X06_GetGesture
                0x0800233a       0x20 ./Drivers/BSP/Components/ft6x06/ft6x06.o
                0x0800233a                FT6X06_GetGesture
 .text.FT6X06_EnableIT
                0x0800235a       0x1e ./Drivers/BSP/Components/ft6x06/ft6x06.o
                0x0800235a                FT6X06_EnableIT
 .text.FT6X06_DisableIT
                0x08002378       0x1e ./Drivers/BSP/Components/ft6x06/ft6x06.o
                0x08002378                FT6X06_DisableIT
 .text.FT6X06_ITStatus
                0x08002396       0x16 ./Drivers/BSP/Components/ft6x06/ft6x06.o
                0x08002396                FT6X06_ITStatus
 .text.FT6X06_ClearIT
                0x080023ac       0x16 ./Drivers/BSP/Components/ft6x06/ft6x06.o
                0x080023ac                FT6X06_ClearIT
 .text.FT6X06_DetectTouch
                0x080023c2       0x40 ./Drivers/BSP/Components/ft6x06/ft6x06.o
 .text.ReadRegWrap
                0x08002402       0x34 ./Drivers/BSP/Components/ft6x06/ft6x06.o
 .text.WriteRegWrap
                0x08002436       0x34 ./Drivers/BSP/Components/ft6x06/ft6x06.o
 .text.ft6x06_read_reg
                0x0800246a       0x2e ./Drivers/BSP/Components/ft6x06/ft6x06_reg.o
                0x0800246a                ft6x06_read_reg
 .text.ft6x06_write_reg
                0x08002498       0x2e ./Drivers/BSP/Components/ft6x06/ft6x06_reg.o
                0x08002498                ft6x06_write_reg
 .text.ft6x06_gest_id
                0x080024c6       0x20 ./Drivers/BSP/Components/ft6x06/ft6x06_reg.o
                0x080024c6                ft6x06_gest_id
 .text.ft6x06_td_status
                0x080024e6       0x3e ./Drivers/BSP/Components/ft6x06/ft6x06_reg.o
                0x080024e6                ft6x06_td_status
 .text.ft6x06_radian_value
                0x08002524       0x22 ./Drivers/BSP/Components/ft6x06/ft6x06_reg.o
                0x08002524                ft6x06_radian_value
 .text.ft6x06_offset_left_right
                0x08002546       0x22 ./Drivers/BSP/Components/ft6x06/ft6x06_reg.o
                0x08002546                ft6x06_offset_left_right
 .text.ft6x06_offset_up_down
                0x08002568       0x22 ./Drivers/BSP/Components/ft6x06/ft6x06_reg.o
                0x08002568                ft6x06_offset_up_down
 .text.ft6x06_disatnce_left_right
                0x0800258a       0x22 ./Drivers/BSP/Components/ft6x06/ft6x06_reg.o
                0x0800258a                ft6x06_disatnce_left_right
 .text.ft6x06_distance_up_down
                0x080025ac       0x22 ./Drivers/BSP/Components/ft6x06/ft6x06_reg.o
                0x080025ac                ft6x06_distance_up_down
 .text.ft6x06_distance_zoom
                0x080025ce       0x22 ./Drivers/BSP/Components/ft6x06/ft6x06_reg.o
                0x080025ce                ft6x06_distance_zoom
 .text.ft6x06_g_mode
                0x080025f0       0x22 ./Drivers/BSP/Components/ft6x06/ft6x06_reg.o
                0x080025f0                ft6x06_g_mode
 .text.ft6x06_chip_id
                0x08002612       0x38 ./Drivers/BSP/Components/ft6x06/ft6x06_reg.o
                0x08002612                ft6x06_chip_id
 .text.MX25LM51245G_GetFlashInfo
                0x0800264a       0x5e ./Drivers/BSP/Components/mx25lm51245g/mx25lm51245g.o
                0x0800264a                MX25LM51245G_GetFlashInfo
 .text.MX25LM51245G_AutoPollingMemReady
                0x080026a8      0x164 ./Drivers/BSP/Components/mx25lm51245g/mx25lm51245g.o
                0x080026a8                MX25LM51245G_AutoPollingMemReady
 .text.MX25LM51245G_WriteEnable
                0x0800280c      0x1a0 ./Drivers/BSP/Components/mx25lm51245g/mx25lm51245g.o
                0x0800280c                MX25LM51245G_WriteEnable
 .text.MX25LM51245G_WriteCfg2Register
                0x080029ac      0x12a ./Drivers/BSP/Components/mx25lm51245g/mx25lm51245g.o
                0x080029ac                MX25LM51245G_WriteCfg2Register
 .text.MX25LM51245G_ReadCfg2Register
                0x08002ad6      0x13e ./Drivers/BSP/Components/mx25lm51245g/mx25lm51245g.o
                0x08002ad6                MX25LM51245G_ReadCfg2Register
 .text.MX25LM51245G_ResetEnable
                0x08002c14       0xb0 ./Drivers/BSP/Components/mx25lm51245g/mx25lm51245g.o
                0x08002c14                MX25LM51245G_ResetEnable
 .text.MX25LM51245G_ResetMemory
                0x08002cc4       0xb0 ./Drivers/BSP/Components/mx25lm51245g/mx25lm51245g.o
                0x08002cc4                MX25LM51245G_ResetMemory
 .text.ST7789H2_RegisterBusIO
                0x08002d74       0x98 ./Drivers/BSP/Components/st7789h2/st7789h2.o
                0x08002d74                ST7789H2_RegisterBusIO
 .text.ST7789H2_Init
                0x08002e0c      0x49c ./Drivers/BSP/Components/st7789h2/st7789h2.o
                0x08002e0c                ST7789H2_Init
 .text.ST7789H2_DeInit
                0x080032a8       0x6a ./Drivers/BSP/Components/st7789h2/st7789h2.o
                0x080032a8                ST7789H2_DeInit
 .text.ST7789H2_ReadID
                0x08003312       0x46 ./Drivers/BSP/Components/st7789h2/st7789h2.o
                0x08003312                ST7789H2_ReadID
 .text.ST7789H2_DisplayOn
                0x08003358       0x5e ./Drivers/BSP/Components/st7789h2/st7789h2.o
                0x08003358                ST7789H2_DisplayOn
 .text.ST7789H2_DisplayOff
                0x080033b6       0x68 ./Drivers/BSP/Components/st7789h2/st7789h2.o
                0x080033b6                ST7789H2_DisplayOff
 .text.ST7789H2_SetBrightness
                0x0800341e       0x1a ./Drivers/BSP/Components/st7789h2/st7789h2.o
                0x0800341e                ST7789H2_SetBrightness
 .text.ST7789H2_GetBrightness
                0x08003438       0x1a ./Drivers/BSP/Components/st7789h2/st7789h2.o
                0x08003438                ST7789H2_GetBrightness
 .text.ST7789H2_SetOrientation
                0x08003452       0x64 ./Drivers/BSP/Components/st7789h2/st7789h2.o
                0x08003452                ST7789H2_SetOrientation
 .text.ST7789H2_GetOrientation
                0x080034b6       0x24 ./Drivers/BSP/Components/st7789h2/st7789h2.o
                0x080034b6                ST7789H2_GetOrientation
 .text.ST7789H2_SetCursor
                0x080034da      0x112 ./Drivers/BSP/Components/st7789h2/st7789h2.o
                0x080034da                ST7789H2_SetCursor
 .text.ST7789H2_DrawBitmap
                0x080035ec      0x3d4 ./Drivers/BSP/Components/st7789h2/st7789h2.o
                0x080035ec                ST7789H2_DrawBitmap
 .text.ST7789H2_FillRGBRect
                0x080039c0      0x13c ./Drivers/BSP/Components/st7789h2/st7789h2.o
                0x080039c0                ST7789H2_FillRGBRect
 .text.ST7789H2_DrawHLine
                0x08003afc       0xce ./Drivers/BSP/Components/st7789h2/st7789h2.o
                0x08003afc                ST7789H2_DrawHLine
 .text.ST7789H2_DrawVLine
                0x08003bca       0x54 ./Drivers/BSP/Components/st7789h2/st7789h2.o
                0x08003bca                ST7789H2_DrawVLine
 .text.ST7789H2_FillRect
                0x08003c1e       0x52 ./Drivers/BSP/Components/st7789h2/st7789h2.o
                0x08003c1e                ST7789H2_FillRect
 .text.ST7789H2_SetPixel
                0x08003c70       0x52 ./Drivers/BSP/Components/st7789h2/st7789h2.o
                0x08003c70                ST7789H2_SetPixel
 .text.ST7789H2_GetPixel
                0x08003cc2       0x80 ./Drivers/BSP/Components/st7789h2/st7789h2.o
                0x08003cc2                ST7789H2_GetPixel
 .text.ST7789H2_GetXSize
                0x08003d42       0x1e ./Drivers/BSP/Components/st7789h2/st7789h2.o
                0x08003d42                ST7789H2_GetXSize
 .text.ST7789H2_GetYSize
                0x08003d60       0x1e ./Drivers/BSP/Components/st7789h2/st7789h2.o
                0x08003d60                ST7789H2_GetYSize
 .text.ST7789H2_ReadRegWrap
                0x08003d7e       0x2e ./Drivers/BSP/Components/st7789h2/st7789h2.o
 .text.ST7789H2_WriteRegWrap
                0x08003dac       0x2e ./Drivers/BSP/Components/st7789h2/st7789h2.o
 .text.ST7789H2_SendDataWrap
                0x08003dda       0x24 ./Drivers/BSP/Components/st7789h2/st7789h2.o
 .text.ST7789H2_Delay
                0x08003dfe       0x34 ./Drivers/BSP/Components/st7789h2/st7789h2.o
 .text.st7789h2_read_reg
                0x08003e32       0x2a ./Drivers/BSP/Components/st7789h2/st7789h2_reg.o
                0x08003e32                st7789h2_read_reg
 .text.st7789h2_write_reg
                0x08003e5c       0x2a ./Drivers/BSP/Components/st7789h2/st7789h2_reg.o
                0x08003e5c                st7789h2_write_reg
 .text.st7789h2_send_data
                0x08003e86       0x24 ./Drivers/BSP/Components/st7789h2/st7789h2_reg.o
                0x08003e86                st7789h2_send_data
 *fill*         0x08003eaa        0x2 
 .text.BSP_LED_Init
                0x08003eac      0x11c ./Drivers/BSP/STM32H573I-DK/stm32h573i_discovery.o
                0x08003eac                BSP_LED_Init
 .text.BSP_PB_Init
                0x08003fc8      0x104 ./Drivers/BSP/STM32H573I-DK/stm32h573i_discovery.o
                0x08003fc8                BSP_PB_Init
 .text.BSP_PB_IRQHandler
                0x080040cc       0x2c ./Drivers/BSP/STM32H573I-DK/stm32h573i_discovery.o
                0x080040cc                BSP_PB_IRQHandler
 .text.BSP_PB_Callback
                0x080040f8       0x16 ./Drivers/BSP/STM32H573I-DK/stm32h573i_discovery.o
                0x080040f8                BSP_PB_Callback
 *fill*         0x0800410e        0x2 
 .text.BSP_COM_Init
                0x08004110       0x78 ./Drivers/BSP/STM32H573I-DK/stm32h573i_discovery.o
                0x08004110                BSP_COM_Init
 .text.MX_USART1_Init
                0x08004188       0x56 ./Drivers/BSP/STM32H573I-DK/stm32h573i_discovery.o
                0x08004188                MX_USART1_Init
 *fill*         0x080041de        0x2 
 .text.__io_putchar
                0x080041e0       0x38 ./Drivers/BSP/STM32H573I-DK/stm32h573i_discovery.o
                0x080041e0                __io_putchar
 .text.BUTTON_USER_EXTI_Callback
                0x08004218        0xe ./Drivers/BSP/STM32H573I-DK/stm32h573i_discovery.o
 *fill*         0x08004226        0x2 
 .text.USART1_MspInit
                0x08004228       0xb0 ./Drivers/BSP/STM32H573I-DK/stm32h573i_discovery.o
 .text.BSP_I2C4_Init
                0x080042d8       0x74 ./Drivers/BSP/STM32H573I-DK/stm32h573i_discovery_bus.o
                0x080042d8                BSP_I2C4_Init
 .text.BSP_I2C4_DeInit
                0x0800434c       0x48 ./Drivers/BSP/STM32H573I-DK/stm32h573i_discovery_bus.o
                0x0800434c                BSP_I2C4_DeInit
 .text.MX_I2C4_Init
                0x08004394       0x84 ./Drivers/BSP/STM32H573I-DK/stm32h573i_discovery_bus.o
                0x08004394                MX_I2C4_Init
 .text.BSP_I2C4_WriteReg
                0x08004418       0x5c ./Drivers/BSP/STM32H573I-DK/stm32h573i_discovery_bus.o
                0x08004418                BSP_I2C4_WriteReg
 .text.BSP_I2C4_ReadReg
                0x08004474       0x5c ./Drivers/BSP/STM32H573I-DK/stm32h573i_discovery_bus.o
                0x08004474                BSP_I2C4_ReadReg
 .text.BSP_GetTick
                0x080044d0        0xe ./Drivers/BSP/STM32H573I-DK/stm32h573i_discovery_bus.o
                0x080044d0                BSP_GetTick
 *fill*         0x080044de        0x2 
 .text.I2C_GetTiming
                0x080044e0      0x100 ./Drivers/BSP/STM32H573I-DK/stm32h573i_discovery_bus.o
 .text.I2C_Compute_PRESC_SCLDEL_SDADEL
                0x080045e0      0x1dc ./Drivers/BSP/STM32H573I-DK/stm32h573i_discovery_bus.o
 .text.I2C_Compute_SCLL_SCLH
                0x080047bc      0x210 ./Drivers/BSP/STM32H573I-DK/stm32h573i_discovery_bus.o
 .text.I2C4_MspInit
                0x080049cc       0xd8 ./Drivers/BSP/STM32H573I-DK/stm32h573i_discovery_bus.o
 .text.I2C4_MspDeInit
                0x08004aa4       0x48 ./Drivers/BSP/STM32H573I-DK/stm32h573i_discovery_bus.o
 .text.I2C4_WriteReg
                0x08004aec       0x4c ./Drivers/BSP/STM32H573I-DK/stm32h573i_discovery_bus.o
 .text.I2C4_ReadReg
                0x08004b38       0x4c ./Drivers/BSP/STM32H573I-DK/stm32h573i_discovery_bus.o
 .text.BSP_LCD_Init
                0x08004b84       0x74 ./Drivers/BSP/STM32H573I-DK/stm32h573i_discovery_lcd.o
                0x08004b84                BSP_LCD_Init
 .text.MX_FMC_BANK1_Init
                0x08004bf8       0xbc ./Drivers/BSP/STM32H573I-DK/stm32h573i_discovery_lcd.o
                0x08004bf8                MX_FMC_BANK1_Init
 .text.BSP_LCD_GetPixelFormat
                0x08004cb4       0x30 ./Drivers/BSP/STM32H573I-DK/stm32h573i_discovery_lcd.o
                0x08004cb4                BSP_LCD_GetPixelFormat
 .text.BSP_LCD_GetXSize
                0x08004ce4       0x54 ./Drivers/BSP/STM32H573I-DK/stm32h573i_discovery_lcd.o
                0x08004ce4                BSP_LCD_GetXSize
 .text.BSP_LCD_GetYSize
                0x08004d38       0x54 ./Drivers/BSP/STM32H573I-DK/stm32h573i_discovery_lcd.o
                0x08004d38                BSP_LCD_GetYSize
 .text.BSP_LCD_ReadPixel
                0x08004d8c       0x70 ./Drivers/BSP/STM32H573I-DK/stm32h573i_discovery_lcd.o
                0x08004d8c                BSP_LCD_ReadPixel
 .text.BSP_LCD_WritePixel
                0x08004dfc       0x70 ./Drivers/BSP/STM32H573I-DK/stm32h573i_discovery_lcd.o
                0x08004dfc                BSP_LCD_WritePixel
 .text.BSP_LCD_DrawHLine
                0x08004e6c       0x74 ./Drivers/BSP/STM32H573I-DK/stm32h573i_discovery_lcd.o
                0x08004e6c                BSP_LCD_DrawHLine
 .text.BSP_LCD_DrawVLine
                0x08004ee0       0x74 ./Drivers/BSP/STM32H573I-DK/stm32h573i_discovery_lcd.o
                0x08004ee0                BSP_LCD_DrawVLine
 .text.BSP_LCD_DrawBitmap
                0x08004f54       0x70 ./Drivers/BSP/STM32H573I-DK/stm32h573i_discovery_lcd.o
                0x08004f54                BSP_LCD_DrawBitmap
 .text.BSP_LCD_FillRGBRect
                0x08004fc4       0x78 ./Drivers/BSP/STM32H573I-DK/stm32h573i_discovery_lcd.o
                0x08004fc4                BSP_LCD_FillRGBRect
 .text.BSP_LCD_FillRect
                0x0800503c       0x78 ./Drivers/BSP/STM32H573I-DK/stm32h573i_discovery_lcd.o
                0x0800503c                BSP_LCD_FillRect
 .text.BSP_LCD_DisplayOn
                0x080050b4       0x64 ./Drivers/BSP/STM32H573I-DK/stm32h573i_discovery_lcd.o
                0x080050b4                BSP_LCD_DisplayOn
 .text.ST7789H2_PowerUp
                0x08005118       0xf4 ./Drivers/BSP/STM32H573I-DK/stm32h573i_discovery_lcd.o
 .text.ST7789H2_Probe
                0x0800520c       0xc8 ./Drivers/BSP/STM32H573I-DK/stm32h573i_discovery_lcd.o
 .text.LCD_FMC_Init
                0x080052d4       0x58 ./Drivers/BSP/STM32H573I-DK/stm32h573i_discovery_lcd.o
 .text.LCD_FMC_DeInit
                0x0800532c       0x24 ./Drivers/BSP/STM32H573I-DK/stm32h573i_discovery_lcd.o
 .text.LCD_FMC_WriteReg16
                0x08005350       0x80 ./Drivers/BSP/STM32H573I-DK/stm32h573i_discovery_lcd.o
 .text.LCD_FMC_ReadReg16
                0x080053d0       0x84 ./Drivers/BSP/STM32H573I-DK/stm32h573i_discovery_lcd.o
 .text.LCD_FMC_Send
                0x08005454       0x66 ./Drivers/BSP/STM32H573I-DK/stm32h573i_discovery_lcd.o
 .text.LCD_FMC_GetTick
                0x080054ba        0xe ./Drivers/BSP/STM32H573I-DK/stm32h573i_discovery_lcd.o
 .text.FMC_BANK1_MspInit
                0x080054c8      0x128 ./Drivers/BSP/STM32H573I-DK/stm32h573i_discovery_lcd.o
 .text.FMC_BANK1_MspDeInit
                0x080055f0       0x70 ./Drivers/BSP/STM32H573I-DK/stm32h573i_discovery_lcd.o
 .text.BSP_OSPI_NOR_Init
                0x08005660      0x134 ./Drivers/BSP/STM32H573I-DK/stm32h573i_discovery_ospi.o
                0x08005660                BSP_OSPI_NOR_Init
 .text.MX_OSPI_NOR_Init
                0x08005794       0x8c ./Drivers/BSP/STM32H573I-DK/stm32h573i_discovery_ospi.o
                0x08005794                MX_OSPI_NOR_Init
 .text.BSP_OSPI_NOR_ConfigFlash
                0x08005820      0x118 ./Drivers/BSP/STM32H573I-DK/stm32h573i_discovery_ospi.o
                0x08005820                BSP_OSPI_NOR_ConfigFlash
 .text.OSPI_NOR_MspInit
                0x08005938      0x304 ./Drivers/BSP/STM32H573I-DK/stm32h573i_discovery_ospi.o
 .text.OSPI_NOR_ResetMemory
                0x08005c3c      0x168 ./Drivers/BSP/STM32H573I-DK/stm32h573i_discovery_ospi.o
 .text.OSPI_NOR_EnterDOPIMode
                0x08005da4      0x1cc ./Drivers/BSP/STM32H573I-DK/stm32h573i_discovery_ospi.o
 .text.OSPI_NOR_EnterSOPIMode
                0x08005f70      0x184 ./Drivers/BSP/STM32H573I-DK/stm32h573i_discovery_ospi.o
 .text.OSPI_NOR_ExitOPIMode
                0x080060f4      0x160 ./Drivers/BSP/STM32H573I-DK/stm32h573i_discovery_ospi.o
 .text.OSPI1_DLYB_Enable
                0x08006254       0x4c ./Drivers/BSP/STM32H573I-DK/stm32h573i_discovery_ospi.o
 .text.BSP_TS_Init
                0x080062a0      0x1d0 ./Drivers/BSP/STM32H573I-DK/stm32h573i_discovery_ts.o
                0x080062a0                BSP_TS_Init
 .text.BSP_TS_EnableIT
                0x08006470       0xd8 ./Drivers/BSP/STM32H573I-DK/stm32h573i_discovery_ts.o
                0x08006470                BSP_TS_EnableIT
 .text.BSP_TS_Callback
                0x08006548       0x14 ./Drivers/BSP/STM32H573I-DK/stm32h573i_discovery_ts.o
                0x08006548                BSP_TS_Callback
 .text.BSP_TS_IRQHandler
                0x0800655c       0x28 ./Drivers/BSP/STM32H573I-DK/stm32h573i_discovery_ts.o
                0x0800655c                BSP_TS_IRQHandler
 .text.FT6X06_Probe
                0x08006584       0xc8 ./Drivers/BSP/STM32H573I-DK/stm32h573i_discovery_ts.o
 .text.TS_EXTI_Callback
                0x0800664c       0x24 ./Drivers/BSP/STM32H573I-DK/stm32h573i_discovery_ts.o
 .text.TS_RESET_MspInit
                0x08006670       0x70 ./Drivers/BSP/STM32H573I-DK/stm32h573i_discovery_ts.o
 .text.HAL_Init
                0x080066e0       0x50 ./Drivers/STM32H5xx_HAL_Driver/Src/stm32h5xx_hal.o
                0x080066e0                HAL_Init
 .text.HAL_InitTick
                0x08006730       0xec ./Drivers/STM32H5xx_HAL_Driver/Src/stm32h5xx_hal.o
                0x08006730                HAL_InitTick
 .text.HAL_IncTick
                0x0800681c       0x28 ./Drivers/STM32H5xx_HAL_Driver/Src/stm32h5xx_hal.o
                0x0800681c                HAL_IncTick
 .text.HAL_GetTick
                0x08006844       0x18 ./Drivers/STM32H5xx_HAL_Driver/Src/stm32h5xx_hal.o
                0x08006844                HAL_GetTick
 .text.HAL_Delay
                0x0800685c       0x48 ./Drivers/STM32H5xx_HAL_Driver/Src/stm32h5xx_hal.o
                0x0800685c                HAL_Delay
 .text.LL_ADC_SetCommonClock
                0x080068a4       0x26 ./Drivers/STM32H5xx_HAL_Driver/Src/stm32h5xx_hal_adc.o
 .text.LL_ADC_SetCommonPathInternalCh
                0x080068ca       0x26 ./Drivers/STM32H5xx_HAL_Driver/Src/stm32h5xx_hal_adc.o
 .text.LL_ADC_GetCommonPathInternalCh
                0x080068f0       0x1c ./Drivers/STM32H5xx_HAL_Driver/Src/stm32h5xx_hal_adc.o
 .text.LL_ADC_EnableChannelVDDcore
                0x0800690c       0x24 ./Drivers/STM32H5xx_HAL_Driver/Src/stm32h5xx_hal_adc.o
 .text.LL_ADC_EnableChannel0_GPIO
                0x08006930       0x28 ./Drivers/STM32H5xx_HAL_Driver/Src/stm32h5xx_hal_adc.o
 .text.LL_ADC_SetOffset
                0x08006958       0x48 ./Drivers/STM32H5xx_HAL_Driver/Src/stm32h5xx_hal_adc.o
 .text.LL_ADC_GetOffsetChannel
                0x080069a0       0x2c ./Drivers/STM32H5xx_HAL_Driver/Src/stm32h5xx_hal_adc.o
 .text.LL_ADC_SetOffsetState
                0x080069cc       0x36 ./Drivers/STM32H5xx_HAL_Driver/Src/stm32h5xx_hal_adc.o
 .text.LL_ADC_SetOffsetSign
                0x08006a02       0x36 ./Drivers/STM32H5xx_HAL_Driver/Src/stm32h5xx_hal_adc.o
 .text.LL_ADC_SetOffsetSaturation
                0x08006a38       0x36 ./Drivers/STM32H5xx_HAL_Driver/Src/stm32h5xx_hal_adc.o
 .text.LL_ADC_SetSamplingTimeCommonConfig
                0x08006a6e       0x26 ./Drivers/STM32H5xx_HAL_Driver/Src/stm32h5xx_hal_adc.o
 .text.LL_ADC_REG_IsTriggerSourceSWStart
                0x08006a94       0x26 ./Drivers/STM32H5xx_HAL_Driver/Src/stm32h5xx_hal_adc.o
 .text.LL_ADC_REG_SetSequencerRanks
                0x08006aba       0x58 ./Drivers/STM32H5xx_HAL_Driver/Src/stm32h5xx_hal_adc.o
 .text.LL_ADC_SetChannelSamplingTime
                0x08006b12       0x56 ./Drivers/STM32H5xx_HAL_Driver/Src/stm32h5xx_hal_adc.o
 .text.LL_ADC_SetChannelSingleDiff
                0x08006b68       0x48 ./Drivers/STM32H5xx_HAL_Driver/Src/stm32h5xx_hal_adc.o
 .text.LL_ADC_GetMultimode
                0x08006bb0       0x1c ./Drivers/STM32H5xx_HAL_Driver/Src/stm32h5xx_hal_adc.o
 .text.LL_ADC_GetMultiDMATransfer
                0x08006bcc       0x1c ./Drivers/STM32H5xx_HAL_Driver/Src/stm32h5xx_hal_adc.o
 .text.LL_ADC_DisableDeepPowerDown
                0x08006be8       0x24 ./Drivers/STM32H5xx_HAL_Driver/Src/stm32h5xx_hal_adc.o
 .text.LL_ADC_IsDeepPowerDownEnabled
                0x08006c0c       0x28 ./Drivers/STM32H5xx_HAL_Driver/Src/stm32h5xx_hal_adc.o
 .text.LL_ADC_EnableInternalRegulator
                0x08006c34       0x28 ./Drivers/STM32H5xx_HAL_Driver/Src/stm32h5xx_hal_adc.o
 .text.LL_ADC_IsInternalRegulatorEnabled
                0x08006c5c       0x28 ./Drivers/STM32H5xx_HAL_Driver/Src/stm32h5xx_hal_adc.o
 .text.LL_ADC_Enable
                0x08006c84       0x28 ./Drivers/STM32H5xx_HAL_Driver/Src/stm32h5xx_hal_adc.o
 .text.LL_ADC_IsEnabled
                0x08006cac       0x26 ./Drivers/STM32H5xx_HAL_Driver/Src/stm32h5xx_hal_adc.o
 .text.LL_ADC_REG_StartConversion
                0x08006cd2       0x28 ./Drivers/STM32H5xx_HAL_Driver/Src/stm32h5xx_hal_adc.o
 .text.LL_ADC_REG_IsConversionOngoing
                0x08006cfa       0x26 ./Drivers/STM32H5xx_HAL_Driver/Src/stm32h5xx_hal_adc.o
 .text.LL_ADC_INJ_IsConversionOngoing
                0x08006d20       0x26 ./Drivers/STM32H5xx_HAL_Driver/Src/stm32h5xx_hal_adc.o
 *fill*         0x08006d46        0x2 
 .text.HAL_ADC_Init
                0x08006d48      0x2a8 ./Drivers/STM32H5xx_HAL_Driver/Src/stm32h5xx_hal_adc.o
                0x08006d48                HAL_ADC_Init
 .text.HAL_ADC_Start
                0x08006ff0      0x174 ./Drivers/STM32H5xx_HAL_Driver/Src/stm32h5xx_hal_adc.o
                0x08006ff0                HAL_ADC_Start
 .text.HAL_ADC_PollForConversion
                0x08007164      0x1b0 ./Drivers/STM32H5xx_HAL_Driver/Src/stm32h5xx_hal_adc.o
                0x08007164                HAL_ADC_PollForConversion
 .text.HAL_ADC_GetValue
                0x08007314       0x1a ./Drivers/STM32H5xx_HAL_Driver/Src/stm32h5xx_hal_adc.o
                0x08007314                HAL_ADC_GetValue
 *fill*         0x0800732e        0x2 
 .text.HAL_ADC_ConfigChannel
                0x08007330      0x820 ./Drivers/STM32H5xx_HAL_Driver/Src/stm32h5xx_hal_adc.o
                0x08007330                HAL_ADC_ConfigChannel
 .text.ADC_Enable
                0x08007b50      0x104 ./Drivers/STM32H5xx_HAL_Driver/Src/stm32h5xx_hal_adc.o
                0x08007b50                ADC_Enable
 .text.__NVIC_SetPriorityGrouping
                0x08007c54       0x48 ./Drivers/STM32H5xx_HAL_Driver/Src/stm32h5xx_hal_cortex.o
 .text.__NVIC_GetPriorityGrouping
                0x08007c9c       0x1c ./Drivers/STM32H5xx_HAL_Driver/Src/stm32h5xx_hal_cortex.o
 .text.__NVIC_EnableIRQ
                0x08007cb8       0x3c ./Drivers/STM32H5xx_HAL_Driver/Src/stm32h5xx_hal_cortex.o
 .text.__NVIC_SetPriority
                0x08007cf4       0x54 ./Drivers/STM32H5xx_HAL_Driver/Src/stm32h5xx_hal_cortex.o
 .text.NVIC_EncodePriority
                0x08007d48       0x66 ./Drivers/STM32H5xx_HAL_Driver/Src/stm32h5xx_hal_cortex.o
 .text.HAL_NVIC_SetPriorityGrouping
                0x08007dae       0x16 ./Drivers/STM32H5xx_HAL_Driver/Src/stm32h5xx_hal_cortex.o
                0x08007dae                HAL_NVIC_SetPriorityGrouping
 .text.HAL_NVIC_SetPriority
                0x08007dc4       0x34 ./Drivers/STM32H5xx_HAL_Driver/Src/stm32h5xx_hal_cortex.o
                0x08007dc4                HAL_NVIC_SetPriority
 .text.HAL_NVIC_EnableIRQ
                0x08007df8       0x1c ./Drivers/STM32H5xx_HAL_Driver/Src/stm32h5xx_hal_cortex.o
                0x08007df8                HAL_NVIC_EnableIRQ
 .text.HAL_SYSTICK_Config
                0x08007e14       0x44 ./Drivers/STM32H5xx_HAL_Driver/Src/stm32h5xx_hal_cortex.o
                0x08007e14                HAL_SYSTICK_Config
 .text.HAL_SYSTICK_CLKSourceConfig
                0x08007e58       0xb0 ./Drivers/STM32H5xx_HAL_Driver/Src/stm32h5xx_hal_cortex.o
                0x08007e58                HAL_SYSTICK_CLKSourceConfig
 .text.HAL_SYSTICK_GetCLKSourceConfig
                0x08007f08       0x6c ./Drivers/STM32H5xx_HAL_Driver/Src/stm32h5xx_hal_cortex.o
                0x08007f08                HAL_SYSTICK_GetCLKSourceConfig
 .text.HAL_DMA_Abort
                0x08007f74       0xf8 ./Drivers/STM32H5xx_HAL_Driver/Src/stm32h5xx_hal_dma.o
                0x08007f74                HAL_DMA_Abort
 .text.HAL_EXTI_RegisterCallback
                0x0800806c       0x58 ./Drivers/STM32H5xx_HAL_Driver/Src/stm32h5xx_hal_exti.o
                0x0800806c                HAL_EXTI_RegisterCallback
 .text.HAL_EXTI_GetHandle
                0x080080c4       0x28 ./Drivers/STM32H5xx_HAL_Driver/Src/stm32h5xx_hal_exti.o
                0x080080c4                HAL_EXTI_GetHandle
 .text.HAL_EXTI_IRQHandler
                0x080080ec       0x90 ./Drivers/STM32H5xx_HAL_Driver/Src/stm32h5xx_hal_exti.o
                0x080080ec                HAL_EXTI_IRQHandler
 .text.HAL_GPIO_Init
                0x0800817c      0x2bc ./Drivers/STM32H5xx_HAL_Driver/Src/stm32h5xx_hal_gpio.o
                0x0800817c                HAL_GPIO_Init
 .text.HAL_GPIO_DeInit
                0x08008438      0x178 ./Drivers/STM32H5xx_HAL_Driver/Src/stm32h5xx_hal_gpio.o
                0x08008438                HAL_GPIO_DeInit
 .text.HAL_GPIO_WritePin
                0x080085b0       0x30 ./Drivers/STM32H5xx_HAL_Driver/Src/stm32h5xx_hal_gpio.o
                0x080085b0                HAL_GPIO_WritePin
 .text.HAL_GPIO_EnableHighSPeedLowVoltage
                0x080085e0       0x24 ./Drivers/STM32H5xx_HAL_Driver/Src/stm32h5xx_hal_gpio.o
                0x080085e0                HAL_GPIO_EnableHighSPeedLowVoltage
 .text.HAL_I2C_Init
                0x08008604      0x136 ./Drivers/STM32H5xx_HAL_Driver/Src/stm32h5xx_hal_i2c.o
                0x08008604                HAL_I2C_Init
 .text.HAL_I2C_DeInit
                0x0800873a       0x5e ./Drivers/STM32H5xx_HAL_Driver/Src/stm32h5xx_hal_i2c.o
                0x0800873a                HAL_I2C_DeInit
 .text.HAL_I2C_MspInit
                0x08008798       0x14 ./Drivers/STM32H5xx_HAL_Driver/Src/stm32h5xx_hal_i2c.o
                0x08008798                HAL_I2C_MspInit
 .text.HAL_I2C_MspDeInit
                0x080087ac       0x14 ./Drivers/STM32H5xx_HAL_Driver/Src/stm32h5xx_hal_i2c.o
                0x080087ac                HAL_I2C_MspDeInit
 .text.HAL_I2C_Mem_Write
                0x080087c0      0x228 ./Drivers/STM32H5xx_HAL_Driver/Src/stm32h5xx_hal_i2c.o
                0x080087c0                HAL_I2C_Mem_Write
 .text.HAL_I2C_Mem_Read
                0x080089e8      0x234 ./Drivers/STM32H5xx_HAL_Driver/Src/stm32h5xx_hal_i2c.o
                0x080089e8                HAL_I2C_Mem_Read
 .text.HAL_I2C_GetState
                0x08008c1c       0x1c ./Drivers/STM32H5xx_HAL_Driver/Src/stm32h5xx_hal_i2c.o
                0x08008c1c                HAL_I2C_GetState
 .text.HAL_I2C_GetError
                0x08008c38       0x18 ./Drivers/STM32H5xx_HAL_Driver/Src/stm32h5xx_hal_i2c.o
                0x08008c38                HAL_I2C_GetError
 .text.I2C_RequestMemoryWrite
                0x08008c50       0xa8 ./Drivers/STM32H5xx_HAL_Driver/Src/stm32h5xx_hal_i2c.o
 .text.I2C_RequestMemoryRead
                0x08008cf8       0xa8 ./Drivers/STM32H5xx_HAL_Driver/Src/stm32h5xx_hal_i2c.o
 .text.I2C_Flush_TXDR
                0x08008da0       0x48 ./Drivers/STM32H5xx_HAL_Driver/Src/stm32h5xx_hal_i2c.o
 .text.I2C_WaitOnFlagUntilTimeout
                0x08008de8       0xb2 ./Drivers/STM32H5xx_HAL_Driver/Src/stm32h5xx_hal_i2c.o
 .text.I2C_WaitOnTXISFlagUntilTimeout
                0x08008e9a       0x8e ./Drivers/STM32H5xx_HAL_Driver/Src/stm32h5xx_hal_i2c.o
 .text.I2C_WaitOnSTOPFlagUntilTimeout
                0x08008f28       0x86 ./Drivers/STM32H5xx_HAL_Driver/Src/stm32h5xx_hal_i2c.o
 *fill*         0x08008fae        0x2 
 .text.I2C_IsErrorOccurred
                0x08008fb0      0x1c0 ./Drivers/STM32H5xx_HAL_Driver/Src/stm32h5xx_hal_i2c.o
 .text.I2C_TransferConfig
                0x08009170       0x64 ./Drivers/STM32H5xx_HAL_Driver/Src/stm32h5xx_hal_i2c.o
 .text.HAL_I2CEx_ConfigAnalogFilter
                0x080091d4       0x96 ./Drivers/STM32H5xx_HAL_Driver/Src/stm32h5xx_hal_i2c_ex.o
                0x080091d4                HAL_I2CEx_ConfigAnalogFilter
 .text.HAL_I2CEx_ConfigDigitalFilter
                0x0800926a       0x98 ./Drivers/STM32H5xx_HAL_Driver/Src/stm32h5xx_hal_i2c_ex.o
                0x0800926a                HAL_I2CEx_ConfigDigitalFilter
 *fill*         0x08009302        0x2 
 .text.HAL_ICACHE_Enable
                0x08009304       0x20 ./Drivers/STM32H5xx_HAL_Driver/Src/stm32h5xx_hal_icache.o
                0x08009304                HAL_ICACHE_Enable
 .text.HAL_RCC_OscConfig
                0x08009324      0x870 ./Drivers/STM32H5xx_HAL_Driver/Src/stm32h5xx_hal_rcc.o
                0x08009324                HAL_RCC_OscConfig
 .text.HAL_RCC_ClockConfig
                0x08009b94      0x370 ./Drivers/STM32H5xx_HAL_Driver/Src/stm32h5xx_hal_rcc.o
                0x08009b94                HAL_RCC_ClockConfig
 .text.HAL_RCC_GetSysClockFreq
                0x08009f04      0x258 ./Drivers/STM32H5xx_HAL_Driver/Src/stm32h5xx_hal_rcc.o
                0x08009f04                HAL_RCC_GetSysClockFreq
 .text.HAL_RCC_GetHCLKFreq
                0x0800a15c       0x38 ./Drivers/STM32H5xx_HAL_Driver/Src/stm32h5xx_hal_rcc.o
                0x0800a15c                HAL_RCC_GetHCLKFreq
 .text.HAL_RCC_GetPCLK1Freq
                0x0800a194       0x2c ./Drivers/STM32H5xx_HAL_Driver/Src/stm32h5xx_hal_rcc.o
                0x0800a194                HAL_RCC_GetPCLK1Freq
 .text.HAL_RCC_GetPCLK2Freq
                0x0800a1c0       0x2c ./Drivers/STM32H5xx_HAL_Driver/Src/stm32h5xx_hal_rcc.o
                0x0800a1c0                HAL_RCC_GetPCLK2Freq
 .text.HAL_RCC_GetPCLK3Freq
                0x0800a1ec       0x2c ./Drivers/STM32H5xx_HAL_Driver/Src/stm32h5xx_hal_rcc.o
                0x0800a1ec                HAL_RCC_GetPCLK3Freq
 .text.HAL_RCCEx_PeriphCLKConfig
                0x0800a218     0x1f14 ./Drivers/STM32H5xx_HAL_Driver/Src/stm32h5xx_hal_rcc_ex.o
                0x0800a218                HAL_RCCEx_PeriphCLKConfig
 .text.HAL_RCCEx_GetPLL1ClockFreq
                0x0800c12c      0x2d8 ./Drivers/STM32H5xx_HAL_Driver/Src/stm32h5xx_hal_rcc_ex.o
                0x0800c12c                HAL_RCCEx_GetPLL1ClockFreq
 .text.HAL_RCCEx_GetPLL2ClockFreq
                0x0800c404      0x2d8 ./Drivers/STM32H5xx_HAL_Driver/Src/stm32h5xx_hal_rcc_ex.o
                0x0800c404                HAL_RCCEx_GetPLL2ClockFreq
 .text.HAL_RCCEx_GetPLL3ClockFreq
                0x0800c6dc      0x2d8 ./Drivers/STM32H5xx_HAL_Driver/Src/stm32h5xx_hal_rcc_ex.o
                0x0800c6dc                HAL_RCCEx_GetPLL3ClockFreq
 .text.HAL_RCCEx_GetPeriphCLKFreq
                0x0800c9b4     0x26b4 ./Drivers/STM32H5xx_HAL_Driver/Src/stm32h5xx_hal_rcc_ex.o
                0x0800c9b4                HAL_RCCEx_GetPeriphCLKFreq
 .text.RCCEx_PLL2_Config
                0x0800f068      0x130 ./Drivers/STM32H5xx_HAL_Driver/Src/stm32h5xx_hal_rcc_ex.o
 .text.RCCEx_PLL3_Config
                0x0800f198      0x130 ./Drivers/STM32H5xx_HAL_Driver/Src/stm32h5xx_hal_rcc_ex.o
 .text.HAL_SRAM_Init
                0x0800f2c8       0xa0 ./Drivers/STM32H5xx_HAL_Driver/Src/stm32h5xx_hal_sram.o
                0x0800f2c8                HAL_SRAM_Init
 .text.HAL_SRAM_DeInit
                0x0800f368       0x3a ./Drivers/STM32H5xx_HAL_Driver/Src/stm32h5xx_hal_sram.o
                0x0800f368                HAL_SRAM_DeInit
 .text.HAL_SRAM_MspInit
                0x0800f3a2       0x14 ./Drivers/STM32H5xx_HAL_Driver/Src/stm32h5xx_hal_sram.o
                0x0800f3a2                HAL_SRAM_MspInit
 .text.HAL_SRAM_MspDeInit
                0x0800f3b6       0x14 ./Drivers/STM32H5xx_HAL_Driver/Src/stm32h5xx_hal_sram.o
                0x0800f3b6                HAL_SRAM_MspDeInit
 .text.HAL_SRAM_GetState
                0x0800f3ca       0x1c ./Drivers/STM32H5xx_HAL_Driver/Src/stm32h5xx_hal_sram.o
                0x0800f3ca                HAL_SRAM_GetState
 .text.HAL_UART_Init
                0x0800f3e6       0xa0 ./Drivers/STM32H5xx_HAL_Driver/Src/stm32h5xx_hal_uart.o
                0x0800f3e6                HAL_UART_Init
 .text.HAL_UART_MspInit
                0x0800f486       0x14 ./Drivers/STM32H5xx_HAL_Driver/Src/stm32h5xx_hal_uart.o
                0x0800f486                HAL_UART_MspInit
 .text.HAL_UART_Transmit
                0x0800f49a      0x13c ./Drivers/STM32H5xx_HAL_Driver/Src/stm32h5xx_hal_uart.o
                0x0800f49a                HAL_UART_Transmit
 *fill*         0x0800f5d6        0x2 
 .text.UART_SetConfig
                0x0800f5d8      0x3dc ./Drivers/STM32H5xx_HAL_Driver/Src/stm32h5xx_hal_uart.o
                0x0800f5d8                UART_SetConfig
 .text.UART_AdvFeatureConfig
                0x0800f9b4      0x144 ./Drivers/STM32H5xx_HAL_Driver/Src/stm32h5xx_hal_uart.o
                0x0800f9b4                UART_AdvFeatureConfig
 .text.UART_CheckIdleState
                0x0800faf8      0x154 ./Drivers/STM32H5xx_HAL_Driver/Src/stm32h5xx_hal_uart.o
                0x0800faf8                UART_CheckIdleState
 .text.UART_WaitOnFlagUntilTimeout
                0x0800fc4c       0xda ./Drivers/STM32H5xx_HAL_Driver/Src/stm32h5xx_hal_uart.o
                0x0800fc4c                UART_WaitOnFlagUntilTimeout
 .text.UART_EndRxTransfer
                0x0800fd26       0xcc ./Drivers/STM32H5xx_HAL_Driver/Src/stm32h5xx_hal_uart.o
 .text.LL_DLYB_Enable
                0x0800fdf2       0x20 ./Drivers/STM32H5xx_HAL_Driver/Src/stm32h5xx_hal_xspi.o
 .text.LL_DLYB_Disable
                0x0800fe12       0x20 ./Drivers/STM32H5xx_HAL_Driver/Src/stm32h5xx_hal_xspi.o
 *fill*         0x0800fe32        0x2 
 .text.HAL_XSPI_Init
                0x0800fe34      0x1b0 ./Drivers/STM32H5xx_HAL_Driver/Src/stm32h5xx_hal_xspi.o
                0x0800fe34                HAL_XSPI_Init
 .text.HAL_XSPI_MspInit
                0x0800ffe4       0x14 ./Drivers/STM32H5xx_HAL_Driver/Src/stm32h5xx_hal_xspi.o
                0x0800ffe4                HAL_XSPI_MspInit
 .text.HAL_XSPI_Command
                0x0800fff8      0x120 ./Drivers/STM32H5xx_HAL_Driver/Src/stm32h5xx_hal_xspi.o
                0x0800fff8                HAL_XSPI_Command
 .text.HAL_XSPI_Transmit
                0x08010118       0xe6 ./Drivers/STM32H5xx_HAL_Driver/Src/stm32h5xx_hal_xspi.o
                0x08010118                HAL_XSPI_Transmit
 .text.HAL_XSPI_Receive
                0x080101fe      0x146 ./Drivers/STM32H5xx_HAL_Driver/Src/stm32h5xx_hal_xspi.o
                0x080101fe                HAL_XSPI_Receive
 .text.HAL_XSPI_AutoPolling
                0x08010344      0x114 ./Drivers/STM32H5xx_HAL_Driver/Src/stm32h5xx_hal_xspi.o
                0x08010344                HAL_XSPI_AutoPolling
 .text.HAL_XSPI_Abort
                0x08010458      0x10e ./Drivers/STM32H5xx_HAL_Driver/Src/stm32h5xx_hal_xspi.o
                0x08010458                HAL_XSPI_Abort
 .text.HAL_XSPI_SetTimeout
                0x08010566       0x1e ./Drivers/STM32H5xx_HAL_Driver/Src/stm32h5xx_hal_xspi.o
                0x08010566                HAL_XSPI_SetTimeout
 .text.HAL_XSPI_DLYB_SetConfig
                0x08010584       0x78 ./Drivers/STM32H5xx_HAL_Driver/Src/stm32h5xx_hal_xspi.o
                0x08010584                HAL_XSPI_DLYB_SetConfig
 .text.HAL_XSPI_DLYB_GetClockPeriod
                0x080105fc       0x84 ./Drivers/STM32H5xx_HAL_Driver/Src/stm32h5xx_hal_xspi.o
                0x080105fc                HAL_XSPI_DLYB_GetClockPeriod
 .text.XSPI_WaitFlagStateUntilTimeout
                0x08010680       0x6c ./Drivers/STM32H5xx_HAL_Driver/Src/stm32h5xx_hal_xspi.o
 .text.XSPI_ConfigCmd
                0x080106ec      0x350 ./Drivers/STM32H5xx_HAL_Driver/Src/stm32h5xx_hal_xspi.o
 .text.LL_DLYB_SetDelay
                0x08010a3c       0x3e ./Drivers/STM32H5xx_HAL_Driver/Src/stm32h5xx_ll_dlyb.o
                0x08010a3c                LL_DLYB_SetDelay
 *fill*         0x08010a7a        0x2 
 .text.LL_DLYB_GetClockPeriod
                0x08010a7c       0xdc ./Drivers/STM32H5xx_HAL_Driver/Src/stm32h5xx_ll_dlyb.o
                0x08010a7c                LL_DLYB_GetClockPeriod
 .text.FMC_NORSRAM_Init
                0x08010b58      0x19c ./Drivers/STM32H5xx_HAL_Driver/Src/stm32h5xx_ll_fmc.o
                0x08010b58                FMC_NORSRAM_Init
 .text.FMC_NORSRAM_DeInit
                0x08010cf4       0xba ./Drivers/STM32H5xx_HAL_Driver/Src/stm32h5xx_ll_fmc.o
                0x08010cf4                FMC_NORSRAM_DeInit
 .text.FMC_NORSRAM_Timing_Init
                0x08010dae       0x9a ./Drivers/STM32H5xx_HAL_Driver/Src/stm32h5xx_ll_fmc.o
                0x08010dae                FMC_NORSRAM_Timing_Init
 .text.FMC_NORSRAM_Extended_Timing_Init
                0x08010e48       0x74 ./Drivers/STM32H5xx_HAL_Driver/Src/stm32h5xx_ll_fmc.o
                0x08010e48                FMC_NORSRAM_Extended_Timing_Init
 .text.UTIL_LCD_SetFuncDriver
                0x08010ebc       0xac ./Utilities/lcd/stm32_lcd.o
                0x08010ebc                UTIL_LCD_SetFuncDriver
 .text.UTIL_LCD_SetLayer
                0x08010f68       0x3c ./Utilities/lcd/stm32_lcd.o
                0x08010f68                UTIL_LCD_SetLayer
 .text.UTIL_LCD_SetDevice
                0x08010fa4       0x40 ./Utilities/lcd/stm32_lcd.o
                0x08010fa4                UTIL_LCD_SetDevice
 .text.UTIL_LCD_SetTextColor
                0x08010fe4       0x28 ./Utilities/lcd/stm32_lcd.o
                0x08010fe4                UTIL_LCD_SetTextColor
 .text.UTIL_LCD_SetBackColor
                0x0801100c       0x28 ./Utilities/lcd/stm32_lcd.o
                0x0801100c                UTIL_LCD_SetBackColor
 .text.UTIL_LCD_SetFont
                0x08011034       0x28 ./Utilities/lcd/stm32_lcd.o
                0x08011034                UTIL_LCD_SetFont
 .text.UTIL_LCD_FillRGBRect
                0x0801105c       0x38 ./Utilities/lcd/stm32_lcd.o
                0x0801105c                UTIL_LCD_FillRGBRect
 .text.UTIL_LCD_Clear
                0x08011094       0x2c ./Utilities/lcd/stm32_lcd.o
                0x08011094                UTIL_LCD_Clear
 .text.UTIL_LCD_DisplayChar
                0x080110c0       0x6c ./Utilities/lcd/stm32_lcd.o
                0x080110c0                UTIL_LCD_DisplayChar
 .text.UTIL_LCD_DisplayStringAt
                0x0801112c      0x15c ./Utilities/lcd/stm32_lcd.o
                0x0801112c                UTIL_LCD_DisplayStringAt
 .text.UTIL_LCD_FillRect
                0x08011288       0x74 ./Utilities/lcd/stm32_lcd.o
                0x08011288                UTIL_LCD_FillRect
 .text.DrawChar
                0x080112fc      0x2b4 ./Utilities/lcd/stm32_lcd.o
 .text.funchad131.part.0
                0x080115b0       0xfc C:\Users\aiXtrusion\STM32CubeIDE\workspace_1.19.0\new_workspace_2\PM_ANOMALY\Drivers\NANOEDGEAI\libneai.a(NanoEdgeAI.o)
 .text.funchad38.constprop.0
                0x080116ac       0x1c C:\Users\aiXtrusion\STM32CubeIDE\workspace_1.19.0\new_workspace_2\PM_ANOMALY\Drivers\NANOEDGEAI\libneai.a(NanoEdgeAI.o)
 .text.funchad143.constprop.0
                0x080116c8       0x68 C:\Users\aiXtrusion\STM32CubeIDE\workspace_1.19.0\new_workspace_2\PM_ANOMALY\Drivers\NANOEDGEAI\libneai.a(NanoEdgeAI.o)
 .text.neai_anomalydetection_learn
                0x08011730      0x82c C:\Users\aiXtrusion\STM32CubeIDE\workspace_1.19.0\new_workspace_2\PM_ANOMALY\Drivers\NANOEDGEAI\libneai.a(NanoEdgeAI.o)
                0x08011730                neai_anomalydetection_learn
 *fill*         0x08011f5c        0x4 
 .text.neai_anomalydetection_detect
                0x08011f60      0x2b0 C:\Users\aiXtrusion\STM32CubeIDE\workspace_1.19.0\new_workspace_2\PM_ANOMALY\Drivers\NANOEDGEAI\libneai.a(NanoEdgeAI.o)
                0x08011f60                neai_anomalydetection_detect
 .text._fminf   0x08012210        0x8 C:\Users\aiXtrusion\STM32CubeIDE\workspace_1.19.0\new_workspace_2\PM_ANOMALY\Drivers\NANOEDGEAI\libneai.a(NanoEdgeAI.o)
                0x08012210                _fminf
 .text.neai_anomalydetection_init
                0x08012218      0x154 C:\Users\aiXtrusion\STM32CubeIDE\workspace_1.19.0\new_workspace_2\PM_ANOMALY\Drivers\NANOEDGEAI\libneai.a(NanoEdgeAI.o)
                0x08012218                neai_anomalydetection_init
 .text.__cvt    0x0801236c       0xca C:/ST/STM32CubeIDE_1.19.0/STM32CubeIDE/plugins/com.st.stm32cube.ide.mcu.externaltools.gnu-tools-for-stm32.13.3.rel1.win32_1.0.0.202411081344/tools/bin/../lib/gcc/arm-none-eabi/13.3.1/../../../../arm-none-eabi/lib/thumb/v8-m.main+fp/hard\libc_nano.a(libc_a-nano-vfprintf_float.o)
                0x0801236c                __cvt
 .text.__exponent
                0x08012436       0x72 C:/ST/STM32CubeIDE_1.19.0/STM32CubeIDE/plugins/com.st.stm32cube.ide.mcu.externaltools.gnu-tools-for-stm32.13.3.rel1.win32_1.0.0.202411081344/tools/bin/../lib/gcc/arm-none-eabi/13.3.1/../../../../arm-none-eabi/lib/thumb/v8-m.main+fp/hard\libc_nano.a(libc_a-nano-vfprintf_float.o)
                0x08012436                __exponent
 .text._printf_float
                0x080124a8      0x454 C:/ST/STM32CubeIDE_1.19.0/STM32CubeIDE/plugins/com.st.stm32cube.ide.mcu.externaltools.gnu-tools-for-stm32.13.3.rel1.win32_1.0.0.202411081344/tools/bin/../lib/gcc/arm-none-eabi/13.3.1/../../../../arm-none-eabi/lib/thumb/v8-m.main+fp/hard\libc_nano.a(libc_a-nano-vfprintf_float.o)
                0x080124a8                _printf_float
 .text._printf_common
                0x080128fc       0xe4 C:/ST/STM32CubeIDE_1.19.0/STM32CubeIDE/plugins/com.st.stm32cube.ide.mcu.externaltools.gnu-tools-for-stm32.13.3.rel1.win32_1.0.0.202411081344/tools/bin/../lib/gcc/arm-none-eabi/13.3.1/../../../../arm-none-eabi/lib/thumb/v8-m.main+fp/hard\libc_nano.a(libc_a-nano-vfprintf_i.o)
                0x080128fc                _printf_common
 .text._printf_i
                0x080129e0      0x23c C:/ST/STM32CubeIDE_1.19.0/STM32CubeIDE/plugins/com.st.stm32cube.ide.mcu.externaltools.gnu-tools-for-stm32.13.3.rel1.win32_1.0.0.202411081344/tools/bin/../lib/gcc/arm-none-eabi/13.3.1/../../../../arm-none-eabi/lib/thumb/v8-m.main+fp/hard\libc_nano.a(libc_a-nano-vfprintf_i.o)
                0x080129e0                _printf_i
 .text.std      0x08012c1c       0x6c C:/ST/STM32CubeIDE_1.19.0/STM32CubeIDE/plugins/com.st.stm32cube.ide.mcu.externaltools.gnu-tools-for-stm32.13.3.rel1.win32_1.0.0.202411081344/tools/bin/../lib/gcc/arm-none-eabi/13.3.1/../../../../arm-none-eabi/lib/thumb/v8-m.main+fp/hard\libc_nano.a(libc_a-findfp.o)
 .text.stdio_exit_handler
                0x08012c88       0x18 C:/ST/STM32CubeIDE_1.19.0/STM32CubeIDE/plugins/com.st.stm32cube.ide.mcu.externaltools.gnu-tools-for-stm32.13.3.rel1.win32_1.0.0.202411081344/tools/bin/../lib/gcc/arm-none-eabi/13.3.1/../../../../arm-none-eabi/lib/thumb/v8-m.main+fp/hard\libc_nano.a(libc_a-findfp.o)
 .text.cleanup_stdio
                0x08012ca0       0x40 C:/ST/STM32CubeIDE_1.19.0/STM32CubeIDE/plugins/com.st.stm32cube.ide.mcu.externaltools.gnu-tools-for-stm32.13.3.rel1.win32_1.0.0.202411081344/tools/bin/../lib/gcc/arm-none-eabi/13.3.1/../../../../arm-none-eabi/lib/thumb/v8-m.main+fp/hard\libc_nano.a(libc_a-findfp.o)
 .text.global_stdio_init.part.0
                0x08012ce0       0x3c C:/ST/STM32CubeIDE_1.19.0/STM32CubeIDE/plugins/com.st.stm32cube.ide.mcu.externaltools.gnu-tools-for-stm32.13.3.rel1.win32_1.0.0.202411081344/tools/bin/../lib/gcc/arm-none-eabi/13.3.1/../../../../arm-none-eabi/lib/thumb/v8-m.main+fp/hard\libc_nano.a(libc_a-findfp.o)
 .text.__sfp_lock_acquire
                0x08012d1c        0xc C:/ST/STM32CubeIDE_1.19.0/STM32CubeIDE/plugins/com.st.stm32cube.ide.mcu.externaltools.gnu-tools-for-stm32.13.3.rel1.win32_1.0.0.202411081344/tools/bin/../lib/gcc/arm-none-eabi/13.3.1/../../../../arm-none-eabi/lib/thumb/v8-m.main+fp/hard\libc_nano.a(libc_a-findfp.o)
                0x08012d1c                __sfp_lock_acquire
 .text.__sfp_lock_release
                0x08012d28        0xc C:/ST/STM32CubeIDE_1.19.0/STM32CubeIDE/plugins/com.st.stm32cube.ide.mcu.externaltools.gnu-tools-for-stm32.13.3.rel1.win32_1.0.0.202411081344/tools/bin/../lib/gcc/arm-none-eabi/13.3.1/../../../../arm-none-eabi/lib/thumb/v8-m.main+fp/hard\libc_nano.a(libc_a-findfp.o)
                0x08012d28                __sfp_lock_release
 .text.__sinit  0x08012d34       0x30 C:/ST/STM32CubeIDE_1.19.0/STM32CubeIDE/plugins/com.st.stm32cube.ide.mcu.externaltools.gnu-tools-for-stm32.13.3.rel1.win32_1.0.0.202411081344/tools/bin/../lib/gcc/arm-none-eabi/13.3.1/../../../../arm-none-eabi/lib/thumb/v8-m.main+fp/hard\libc_nano.a(libc_a-findfp.o)
                0x08012d34                __sinit
 .text._fwalk_sglue
                0x08012d64       0x3c C:/ST/STM32CubeIDE_1.19.0/STM32CubeIDE/plugins/com.st.stm32cube.ide.mcu.externaltools.gnu-tools-for-stm32.13.3.rel1.win32_1.0.0.202411081344/tools/bin/../lib/gcc/arm-none-eabi/13.3.1/../../../../arm-none-eabi/lib/thumb/v8-m.main+fp/hard\libc_nano.a(libc_a-fwalk.o)
                0x08012d64                _fwalk_sglue
 .text.printf   0x08012da0       0x24 C:/ST/STM32CubeIDE_1.19.0/STM32CubeIDE/plugins/com.st.stm32cube.ide.mcu.externaltools.gnu-tools-for-stm32.13.3.rel1.win32_1.0.0.202411081344/tools/bin/../lib/gcc/arm-none-eabi/13.3.1/../../../../arm-none-eabi/lib/thumb/v8-m.main+fp/hard\libc_nano.a(libc_a-printf.o)
                0x08012da0                iprintf
                0x08012da0                printf
 .text._puts_r  0x08012dc4       0xaa C:/ST/STM32CubeIDE_1.19.0/STM32CubeIDE/plugins/com.st.stm32cube.ide.mcu.externaltools.gnu-tools-for-stm32.13.3.rel1.win32_1.0.0.202411081344/tools/bin/../lib/gcc/arm-none-eabi/13.3.1/../../../../arm-none-eabi/lib/thumb/v8-m.main+fp/hard\libc_nano.a(libc_a-puts.o)
                0x08012dc4                _puts_r
 *fill*         0x08012e6e        0x2 
 .text.puts     0x08012e70       0x10 C:/ST/STM32CubeIDE_1.19.0/STM32CubeIDE/plugins/com.st.stm32cube.ide.mcu.externaltools.gnu-tools-for-stm32.13.3.rel1.win32_1.0.0.202411081344/tools/bin/../lib/gcc/arm-none-eabi/13.3.1/../../../../arm-none-eabi/lib/thumb/v8-m.main+fp/hard\libc_nano.a(libc_a-puts.o)
                0x08012e70                puts
 .text.snprintf
                0x08012e80       0x6c C:/ST/STM32CubeIDE_1.19.0/STM32CubeIDE/plugins/com.st.stm32cube.ide.mcu.externaltools.gnu-tools-for-stm32.13.3.rel1.win32_1.0.0.202411081344/tools/bin/../lib/gcc/arm-none-eabi/13.3.1/../../../../arm-none-eabi/lib/thumb/v8-m.main+fp/hard\libc_nano.a(libc_a-snprintf.o)
                0x08012e80                sniprintf
                0x08012e80                snprintf
 .text.__sread  0x08012eec       0x22 C:/ST/STM32CubeIDE_1.19.0/STM32CubeIDE/plugins/com.st.stm32cube.ide.mcu.externaltools.gnu-tools-for-stm32.13.3.rel1.win32_1.0.0.202411081344/tools/bin/../lib/gcc/arm-none-eabi/13.3.1/../../../../arm-none-eabi/lib/thumb/v8-m.main+fp/hard\libc_nano.a(libc_a-stdio.o)
                0x08012eec                __sread
 .text.__swrite
                0x08012f0e       0x38 C:/ST/STM32CubeIDE_1.19.0/STM32CubeIDE/plugins/com.st.stm32cube.ide.mcu.externaltools.gnu-tools-for-stm32.13.3.rel1.win32_1.0.0.202411081344/tools/bin/../lib/gcc/arm-none-eabi/13.3.1/../../../../arm-none-eabi/lib/thumb/v8-m.main+fp/hard\libc_nano.a(libc_a-stdio.o)
                0x08012f0e                __swrite
 .text.__sseek  0x08012f46       0x24 C:/ST/STM32CubeIDE_1.19.0/STM32CubeIDE/plugins/com.st.stm32cube.ide.mcu.externaltools.gnu-tools-for-stm32.13.3.rel1.win32_1.0.0.202411081344/tools/bin/../lib/gcc/arm-none-eabi/13.3.1/../../../../arm-none-eabi/lib/thumb/v8-m.main+fp/hard\libc_nano.a(libc_a-stdio.o)
                0x08012f46                __sseek
 .text.__sclose
                0x08012f6a        0x8 C:/ST/STM32CubeIDE_1.19.0/STM32CubeIDE/plugins/com.st.stm32cube.ide.mcu.externaltools.gnu-tools-for-stm32.13.3.rel1.win32_1.0.0.202411081344/tools/bin/../lib/gcc/arm-none-eabi/13.3.1/../../../../arm-none-eabi/lib/thumb/v8-m.main+fp/hard\libc_nano.a(libc_a-stdio.o)
                0x08012f6a                __sclose
 .text.__swbuf_r
                0x08012f72       0x7c C:/ST/STM32CubeIDE_1.19.0/STM32CubeIDE/plugins/com.st.stm32cube.ide.mcu.externaltools.gnu-tools-for-stm32.13.3.rel1.win32_1.0.0.202411081344/tools/bin/../lib/gcc/arm-none-eabi/13.3.1/../../../../arm-none-eabi/lib/thumb/v8-m.main+fp/hard\libc_nano.a(libc_a-wbuf.o)
                0x08012f72                __swbuf_r
 *fill*         0x08012fee        0x2 
 .text.__swsetup_r
                0x08012ff0       0xac C:/ST/STM32CubeIDE_1.19.0/STM32CubeIDE/plugins/com.st.stm32cube.ide.mcu.externaltools.gnu-tools-for-stm32.13.3.rel1.win32_1.0.0.202411081344/tools/bin/../lib/gcc/arm-none-eabi/13.3.1/../../../../arm-none-eabi/lib/thumb/v8-m.main+fp/hard\libc_nano.a(libc_a-wsetup.o)
                0x08012ff0                __swsetup_r
 .text.memset   0x0801309c       0x10 C:/ST/STM32CubeIDE_1.19.0/STM32CubeIDE/plugins/com.st.stm32cube.ide.mcu.externaltools.gnu-tools-for-stm32.13.3.rel1.win32_1.0.0.202411081344/tools/bin/../lib/gcc/arm-none-eabi/13.3.1/../../../../arm-none-eabi/lib/thumb/v8-m.main+fp/hard\libc_nano.a(libc_a-memset.o)
                0x0801309c                memset
 .text._localeconv_r
                0x080130ac        0x8 C:/ST/STM32CubeIDE_1.19.0/STM32CubeIDE/plugins/com.st.stm32cube.ide.mcu.externaltools.gnu-tools-for-stm32.13.3.rel1.win32_1.0.0.202411081344/tools/bin/../lib/gcc/arm-none-eabi/13.3.1/../../../../arm-none-eabi/lib/thumb/v8-m.main+fp/hard\libc_nano.a(libc_a-localeconv.o)
                0x080130ac                _localeconv_r
 .text._close_r
                0x080130b4       0x20 C:/ST/STM32CubeIDE_1.19.0/STM32CubeIDE/plugins/com.st.stm32cube.ide.mcu.externaltools.gnu-tools-for-stm32.13.3.rel1.win32_1.0.0.202411081344/tools/bin/../lib/gcc/arm-none-eabi/13.3.1/../../../../arm-none-eabi/lib/thumb/v8-m.main+fp/hard\libc_nano.a(libc_a-closer.o)
                0x080130b4                _close_r
 .text._lseek_r
                0x080130d4       0x24 C:/ST/STM32CubeIDE_1.19.0/STM32CubeIDE/plugins/com.st.stm32cube.ide.mcu.externaltools.gnu-tools-for-stm32.13.3.rel1.win32_1.0.0.202411081344/tools/bin/../lib/gcc/arm-none-eabi/13.3.1/../../../../arm-none-eabi/lib/thumb/v8-m.main+fp/hard\libc_nano.a(libc_a-lseekr.o)
                0x080130d4                _lseek_r
 .text._read_r  0x080130f8       0x24 C:/ST/STM32CubeIDE_1.19.0/STM32CubeIDE/plugins/com.st.stm32cube.ide.mcu.externaltools.gnu-tools-for-stm32.13.3.rel1.win32_1.0.0.202411081344/tools/bin/../lib/gcc/arm-none-eabi/13.3.1/../../../../arm-none-eabi/lib/thumb/v8-m.main+fp/hard\libc_nano.a(libc_a-readr.o)
                0x080130f8                _read_r
 .text._write_r
                0x0801311c       0x24 C:/ST/STM32CubeIDE_1.19.0/STM32CubeIDE/plugins/com.st.stm32cube.ide.mcu.externaltools.gnu-tools-for-stm32.13.3.rel1.win32_1.0.0.202411081344/tools/bin/../lib/gcc/arm-none-eabi/13.3.1/../../../../arm-none-eabi/lib/thumb/v8-m.main+fp/hard\libc_nano.a(libc_a-writer.o)
                0x0801311c                _write_r
 .text.__errno  0x08013140        0xc C:/ST/STM32CubeIDE_1.19.0/STM32CubeIDE/plugins/com.st.stm32cube.ide.mcu.externaltools.gnu-tools-for-stm32.13.3.rel1.win32_1.0.0.202411081344/tools/bin/../lib/gcc/arm-none-eabi/13.3.1/../../../../arm-none-eabi/lib/thumb/v8-m.main+fp/hard\libc_nano.a(libc_a-errno.o)
                0x08013140                __errno
 .text.__libc_init_array
                0x0801314c       0x48 C:/ST/STM32CubeIDE_1.19.0/STM32CubeIDE/plugins/com.st.stm32cube.ide.mcu.externaltools.gnu-tools-for-stm32.13.3.rel1.win32_1.0.0.202411081344/tools/bin/../lib/gcc/arm-none-eabi/13.3.1/../../../../arm-none-eabi/lib/thumb/v8-m.main+fp/hard\libc_nano.a(libc_a-init.o)
                0x0801314c                __libc_init_array
 .text.__retarget_lock_init_recursive
                0x08013194        0x2 C:/ST/STM32CubeIDE_1.19.0/STM32CubeIDE/plugins/com.st.stm32cube.ide.mcu.externaltools.gnu-tools-for-stm32.13.3.rel1.win32_1.0.0.202411081344/tools/bin/../lib/gcc/arm-none-eabi/13.3.1/../../../../arm-none-eabi/lib/thumb/v8-m.main+fp/hard\libc_nano.a(libc_a-lock.o)
                0x08013194                __retarget_lock_init_recursive
 .text.__retarget_lock_acquire_recursive
                0x08013196        0x2 C:/ST/STM32CubeIDE_1.19.0/STM32CubeIDE/plugins/com.st.stm32cube.ide.mcu.externaltools.gnu-tools-for-stm32.13.3.rel1.win32_1.0.0.202411081344/tools/bin/../lib/gcc/arm-none-eabi/13.3.1/../../../../arm-none-eabi/lib/thumb/v8-m.main+fp/hard\libc_nano.a(libc_a-lock.o)
                0x08013196                __retarget_lock_acquire_recursive
 .text.__retarget_lock_release_recursive
                0x08013198        0x2 C:/ST/STM32CubeIDE_1.19.0/STM32CubeIDE/plugins/com.st.stm32cube.ide.mcu.externaltools.gnu-tools-for-stm32.13.3.rel1.win32_1.0.0.202411081344/tools/bin/../lib/gcc/arm-none-eabi/13.3.1/../../../../arm-none-eabi/lib/thumb/v8-m.main+fp/hard\libc_nano.a(libc_a-lock.o)
                0x08013198                __retarget_lock_release_recursive
 .text.memchr   0x0801319a       0x1c C:/ST/STM32CubeIDE_1.19.0/STM32CubeIDE/plugins/com.st.stm32cube.ide.mcu.externaltools.gnu-tools-for-stm32.13.3.rel1.win32_1.0.0.202411081344/tools/bin/../lib/gcc/arm-none-eabi/13.3.1/../../../../arm-none-eabi/lib/thumb/v8-m.main+fp/hard\libc_nano.a(libc_a-memchr-stub.o)
                0x0801319a                memchr
 .text.quorem   0x080131b6      0x11a C:/ST/STM32CubeIDE_1.19.0/STM32CubeIDE/plugins/com.st.stm32cube.ide.mcu.externaltools.gnu-tools-for-stm32.13.3.rel1.win32_1.0.0.202411081344/tools/bin/../lib/gcc/arm-none-eabi/13.3.1/../../../../arm-none-eabi/lib/thumb/v8-m.main+fp/hard\libc_nano.a(libc_a-dtoa.o)
 .text._dtoa_r  0x080132d0      0xba4 C:/ST/STM32CubeIDE_1.19.0/STM32CubeIDE/plugins/com.st.stm32cube.ide.mcu.externaltools.gnu-tools-for-stm32.13.3.rel1.win32_1.0.0.202411081344/tools/bin/../lib/gcc/arm-none-eabi/13.3.1/../../../../arm-none-eabi/lib/thumb/v8-m.main+fp/hard\libc_nano.a(libc_a-dtoa.o)
                0x080132d0                _dtoa_r
 .text._free_r  0x08013e74       0x94 C:/ST/STM32CubeIDE_1.19.0/STM32CubeIDE/plugins/com.st.stm32cube.ide.mcu.externaltools.gnu-tools-for-stm32.13.3.rel1.win32_1.0.0.202411081344/tools/bin/../lib/gcc/arm-none-eabi/13.3.1/../../../../arm-none-eabi/lib/thumb/v8-m.main+fp/hard\libc_nano.a(libc_a-freer.o)
                0x08013e74                _free_r
 .text.malloc   0x08013f08       0x10 C:/ST/STM32CubeIDE_1.19.0/STM32CubeIDE/plugins/com.st.stm32cube.ide.mcu.externaltools.gnu-tools-for-stm32.13.3.rel1.win32_1.0.0.202411081344/tools/bin/../lib/gcc/arm-none-eabi/13.3.1/../../../../arm-none-eabi/lib/thumb/v8-m.main+fp/hard\libc_nano.a(libc_a-malloc.o)
                0x08013f08                malloc
 .text.sbrk_aligned
                0x08013f18       0x44 C:/ST/STM32CubeIDE_1.19.0/STM32CubeIDE/plugins/com.st.stm32cube.ide.mcu.externaltools.gnu-tools-for-stm32.13.3.rel1.win32_1.0.0.202411081344/tools/bin/../lib/gcc/arm-none-eabi/13.3.1/../../../../arm-none-eabi/lib/thumb/v8-m.main+fp/hard\libc_nano.a(libc_a-mallocr.o)
 .text._malloc_r
                0x08013f5c      0x100 C:/ST/STM32CubeIDE_1.19.0/STM32CubeIDE/plugins/com.st.stm32cube.ide.mcu.externaltools.gnu-tools-for-stm32.13.3.rel1.win32_1.0.0.202411081344/tools/bin/../lib/gcc/arm-none-eabi/13.3.1/../../../../arm-none-eabi/lib/thumb/v8-m.main+fp/hard\libc_nano.a(libc_a-mallocr.o)
                0x08013f5c                _malloc_r
 .text.__malloc_lock
                0x0801405c        0xc C:/ST/STM32CubeIDE_1.19.0/STM32CubeIDE/plugins/com.st.stm32cube.ide.mcu.externaltools.gnu-tools-for-stm32.13.3.rel1.win32_1.0.0.202411081344/tools/bin/../lib/gcc/arm-none-eabi/13.3.1/../../../../arm-none-eabi/lib/thumb/v8-m.main+fp/hard\libc_nano.a(libc_a-mlock.o)
                0x0801405c                __malloc_lock
 .text.__malloc_unlock
                0x08014068        0xc C:/ST/STM32CubeIDE_1.19.0/STM32CubeIDE/plugins/com.st.stm32cube.ide.mcu.externaltools.gnu-tools-for-stm32.13.3.rel1.win32_1.0.0.202411081344/tools/bin/../lib/gcc/arm-none-eabi/13.3.1/../../../../arm-none-eabi/lib/thumb/v8-m.main+fp/hard\libc_nano.a(libc_a-mlock.o)
                0x08014068                __malloc_unlock
 .text._Balloc  0x08014074       0x80 C:/ST/STM32CubeIDE_1.19.0/STM32CubeIDE/plugins/com.st.stm32cube.ide.mcu.externaltools.gnu-tools-for-stm32.13.3.rel1.win32_1.0.0.202411081344/tools/bin/../lib/gcc/arm-none-eabi/13.3.1/../../../../arm-none-eabi/lib/thumb/v8-m.main+fp/hard\libc_nano.a(libc_a-mprec.o)
                0x08014074                _Balloc
 .text._Bfree   0x080140f4       0x44 C:/ST/STM32CubeIDE_1.19.0/STM32CubeIDE/plugins/com.st.stm32cube.ide.mcu.externaltools.gnu-tools-for-stm32.13.3.rel1.win32_1.0.0.202411081344/tools/bin/../lib/gcc/arm-none-eabi/13.3.1/../../../../arm-none-eabi/lib/thumb/v8-m.main+fp/hard\libc_nano.a(libc_a-mprec.o)
                0x080140f4                _Bfree
 .text.__multadd
                0x08014138       0x90 C:/ST/STM32CubeIDE_1.19.0/STM32CubeIDE/plugins/com.st.stm32cube.ide.mcu.externaltools.gnu-tools-for-stm32.13.3.rel1.win32_1.0.0.202411081344/tools/bin/../lib/gcc/arm-none-eabi/13.3.1/../../../../arm-none-eabi/lib/thumb/v8-m.main+fp/hard\libc_nano.a(libc_a-mprec.o)
                0x08014138                __multadd
 .text.__hi0bits
                0x080141c8       0x3e C:/ST/STM32CubeIDE_1.19.0/STM32CubeIDE/plugins/com.st.stm32cube.ide.mcu.externaltools.gnu-tools-for-stm32.13.3.rel1.win32_1.0.0.202411081344/tools/bin/../lib/gcc/arm-none-eabi/13.3.1/../../../../arm-none-eabi/lib/thumb/v8-m.main+fp/hard\libc_nano.a(libc_a-mprec.o)
                0x080141c8                __hi0bits
 .text.__lo0bits
                0x08014206       0x5a C:/ST/STM32CubeIDE_1.19.0/STM32CubeIDE/plugins/com.st.stm32cube.ide.mcu.externaltools.gnu-tools-for-stm32.13.3.rel1.win32_1.0.0.202411081344/tools/bin/../lib/gcc/arm-none-eabi/13.3.1/../../../../arm-none-eabi/lib/thumb/v8-m.main+fp/hard\libc_nano.a(libc_a-mprec.o)
                0x08014206                __lo0bits
 .text.__i2b    0x08014260       0x2c C:/ST/STM32CubeIDE_1.19.0/STM32CubeIDE/plugins/com.st.stm32cube.ide.mcu.externaltools.gnu-tools-for-stm32.13.3.rel1.win32_1.0.0.202411081344/tools/bin/../lib/gcc/arm-none-eabi/13.3.1/../../../../arm-none-eabi/lib/thumb/v8-m.main+fp/hard\libc_nano.a(libc_a-mprec.o)
                0x08014260                __i2b
 .text.__multiply
                0x0801428c      0x148 C:/ST/STM32CubeIDE_1.19.0/STM32CubeIDE/plugins/com.st.stm32cube.ide.mcu.externaltools.gnu-tools-for-stm32.13.3.rel1.win32_1.0.0.202411081344/tools/bin/../lib/gcc/arm-none-eabi/13.3.1/../../../../arm-none-eabi/lib/thumb/v8-m.main+fp/hard\libc_nano.a(libc_a-mprec.o)
                0x0801428c                __multiply
 .text.__pow5mult
                0x080143d4       0xb4 C:/ST/STM32CubeIDE_1.19.0/STM32CubeIDE/plugins/com.st.stm32cube.ide.mcu.externaltools.gnu-tools-for-stm32.13.3.rel1.win32_1.0.0.202411081344/tools/bin/../lib/gcc/arm-none-eabi/13.3.1/../../../../arm-none-eabi/lib/thumb/v8-m.main+fp/hard\libc_nano.a(libc_a-mprec.o)
                0x080143d4                __pow5mult
 .text.__lshift
                0x08014488       0xd8 C:/ST/STM32CubeIDE_1.19.0/STM32CubeIDE/plugins/com.st.stm32cube.ide.mcu.externaltools.gnu-tools-for-stm32.13.3.rel1.win32_1.0.0.202411081344/tools/bin/../lib/gcc/arm-none-eabi/13.3.1/../../../../arm-none-eabi/lib/thumb/v8-m.main+fp/hard\libc_nano.a(libc_a-mprec.o)
                0x08014488                __lshift
 .text.__mcmp   0x08014560       0x36 C:/ST/STM32CubeIDE_1.19.0/STM32CubeIDE/plugins/com.st.stm32cube.ide.mcu.externaltools.gnu-tools-for-stm32.13.3.rel1.win32_1.0.0.202411081344/tools/bin/../lib/gcc/arm-none-eabi/13.3.1/../../../../arm-none-eabi/lib/thumb/v8-m.main+fp/hard\libc_nano.a(libc_a-mprec.o)
                0x08014560                __mcmp
 *fill*         0x08014596        0x2 
 .text.__mdiff  0x08014598      0x130 C:/ST/STM32CubeIDE_1.19.0/STM32CubeIDE/plugins/com.st.stm32cube.ide.mcu.externaltools.gnu-tools-for-stm32.13.3.rel1.win32_1.0.0.202411081344/tools/bin/../lib/gcc/arm-none-eabi/13.3.1/../../../../arm-none-eabi/lib/thumb/v8-m.main+fp/hard\libc_nano.a(libc_a-mprec.o)
                0x08014598                __mdiff
 .text.__d2b    0x080146c8       0xb0 C:/ST/STM32CubeIDE_1.19.0/STM32CubeIDE/plugins/com.st.stm32cube.ide.mcu.externaltools.gnu-tools-for-stm32.13.3.rel1.win32_1.0.0.202411081344/tools/bin/../lib/gcc/arm-none-eabi/13.3.1/../../../../arm-none-eabi/lib/thumb/v8-m.main+fp/hard\libc_nano.a(libc_a-mprec.o)
                0x080146c8                __d2b
 .text.__ssputs_r
                0x08014778       0xb6 C:/ST/STM32CubeIDE_1.19.0/STM32CubeIDE/plugins/com.st.stm32cube.ide.mcu.externaltools.gnu-tools-for-stm32.13.3.rel1.win32_1.0.0.202411081344/tools/bin/../lib/gcc/arm-none-eabi/13.3.1/../../../../arm-none-eabi/lib/thumb/v8-m.main+fp/hard\libc_nano.a(libc_a-nano-svfprintf.o)
                0x08014778                __ssputs_r
 *fill*         0x0801482e        0x2 
 .text._svfprintf_r
                0x08014830      0x1f8 C:/ST/STM32CubeIDE_1.19.0/STM32CubeIDE/plugins/com.st.stm32cube.ide.mcu.externaltools.gnu-tools-for-stm32.13.3.rel1.win32_1.0.0.202411081344/tools/bin/../lib/gcc/arm-none-eabi/13.3.1/../../../../arm-none-eabi/lib/thumb/v8-m.main+fp/hard\libc_nano.a(libc_a-nano-svfprintf.o)
                0x08014830                _svfiprintf_r
                0x08014830                _svfprintf_r
 .text.__sfputc_r
                0x08014a28       0x2e C:/ST/STM32CubeIDE_1.19.0/STM32CubeIDE/plugins/com.st.stm32cube.ide.mcu.externaltools.gnu-tools-for-stm32.13.3.rel1.win32_1.0.0.202411081344/tools/bin/../lib/gcc/arm-none-eabi/13.3.1/../../../../arm-none-eabi/lib/thumb/v8-m.main+fp/hard\libc_nano.a(libc_a-nano-vfprintf.o)
 .text.__sfputs_r
                0x08014a56       0x24 C:/ST/STM32CubeIDE_1.19.0/STM32CubeIDE/plugins/com.st.stm32cube.ide.mcu.externaltools.gnu-tools-for-stm32.13.3.rel1.win32_1.0.0.202411081344/tools/bin/../lib/gcc/arm-none-eabi/13.3.1/../../../../arm-none-eabi/lib/thumb/v8-m.main+fp/hard\libc_nano.a(libc_a-nano-vfprintf.o)
                0x08014a56                __sfputs_r
 *fill*         0x08014a7a        0x2 
 .text._vfprintf_r
                0x08014a7c      0x230 C:/ST/STM32CubeIDE_1.19.0/STM32CubeIDE/plugins/com.st.stm32cube.ide.mcu.externaltools.gnu-tools-for-stm32.13.3.rel1.win32_1.0.0.202411081344/tools/bin/../lib/gcc/arm-none-eabi/13.3.1/../../../../arm-none-eabi/lib/thumb/v8-m.main+fp/hard\libc_nano.a(libc_a-nano-vfprintf.o)
                0x08014a7c                _vfprintf_r
                0x08014a7c                _vfiprintf_r
 .text.__sflush_r
                0x08014cac      0x108 C:/ST/STM32CubeIDE_1.19.0/STM32CubeIDE/plugins/com.st.stm32cube.ide.mcu.externaltools.gnu-tools-for-stm32.13.3.rel1.win32_1.0.0.202411081344/tools/bin/../lib/gcc/arm-none-eabi/13.3.1/../../../../arm-none-eabi/lib/thumb/v8-m.main+fp/hard\libc_nano.a(libc_a-fflush.o)
                0x08014cac                __sflush_r
 .text._fflush_r
                0x08014db4       0x50 C:/ST/STM32CubeIDE_1.19.0/STM32CubeIDE/plugins/com.st.stm32cube.ide.mcu.externaltools.gnu-tools-for-stm32.13.3.rel1.win32_1.0.0.202411081344/tools/bin/../lib/gcc/arm-none-eabi/13.3.1/../../../../arm-none-eabi/lib/thumb/v8-m.main+fp/hard\libc_nano.a(libc_a-fflush.o)
                0x08014db4                _fflush_r
 .text.__swhatbuf_r
                0x08014e04       0x4a C:/ST/STM32CubeIDE_1.19.0/STM32CubeIDE/plugins/com.st.stm32cube.ide.mcu.externaltools.gnu-tools-for-stm32.13.3.rel1.win32_1.0.0.202411081344/tools/bin/../lib/gcc/arm-none-eabi/13.3.1/../../../../arm-none-eabi/lib/thumb/v8-m.main+fp/hard\libc_nano.a(libc_a-makebuf.o)
                0x08014e04                __swhatbuf_r
 .text.__smakebuf_r
                0x08014e4e       0x78 C:/ST/STM32CubeIDE_1.19.0/STM32CubeIDE/plugins/com.st.stm32cube.ide.mcu.externaltools.gnu-tools-for-stm32.13.3.rel1.win32_1.0.0.202411081344/tools/bin/../lib/gcc/arm-none-eabi/13.3.1/../../../../arm-none-eabi/lib/thumb/v8-m.main+fp/hard\libc_nano.a(libc_a-makebuf.o)
                0x08014e4e                __smakebuf_r
 .text.memmove  0x08014ec6       0x34 C:/ST/STM32CubeIDE_1.19.0/STM32CubeIDE/plugins/com.st.stm32cube.ide.mcu.externaltools.gnu-tools-for-stm32.13.3.rel1.win32_1.0.0.202411081344/tools/bin/../lib/gcc/arm-none-eabi/13.3.1/../../../../arm-none-eabi/lib/thumb/v8-m.main+fp/hard\libc_nano.a(libc_a-memmove.o)
                0x08014ec6                memmove
 *fill*         0x08014efa        0x2 
 .text._fstat_r
                0x08014efc       0x24 C:/ST/STM32CubeIDE_1.19.0/STM32CubeIDE/plugins/com.st.stm32cube.ide.mcu.externaltools.gnu-tools-for-stm32.13.3.rel1.win32_1.0.0.202411081344/tools/bin/../lib/gcc/arm-none-eabi/13.3.1/../../../../arm-none-eabi/lib/thumb/v8-m.main+fp/hard\libc_nano.a(libc_a-fstatr.o)
                0x08014efc                _fstat_r
 .text._isatty_r
                0x08014f20       0x20 C:/ST/STM32CubeIDE_1.19.0/STM32CubeIDE/plugins/com.st.stm32cube.ide.mcu.externaltools.gnu-tools-for-stm32.13.3.rel1.win32_1.0.0.202411081344/tools/bin/../lib/gcc/arm-none-eabi/13.3.1/../../../../arm-none-eabi/lib/thumb/v8-m.main+fp/hard\libc_nano.a(libc_a-isattyr.o)
                0x08014f20                _isatty_r
 .text._sbrk_r  0x08014f40       0x20 C:/ST/STM32CubeIDE_1.19.0/STM32CubeIDE/plugins/com.st.stm32cube.ide.mcu.externaltools.gnu-tools-for-stm32.13.3.rel1.win32_1.0.0.202411081344/tools/bin/../lib/gcc/arm-none-eabi/13.3.1/../../../../arm-none-eabi/lib/thumb/v8-m.main+fp/hard\libc_nano.a(libc_a-sbrkr.o)
                0x08014f40                _sbrk_r
 .text.memcpy   0x08014f60       0x1a C:/ST/STM32CubeIDE_1.19.0/STM32CubeIDE/plugins/com.st.stm32cube.ide.mcu.externaltools.gnu-tools-for-stm32.13.3.rel1.win32_1.0.0.202411081344/tools/bin/../lib/gcc/arm-none-eabi/13.3.1/../../../../arm-none-eabi/lib/thumb/v8-m.main+fp/hard\libc_nano.a(libc_a-memcpy-stub.o)
                0x08014f60                memcpy
 *fill*         0x08014f7a        0x2 
 .text.__assert_func
                0x08014f7c       0x3c C:/ST/STM32CubeIDE_1.19.0/STM32CubeIDE/plugins/com.st.stm32cube.ide.mcu.externaltools.gnu-tools-for-stm32.13.3.rel1.win32_1.0.0.202411081344/tools/bin/../lib/gcc/arm-none-eabi/13.3.1/../../../../arm-none-eabi/lib/thumb/v8-m.main+fp/hard\libc_nano.a(libc_a-assert.o)
                0x08014f7c                __assert_func
 .text._calloc_r
                0x08014fb8       0x28 C:/ST/STM32CubeIDE_1.19.0/STM32CubeIDE/plugins/com.st.stm32cube.ide.mcu.externaltools.gnu-tools-for-stm32.13.3.rel1.win32_1.0.0.202411081344/tools/bin/../lib/gcc/arm-none-eabi/13.3.1/../../../../arm-none-eabi/lib/thumb/v8-m.main+fp/hard\libc_nano.a(libc_a-callocr.o)
                0x08014fb8                _calloc_r
 .text.__ascii_mbtowc
                0x08014fe0       0x24 C:/ST/STM32CubeIDE_1.19.0/STM32CubeIDE/plugins/com.st.stm32cube.ide.mcu.externaltools.gnu-tools-for-stm32.13.3.rel1.win32_1.0.0.202411081344/tools/bin/../lib/gcc/arm-none-eabi/13.3.1/../../../../arm-none-eabi/lib/thumb/v8-m.main+fp/hard\libc_nano.a(libc_a-mbtowc_r.o)
                0x08014fe0                __ascii_mbtowc
 .text._realloc_r
                0x08015004       0x5c C:/ST/STM32CubeIDE_1.19.0/STM32CubeIDE/plugins/com.st.stm32cube.ide.mcu.externaltools.gnu-tools-for-stm32.13.3.rel1.win32_1.0.0.202411081344/tools/bin/../lib/gcc/arm-none-eabi/13.3.1/../../../../arm-none-eabi/lib/thumb/v8-m.main+fp/hard\libc_nano.a(libc_a-reallocr.o)
                0x08015004                _realloc_r
 .text.__ascii_wctomb