../src/apps/sntp/sntp.c:291:1:sntp_process	24	static
../src/apps/sntp/sntp.c:341:1:sntp_initialize_request	16	static
../src/apps/sntp/sntp.c:371:1:sntp_retry	24	static
../src/apps/sntp/sntp.c:457:1:sntp_recv	40	static
../src/apps/sntp/sntp.c:561:1:sntp_send_request	24	static
../src/apps/sntp/sntp.c:626:1:sntp_request	24	static
../src/apps/sntp/sntp.c:672:1:sntp_init	8	static
../src/apps/sntp/sntp.c:711:1:sntp_stop	16	static
../src/apps/sntp/sntp.c:732:6:sntp_enabled	4	static
../src/apps/sntp/sntp.c:743:1:sntp_setoperatingmode	16	static
../src/apps/sntp/sntp.c:756:1:sntp_getoperatingmode	4	static
../src/apps/sntp/sntp.c:769:1:sntp_getreachability	16	static
../src/apps/sntp/sntp.c:802:1:sntp_setserver	16	static
../src/apps/sntp/sntp.c:883:1:sntp_getserver	16	static
../src/apps/sntp/sntp.c:900:1:sntp_getkodreceived	16	static
