../Drivers/BSP/STM32H573I-DK/stm32h573i_discovery_audio.c:227:9:BSP_AUDIO_OUT_Init	88	static
../Drivers/BSP/STM32H573I-DK/stm32h573i_discovery_audio.c:382:9:BSP_AUDIO_OUT_DeInit	24	static
../Drivers/BSP/STM32H573I-DK/stm32h573i_discovery_audio.c:439:9:BSP_AUDIO_OUT_Play	32	static
../Drivers/BSP/STM32H573I-DK/stm32h573i_discovery_audio.c:488:9:BSP_AUDIO_OUT_Pause	24	static
../Drivers/BSP/STM32H573I-DK/stm32h573i_discovery_audio.c:524:9:BSP_AUDIO_OUT_Resume	24	static
../Drivers/BSP/STM32H573I-DK/stm32h573i_discovery_audio.c:560:9:BSP_AUDIO_OUT_Stop	24	static
../Drivers/BSP/STM32H573I-DK/stm32h573i_discovery_audio.c:601:9:BSP_AUDIO_OUT_Mute	24	static
../Drivers/BSP/STM32H573I-DK/stm32h573i_discovery_audio.c:637:9:BSP_AUDIO_OUT_UnMute	24	static
../Drivers/BSP/STM32H573I-DK/stm32h573i_discovery_audio.c:674:9:BSP_AUDIO_OUT_IsMute	24	static
../Drivers/BSP/STM32H573I-DK/stm32h573i_discovery_audio.c:701:9:BSP_AUDIO_OUT_SetVolume	24	static
../Drivers/BSP/STM32H573I-DK/stm32h573i_discovery_audio.c:736:9:BSP_AUDIO_OUT_GetVolume	24	static
../Drivers/BSP/STM32H573I-DK/stm32h573i_discovery_audio.c:763:9:BSP_AUDIO_OUT_SetSampleRate	24	static
../Drivers/BSP/STM32H573I-DK/stm32h573i_discovery_audio.c:830:9:BSP_AUDIO_OUT_GetSampleRate	24	static
../Drivers/BSP/STM32H573I-DK/stm32h573i_discovery_audio.c:857:9:BSP_AUDIO_OUT_SetDevice	24	static
../Drivers/BSP/STM32H573I-DK/stm32h573i_discovery_audio.c:885:9:BSP_AUDIO_OUT_GetDevice	24	static
../Drivers/BSP/STM32H573I-DK/stm32h573i_discovery_audio.c:912:9:BSP_AUDIO_OUT_SetBitsPerSample	24	static
../Drivers/BSP/STM32H573I-DK/stm32h573i_discovery_audio.c:989:9:BSP_AUDIO_OUT_GetBitsPerSample	24	static
../Drivers/BSP/STM32H573I-DK/stm32h573i_discovery_audio.c:1016:9:BSP_AUDIO_OUT_SetChannelsNbr	24	static
../Drivers/BSP/STM32H573I-DK/stm32h573i_discovery_audio.c:1069:9:BSP_AUDIO_OUT_GetChannelsNbr	24	static
../Drivers/BSP/STM32H573I-DK/stm32h573i_discovery_audio.c:1096:9:BSP_AUDIO_OUT_GetState	24	static
../Drivers/BSP/STM32H573I-DK/stm32h573i_discovery_audio.c:1118:6:BSP_AUDIO_OUT_IRQHandler	16	static
../Drivers/BSP/STM32H573I-DK/stm32h573i_discovery_audio.c:1133:6:HAL_SAI_TxCpltCallback	16	static
../Drivers/BSP/STM32H573I-DK/stm32h573i_discovery_audio.c:1148:6:HAL_SAI_TxHalfCpltCallback	16	static
../Drivers/BSP/STM32H573I-DK/stm32h573i_discovery_audio.c:1163:6:HAL_SAI_ErrorCallback	16	static
../Drivers/BSP/STM32H573I-DK/stm32h573i_discovery_audio.c:1250:13:BSP_AUDIO_OUT_TransferComplete_CallBack	16	static
../Drivers/BSP/STM32H573I-DK/stm32h573i_discovery_audio.c:1261:13:BSP_AUDIO_OUT_HalfTransfer_CallBack	16	static
../Drivers/BSP/STM32H573I-DK/stm32h573i_discovery_audio.c:1272:13:BSP_AUDIO_OUT_Error_CallBack	16	static
../Drivers/BSP/STM32H573I-DK/stm32h573i_discovery_audio.c:1286:26:MX_SAI1_ClockConfig	296	static
../Drivers/BSP/STM32H573I-DK/stm32h573i_discovery_audio.c:1342:26:MX_SAI2_ClockConfig	296	static
../Drivers/BSP/STM32H573I-DK/stm32h573i_discovery_audio.c:1396:26:MX_SAI2_Init	24	static
../Drivers/BSP/STM32H573I-DK/stm32h573i_discovery_audio.c:1576:9:BSP_AUDIO_IN_Init	88	static
../Drivers/BSP/STM32H573I-DK/stm32h573i_discovery_audio.c:1803:9:BSP_AUDIO_IN_DeInit	24	static
../Drivers/BSP/STM32H573I-DK/stm32h573i_discovery_audio.c:1879:9:BSP_AUDIO_IN_Record	32	static
../Drivers/BSP/STM32H573I-DK/stm32h573i_discovery_audio.c:1924:9:BSP_AUDIO_IN_Stop	24	static
../Drivers/BSP/STM32H573I-DK/stm32h573i_discovery_audio.c:1964:9:BSP_AUDIO_IN_Pause	24	static
../Drivers/BSP/STM32H573I-DK/stm32h573i_discovery_audio.c:2004:9:BSP_AUDIO_IN_Resume	24	static
../Drivers/BSP/STM32H573I-DK/stm32h573i_discovery_audio.c:2046:9:BSP_AUDIO_IN_RecordPDM	32	static
../Drivers/BSP/STM32H573I-DK/stm32h573i_discovery_audio.c:2078:9:BSP_AUDIO_IN_SetDevice	40	static
../Drivers/BSP/STM32H573I-DK/stm32h573i_discovery_audio.c:2115:9:BSP_AUDIO_IN_GetDevice	24	static
../Drivers/BSP/STM32H573I-DK/stm32h573i_discovery_audio.c:2137:9:BSP_AUDIO_IN_SetSampleRate	40	static
../Drivers/BSP/STM32H573I-DK/stm32h573i_discovery_audio.c:2173:9:BSP_AUDIO_IN_GetSampleRate	24	static
../Drivers/BSP/STM32H573I-DK/stm32h573i_discovery_audio.c:2197:9:BSP_AUDIO_IN_SetBitsPerSample	40	static
../Drivers/BSP/STM32H573I-DK/stm32h573i_discovery_audio.c:2233:9:BSP_AUDIO_IN_GetBitsPerSample	24	static
../Drivers/BSP/STM32H573I-DK/stm32h573i_discovery_audio.c:2255:9:BSP_AUDIO_IN_SetChannelsNbr	24	static
../Drivers/BSP/STM32H573I-DK/stm32h573i_discovery_audio.c:2278:9:BSP_AUDIO_IN_GetChannelsNbr	24	static
../Drivers/BSP/STM32H573I-DK/stm32h573i_discovery_audio.c:2300:9:BSP_AUDIO_IN_SetVolume	24	static
../Drivers/BSP/STM32H573I-DK/stm32h573i_discovery_audio.c:2324:9:BSP_AUDIO_IN_GetVolume	24	static
../Drivers/BSP/STM32H573I-DK/stm32h573i_discovery_audio.c:2347:9:BSP_AUDIO_IN_GetState	24	static
../Drivers/BSP/STM32H573I-DK/stm32h573i_discovery_audio.c:2372:6:BSP_AUDIO_IN_IRQHandler	16	static
../Drivers/BSP/STM32H573I-DK/stm32h573i_discovery_audio.c:2388:26:MX_SAI1_Init	24	static
../Drivers/BSP/STM32H573I-DK/stm32h573i_discovery_audio.c:2466:6:HAL_SAI_RxHalfCpltCallback	16	static
../Drivers/BSP/STM32H573I-DK/stm32h573i_discovery_audio.c:2484:6:HAL_SAI_RxCpltCallback	16	static
../Drivers/BSP/STM32H573I-DK/stm32h573i_discovery_audio.c:2502:13:BSP_AUDIO_IN_TransferComplete_CallBack	16	static
../Drivers/BSP/STM32H573I-DK/stm32h573i_discovery_audio.c:2516:13:BSP_AUDIO_IN_HalfTransfer_CallBack	16	static
../Drivers/BSP/STM32H573I-DK/stm32h573i_discovery_audio.c:2530:13:BSP_AUDIO_IN_Error_CallBack	16	static
../Drivers/BSP/STM32H573I-DK/stm32h573i_discovery_audio.c:2597:16:CS42L51_Probe	40	static
../Drivers/BSP/STM32H573I-DK/stm32h573i_discovery_audio.c:2637:16:CS42L51_PowerUp	32	static
../Drivers/BSP/STM32H573I-DK/stm32h573i_discovery_audio.c:2661:16:CS42L51_PowerDown	32	static
../Drivers/BSP/STM32H573I-DK/stm32h573i_discovery_audio.c:2678:13:SAI_MspInit	88	static
../Drivers/BSP/STM32H573I-DK/stm32h573i_discovery_audio.c:2999:13:SAI_MspDeInit	16	static
