../Drivers/BSP/STM32H573I-DK/stm32h573i_discovery_lcd.c:140:9:BSP_LCD_Init	24	static
../Drivers/BSP/STM32H573I-DK/stm32h573i_discovery_lcd.c:175:9:BSP_LCD_DeInit	24	static
../Drivers/BSP/STM32H573I-DK/stm32h573i_discovery_lcd.c:208:26:MX_FMC_BANK1_Init	16	static
../Drivers/BSP/STM32H573I-DK/stm32h573i_discovery_lcd.c:249:9:BSP_LCD_GetPixelFormat	24	static
../Drivers/BSP/STM32H573I-DK/stm32h573i_discovery_lcd.c:273:9:BSP_LCD_GetXSize	24	static
../Drivers/BSP/STM32H573I-DK/stm32h573i_discovery_lcd.c:298:9:BSP_LCD_GetYSize	24	static
../Drivers/BSP/STM32H573I-DK/stm32h573i_discovery_lcd.c:325:9:BSP_LCD_ReadPixel	40	static
../Drivers/BSP/STM32H573I-DK/stm32h573i_discovery_lcd.c:356:9:BSP_LCD_WritePixel	40	static
../Drivers/BSP/STM32H573I-DK/stm32h573i_discovery_lcd.c:388:9:BSP_LCD_DrawHLine	48	static
../Drivers/BSP/STM32H573I-DK/stm32h573i_discovery_lcd.c:420:9:BSP_LCD_DrawVLine	48	static
../Drivers/BSP/STM32H573I-DK/stm32h573i_discovery_lcd.c:451:9:BSP_LCD_DrawBitmap	40	static
../Drivers/BSP/STM32H573I-DK/stm32h573i_discovery_lcd.c:484:9:BSP_LCD_FillRGBRect	48	static
../Drivers/BSP/STM32H573I-DK/stm32h573i_discovery_lcd.c:518:9:BSP_LCD_FillRect	48	static
../Drivers/BSP/STM32H573I-DK/stm32h573i_discovery_lcd.c:547:9:BSP_LCD_DisplayOn	24	static
../Drivers/BSP/STM32H573I-DK/stm32h573i_discovery_lcd.c:575:9:BSP_LCD_DisplayOff	24	static
../Drivers/BSP/STM32H573I-DK/stm32h573i_discovery_lcd.c:605:9:BSP_LCD_SetBrightness	24	static
../Drivers/BSP/STM32H573I-DK/stm32h573i_discovery_lcd.c:628:9:BSP_LCD_GetBrightness	24	static
../Drivers/BSP/STM32H573I-DK/stm32h573i_discovery_lcd.c:652:9:BSP_LCD_SetOrientation	24	static
../Drivers/BSP/STM32H573I-DK/stm32h573i_discovery_lcd.c:682:9:BSP_LCD_GetOrientation	24	static
../Drivers/BSP/STM32H573I-DK/stm32h573i_discovery_lcd.c:788:13:ST7789H2_PowerUp	40	static
../Drivers/BSP/STM32H573I-DK/stm32h573i_discovery_lcd.c:830:13:ST7789H2_PowerDown	32	static
../Drivers/BSP/STM32H573I-DK/stm32h573i_discovery_lcd.c:853:16:ST7789H2_Probe	56	static
../Drivers/BSP/STM32H573I-DK/stm32h573i_discovery_lcd.c:903:16:LCD_FMC_Init	16	static
../Drivers/BSP/STM32H573I-DK/stm32h573i_discovery_lcd.c:942:16:LCD_FMC_DeInit	16	static
../Drivers/BSP/STM32H573I-DK/stm32h573i_discovery_lcd.c:964:16:LCD_FMC_WriteReg16	32	static
../Drivers/BSP/STM32H573I-DK/stm32h573i_discovery_lcd.c:998:16:LCD_FMC_ReadReg16	40	static
../Drivers/BSP/STM32H573I-DK/stm32h573i_discovery_lcd.c:1032:16:LCD_FMC_Send	24	static
../Drivers/BSP/STM32H573I-DK/stm32h573i_discovery_lcd.c:1060:16:LCD_FMC_GetTick	8	static
../Drivers/BSP/STM32H573I-DK/stm32h573i_discovery_lcd.c:1068:13:FMC_BANK1_MspInit	56	static
../Drivers/BSP/STM32H573I-DK/stm32h573i_discovery_lcd.c:1122:13:FMC_BANK1_MspDeInit	40	static
